../Core/Drivers/BSP/STM32F429-Discovery/stm32f429i_discovery_lcd.c:137:9:BSP_LCD_Init	8	static
../Core/Drivers/BSP/STM32F429-Discovery/stm32f429i_discovery_lcd.c:220:10:BSP_LCD_GetXSize	8	static
../Core/Drivers/BSP/STM32F429-Discovery/stm32f429i_discovery_lcd.c:229:10:BSP_LCD_GetYSize	8	static
../Core/Drivers/BSP/STM32F429-Discovery/stm32f429i_discovery_lcd.c:239:6:BSP_LCD_LayerDefaultInit	72	static
../Core/Drivers/BSP/STM32F429-Discovery/stm32f429i_discovery_lcd.c:274:6:BSP_LCD_SelectLayer	16	static
../Core/Drivers/BSP/STM32F429-Discovery/stm32f429i_discovery_lcd.c:285:6:BSP_LCD_SetLayerVisible	16	static
../Core/Drivers/BSP/STM32F429-Discovery/stm32f429i_discovery_lcd.c:307:6:BSP_LCD_SetLayerVisible_NoReload	16	static
../Core/Drivers/BSP/STM32F429-Discovery/stm32f429i_discovery_lcd.c:326:6:BSP_LCD_SetTransparency	16	static
../Core/Drivers/BSP/STM32F429-Discovery/stm32f429i_discovery_lcd.c:338:6:BSP_LCD_SetTransparency_NoReload	16	static
../Core/Drivers/BSP/STM32F429-Discovery/stm32f429i_discovery_lcd.c:348:6:BSP_LCD_SetLayerAddress	16	static
../Core/Drivers/BSP/STM32F429-Discovery/stm32f429i_discovery_lcd.c:359:6:BSP_LCD_SetLayerAddress_NoReload	16	static
../Core/Drivers/BSP/STM32F429-Discovery/stm32f429i_discovery_lcd.c:372:6:BSP_LCD_SetLayerWindow	24	static
../Core/Drivers/BSP/STM32F429-Discovery/stm32f429i_discovery_lcd.c:390:6:BSP_LCD_SetLayerWindow_NoReload	24	static
../Core/Drivers/BSP/STM32F429-Discovery/stm32f429i_discovery_lcd.c:404:6:BSP_LCD_SetColorKeying	16	static
../Core/Drivers/BSP/STM32F429-Discovery/stm32f429i_discovery_lcd.c:417:6:BSP_LCD_SetColorKeying_NoReload	16	static
../Core/Drivers/BSP/STM32F429-Discovery/stm32f429i_discovery_lcd.c:428:6:BSP_LCD_ResetColorKeying	16	static
../Core/Drivers/BSP/STM32F429-Discovery/stm32f429i_discovery_lcd.c:439:6:BSP_LCD_ResetColorKeying_NoReload	16	static
../Core/Drivers/BSP/STM32F429-Discovery/stm32f429i_discovery_lcd.c:452:6:BSP_LCD_Relaod	16	static
../Core/Drivers/BSP/STM32F429-Discovery/stm32f429i_discovery_lcd.c:461:10:BSP_LCD_GetTextColor	4	static
../Core/Drivers/BSP/STM32F429-Discovery/stm32f429i_discovery_lcd.c:470:10:BSP_LCD_GetBackColor	4	static
../Core/Drivers/BSP/STM32F429-Discovery/stm32f429i_discovery_lcd.c:479:6:BSP_LCD_SetTextColor	16	static
../Core/Drivers/BSP/STM32F429-Discovery/stm32f429i_discovery_lcd.c:488:6:BSP_LCD_SetBackColor	16	static
../Core/Drivers/BSP/STM32F429-Discovery/stm32f429i_discovery_lcd.c:497:6:BSP_LCD_SetFont	16	static
../Core/Drivers/BSP/STM32F429-Discovery/stm32f429i_discovery_lcd.c:506:8:BSP_LCD_GetFont	4	static
../Core/Drivers/BSP/STM32F429-Discovery/stm32f429i_discovery_lcd.c:517:10:BSP_LCD_ReadPixel	32	static
../Core/Drivers/BSP/STM32F429-Discovery/stm32f429i_discovery_lcd.c:551:6:BSP_LCD_Clear	40	static
../Core/Drivers/BSP/STM32F429-Discovery/stm32f429i_discovery_lcd.c:562:6:BSP_LCD_ClearStringLine	32	static
../Core/Drivers/BSP/STM32F429-Discovery/stm32f429i_discovery_lcd.c:581:6:BSP_LCD_DisplayChar	24	static
../Core/Drivers/BSP/STM32F429-Discovery/stm32f429i_discovery_lcd.c:599:6:BSP_LCD_DisplayStringAt	56	static
../Core/Drivers/BSP/STM32F429-Discovery/stm32f429i_discovery_lcd.c:703:6:BSP_LCD_DisplayStringAtLine	24	static
../Core/Drivers/BSP/STM32F429-Discovery/stm32f429i_discovery_lcd.c:714:6:BSP_LCD_DrawHLine	40	static
../Core/Drivers/BSP/STM32F429-Discovery/stm32f429i_discovery_lcd.c:731:6:BSP_LCD_DrawVLine	48	static
../Core/Drivers/BSP/STM32F429-Discovery/stm32f429i_discovery_lcd.c:749:6:BSP_LCD_DrawLine	56	static
../Core/Drivers/BSP/STM32F429-Discovery/stm32f429i_discovery_lcd.c:823:6:BSP_LCD_DrawRect	24	static
../Core/Drivers/BSP/STM32F429-Discovery/stm32f429i_discovery_lcd.c:840:6:BSP_LCD_DrawCircle	40	static
../Core/Drivers/BSP/STM32F429-Discovery/stm32f429i_discovery_lcd.c:879:6:BSP_LCD_DrawPolygon	32	static
../Core/Drivers/BSP/STM32F429-Discovery/stm32f429i_discovery_lcd.c:906:6:BSP_LCD_DrawEllipse	64	static
../Core/Drivers/BSP/STM32F429-Discovery/stm32f429i_discovery_lcd.c:939:6:BSP_LCD_DrawBitmap	56	static
../Core/Drivers/BSP/STM32F429-Discovery/stm32f429i_discovery_lcd.c:996:6:BSP_LCD_FillRect	48	static
../Core/Drivers/BSP/STM32F429-Discovery/stm32f429i_discovery_lcd.c:1017:6:BSP_LCD_FillCircle	32	static
../Core/Drivers/BSP/STM32F429-Discovery/stm32f429i_discovery_lcd.c:1068:6:BSP_LCD_FillTriangle	56	static
../Core/Drivers/BSP/STM32F429-Discovery/stm32f429i_discovery_lcd.c:1141:6:BSP_LCD_FillPolygon	64	static
../Core/Drivers/BSP/STM32F429-Discovery/stm32f429i_discovery_lcd.c:1209:6:BSP_LCD_FillEllipse	56	static
../Core/Drivers/BSP/STM32F429-Discovery/stm32f429i_discovery_lcd.c:1236:6:BSP_LCD_DisplayOn	8	static
../Core/Drivers/BSP/STM32F429-Discovery/stm32f429i_discovery_lcd.c:1247:6:BSP_LCD_DisplayOff	8	static
../Core/Drivers/BSP/STM32F429-Discovery/stm32f429i_discovery_lcd.c:1262:13:BSP_LCD_MspInit	64	static
../Core/Drivers/BSP/STM32F429-Discovery/stm32f429i_discovery_lcd.c:1346:6:BSP_LCD_DrawPixel	24	static
../Core/Drivers/BSP/STM32F429-Discovery/stm32f429i_discovery_lcd.c:1358:13:DrawChar	56	static
../Core/Drivers/BSP/STM32F429-Discovery/stm32f429i_discovery_lcd.c:1431:13:FillBuffer	32	static
../Core/Drivers/BSP/STM32F429-Discovery/stm32f429i_discovery_lcd.c:1463:13:ConvertLineToARGB8888	32	static
