Component: ARM Compiler 5.06 update 7 (build 960) Tool: armlink [4d3601]

==============================================================================

Section Cross References

    startup_stm32f429xx.o(STACK) refers (Special) to heapauxi.o(.text) for __use_two_region_memory
    startup_stm32f429xx.o(HEAP) refers (Special) to heapauxi.o(.text) for __use_two_region_memory
    startup_stm32f429xx.o(RESET) refers (Special) to heapauxi.o(.text) for __use_two_region_memory
    startup_stm32f429xx.o(RESET) refers to startup_stm32f429xx.o(STACK) for __initial_sp
    startup_stm32f429xx.o(RESET) refers to startup_stm32f429xx.o(.text) for Reset_Handler
    startup_stm32f429xx.o(RESET) refers to stm32f4xx_it.o(i.NMI_Handler) for NMI_Handler
    startup_stm32f429xx.o(RESET) refers to stm32f4xx_it.o(i.HardFault_Handler) for HardFault_Handler
    startup_stm32f429xx.o(RESET) refers to stm32f4xx_it.o(i.MemManage_Handler) for MemManage_Handler
    startup_stm32f429xx.o(RESET) refers to stm32f4xx_it.o(i.BusFault_Handler) for BusFault_Handler
    startup_stm32f429xx.o(RESET) refers to stm32f4xx_it.o(i.UsageFault_Handler) for UsageFault_Handler
    startup_stm32f429xx.o(RESET) refers to stm32f4xx_it.o(i.SVC_Handler) for SVC_Handler
    startup_stm32f429xx.o(RESET) refers to stm32f4xx_it.o(i.DebugMon_Handler) for DebugMon_Handler
    startup_stm32f429xx.o(RESET) refers to stm32f4xx_it.o(i.PendSV_Handler) for PendSV_Handler
    startup_stm32f429xx.o(RESET) refers to stm32f4xx_it.o(i.SysTick_Handler) for SysTick_Handler
    startup_stm32f429xx.o(RESET) refers to stm32f4xx_it.o(i.TIM6_DAC_IRQHandler) for TIM6_DAC_IRQHandler
    startup_stm32f429xx.o(RESET) refers to stm32f4xx_it.o(i.LTDC_IRQHandler) for LTDC_IRQHandler
    startup_stm32f429xx.o(RESET) refers to stm32f4xx_it.o(i.DMA2D_IRQHandler) for DMA2D_IRQHandler
    startup_stm32f429xx.o(.text) refers (Special) to heapauxi.o(.text) for __use_two_region_memory
    startup_stm32f429xx.o(.text) refers to system_stm32f4xx.o(i.SystemInit) for SystemInit
    startup_stm32f429xx.o(.text) refers to __main.o(!!!main) for __main
    startup_stm32f429xx.o(.text) refers to startup_stm32f429xx.o(HEAP) for Heap_Mem
    startup_stm32f429xx.o(.text) refers to startup_stm32f429xx.o(STACK) for Stack_Mem
    main.o(i.BSP_LCD_printf) refers to stm32f429i_discovery_lcd.o(i.BSP_LCD_GetFont) for BSP_LCD_GetFont
    main.o(i.BSP_LCD_printf) refers to stm32f429i_discovery_lcd.o(i.BSP_LCD_DisplayStringAt) for BSP_LCD_DisplayStringAt
    main.o(i.BarTouch) refers to stm32f429i_discovery_ts.o(i.BSP_TS_GetState) for BSP_TS_GetState
    main.o(i.BarTouch) refers to main.o(i.Drawbar) for Drawbar
    main.o(i.BarTouch) refers to main.o(.data) for .data
    main.o(i.Check4Coll) refers to stm32f429i_discovery_lcd.o(i.BSP_LCD_SetTextColor) for BSP_LCD_SetTextColor
    main.o(i.Check4Coll) refers to stm32f429i_discovery_lcd.o(i.BSP_LCD_FillCircle) for BSP_LCD_FillCircle
    main.o(i.Check4Coll) refers to main.o(i.InitBalls) for InitBalls
    main.o(i.Check4Coll) refers to main.o(i.Drawbar) for Drawbar
    main.o(i.Check4Coll) refers to main.o(i.Initbar) for Initbar
    main.o(i.Check4Coll) refers to touchscreen.o(i.WaitForPressedState) for WaitForPressedState
    main.o(i.Check4Coll) refers to stm32f429i_discovery_lcd.o(i.BSP_LCD_FillRect) for BSP_LCD_FillRect
    main.o(i.Check4Coll) refers to stm32f4xx_hal.o(i.HAL_GetTick) for HAL_GetTick
    main.o(i.Check4Coll) refers to main.o(i.BarTouch) for BarTouch
    main.o(i.Check4Coll) refers to main.o(.bss) for .bss
    main.o(i.Check4Coll) refers to main.o(.data) for .data
    main.o(i.DrawBlocks) refers to stm32f429i_discovery_lcd.o(i.BSP_LCD_SetTextColor) for BSP_LCD_SetTextColor
    main.o(i.DrawBlocks) refers to rand.o(.emb_text) for rand
    main.o(i.DrawBlocks) refers to stm32f429i_discovery_lcd.o(i.BSP_LCD_FillRect) for BSP_LCD_FillRect
    main.o(i.DrawBlocks) refers to stm32f429i_discovery_lcd.o(i.BSP_LCD_DrawRect) for BSP_LCD_DrawRect
    main.o(i.DrawBlocks) refers to main.o(.data) for .data
    main.o(i.DrawBlocks) refers to main.o(.bss) for .bss
    main.o(i.Drawbar) refers to stm32f429i_discovery_lcd.o(i.BSP_LCD_SetTextColor) for BSP_LCD_SetTextColor
    main.o(i.Drawbar) refers to stm32f429i_discovery_lcd.o(i.BSP_LCD_FillRect) for BSP_LCD_FillRect
    main.o(i.Drawbar) refers to main.o(.data) for .data
    main.o(i.HAL_TIM_PeriodElapsedCallback) refers to stm32f4xx_hal.o(i.HAL_IncTick) for HAL_IncTick
    main.o(i.InitBalls) refers to stm32f429i_discovery_lcd.o(i.BSP_LCD_SetTextColor) for BSP_LCD_SetTextColor
    main.o(i.InitBalls) refers to rand.o(.emb_text) for rand
    main.o(i.InitBalls) refers to stm32f429i_discovery_lcd.o(i.BSP_LCD_FillCircle) for BSP_LCD_FillCircle
    main.o(i.InitBalls) refers to main.o(.bss) for .bss
    main.o(i.InitBalls) refers to main.o(.data) for .data
    main.o(i.Initbar) refers to main.o(.data) for .data
    main.o(i.Lossing_Screen) refers to stm32f429i_discovery_lcd.o(i.BSP_LCD_Clear) for BSP_LCD_Clear
[...]
    _printf_truncate_signed                   - Undefined Weak Reference
    _printf_truncate_unsigned                 - Undefined Weak Reference
    _signal_finish                            - Undefined Weak Reference
    _signal_init                              - Undefined Weak Reference
    _terminate_alloc                          - Undefined Weak Reference
    _terminate_user_alloc                     - Undefined Weak Reference
    _terminateio                              - Undefined Weak Reference
    __Vectors_Size                           0x000001ac   Number         0  startup_stm32f429xx.o ABSOLUTE
    __Vectors                                0x08000000   Data           4  startup_stm32f429xx.o(RESET)
    __Vectors_End                            0x080001ac   Data           0  startup_stm32f429xx.o(RESET)
    __main                                   0x080001ad   Thumb Code     8  __main.o(!!!main)
    __scatterload                            0x080001b5   Thumb Code     0  __scatter.o(!!!scatter)
    __scatterload_rt2                        0x080001b5   Thumb Code    44  __scatter.o(!!!scatter)
    __scatterload_rt2_thumb_only             0x080001b5   Thumb Code     0  __scatter.o(!!!scatter)
    __scatterload_null                       0x080001c3   Thumb Code     0  __scatter.o(!!!scatter)
    __scatterload_copy                       0x080001e9   Thumb Code    26  __scatter_copy.o(!!handler_copy)
    __scatterload_zeroinit                   0x08000205   Thumb Code    28  __scatter_zi.o(!!handler_zi)
    _printf_d                                0x08000221   Thumb Code     0  _printf_d.o(.ARM.Collect$$_printf_percent$$00000009)
    _printf_percent                          0x08000221   Thumb Code     0  _printf_percent.o(.ARM.Collect$$_printf_percent$$00000000)
    _printf_percent_end                      0x08000227   Thumb Code     0  _printf_percent_end.o(.ARM.Collect$$_printf_percent$$00000017)
    __rt_lib_init                            0x0800022b   Thumb Code     0  libinit.o(.ARM.Collect$$libinit$$00000000)
    __rt_lib_init_fp_1                       0x0800022d   Thumb Code     0  libinit2.o(.ARM.Collect$$libinit$$00000001)
    __rt_lib_init_heap_1                     0x08000231   Thumb Code     0  libinit2.o(.ARM.Collect$$libinit$$0000000A)
    __rt_lib_init_preinit_1                  0x08000231   Thumb Code     0  libinit2.o(.ARM.Collect$$libinit$$00000004)
    __rt_lib_init_rand_2                     0x08000231   Thumb Code     0  libinit2.o(.ARM.Collect$$libinit$$0000000D)
    __rt_lib_init_user_alloc_1               0x08000231   Thumb Code     0  libinit2.o(.ARM.Collect$$libinit$$0000000C)
    __rt_lib_init_alloca_1                   0x08000235   Thumb Code     0  libinit2.o(.ARM.Collect$$libinit$$0000002E)
    __rt_lib_init_argv_1                     0x08000235   Thumb Code     0  libinit2.o(.ARM.Collect$$libinit$$0000002C)
    __rt_lib_init_atexit_1                   0x08000235   Thumb Code     0  libinit2.o(.ARM.Collect$$libinit$$0000001B)
    __rt_lib_init_clock_1                    0x08000235   Thumb Code     0  libinit2.o(.ARM.Collect$$libinit$$00000021)
    __rt_lib_init_cpp_1                      0x08000235   Thumb Code     0  libinit2.o(.ARM.Collect$$libinit$$00000032)
    __rt_lib_init_exceptions_1               0x08000235   Thumb Code     0  libinit2.o(.ARM.Collect$$libinit$$00000030)
    __rt_lib_init_fp_trap_1                  0x08000235   Thumb Code     0  libinit2.o(.ARM.Collect$$libinit$$0000001F)
    __rt_lib_init_getenv_1                   0x08000235   Thumb Code     0  libinit2.o(.ARM.Collect$$libinit$$00000023)
    __rt_lib_init_lc_collate_1               0x08000235   Thumb Code     0  libinit2.o(.ARM.Collect$$libinit$$00000011)
    __rt_lib_init_lc_ctype_1                 0x08000235   Thumb Code     0  libinit2.o(.ARM.Collect$$libinit$$00000013)
    __rt_lib_init_lc_monetary_1              0x08000235   Thumb Code     0  libinit2.o(.ARM.Collect$$libinit$$00000015)
    __rt_lib_init_lc_numeric_1               0x08000235   Thumb Code     0  libinit2.o(.ARM.Collect$$libinit$$00000017)
    __rt_lib_init_lc_time_1                  0x08000235   Thumb Code     0  libinit2.o(.ARM.Collect$$libinit$$00000019)
    __rt_lib_init_rand_1                     0x08000235   Thumb Code     0  libinit2.o(.ARM.Collect$$libinit$$0000000E)
    __rt_lib_init_return                     0x08000235   Thumb Code     0  libinit2.o(.ARM.Collect$$libinit$$00000033)
    __rt_lib_init_signal_1                   0x08000235   Thumb Code     0  libinit2.o(.ARM.Collect$$libinit$$0000001D)
    __rt_lib_init_stdio_1                    0x08000235   Thumb Code     0  libinit2.o(.ARM.Collect$$libinit$$00000025)
    __rt_lib_shutdown                        0x08000237   Thumb Code     0  libshutdown.o(.ARM.Collect$$libshutdown$$00000000)
    __rt_lib_shutdown_cpp_1                  0x08000239   Thumb Code     0  libshutdown2.o(.ARM.Collect$$libshutdown$$00000004)
    __rt_lib_shutdown_fini_1                 0x08000239   Thumb Code     0  libshutdown2.o(.ARM.Collect$$libshutdown$$00000002)
    __rt_lib_shutdown_fp_trap_1              0x08000239   Thumb Code     0  libshutdown2.o(.ARM.Collect$$libshutdown$$00000009)
    __rt_lib_shutdown_heap_1                 0x08000239   Thumb Code     0  libshutdown2.o(.ARM.Collect$$libshutdown$$00000011)
    __rt_lib_shutdown_return                 0x08000239   Thumb Code     0  libshutdown2.o(.ARM.Collect$$libshutdown$$00000012)
    __rt_lib_shutdown_signal_1               0x08000239   Thumb Code     0  libshutdown2.o(.ARM.Collect$$libshutdown$$0000000C)
    __rt_lib_shutdown_stdio_1                0x08000239   Thumb Code     0  libshutdown2.o(.ARM.Collect$$libshutdown$$00000006)
    __rt_lib_shutdown_user_alloc_1           0x08000239   Thumb Code     0  libshutdown2.o(.ARM.Collect$$libshutdown$$0000000E)
    __rt_entry                               0x0800023b   Thumb Code     0  __rtentry.o(.ARM.Collect$$rtentry$$00000000)
    __rt_entry_presh_1                       0x0800023b   Thumb Code     0  __rtentry2.o(.ARM.Collect$$rtentry$$00000002)
    __rt_entry_sh                            0x0800023b   Thumb Code     0  __rtentry4.o(.ARM.Collect$$rtentry$$00000004)
    __rt_entry_li                            0x08000241   Thumb Code     0  __rtentry2.o(.ARM.Collect$$rtentry$$0000000A)
    __rt_entry_postsh_1                      0x08000241   Thumb Code     0  __rtentry2.o(.ARM.Collect$$rtentry$$00000009)
    __rt_entry_main                          0x08000245   Thumb Code     0  __rtentry2.o(.ARM.Collect$$rtentry$$0000000D)
    __rt_entry_postli_1                      0x08000245   Thumb Code     0  __rtentry2.o(.ARM.Collect$$rtentry$$0000000C)
    __rt_exit                                0x0800024d   Thumb Code     0  rtexit.o(.ARM.Collect$$rtexit$$00000000)
    __rt_exit_ls                             0x0800024f   Thumb Code     0  rtexit2.o(.ARM.Collect$$rtexit$$00000003)
    __rt_exit_prels_1                        0x0800024f   Thumb Code     0  rtexit2.o(.ARM.Collect$$rtexit$$00000002)
    __rt_exit_exit                           0x08000253   Thumb Code     0  rtexit2.o(.ARM.Collect$$rtexit$$00000004)
    rand                                     0x08000259   Thumb Code    48  rand.o(.emb_text)
    Reset_Handler                            0x0800028d   Thumb Code     8  startup_stm32f429xx.o(.text)
    ADC_IRQHandler                           0x080002a7   Thumb Code     0  startup_stm32f429xx.o(.text)
    CAN1_RX0_IRQHandler                      0x080002a7   Thumb Code     0  startup_stm32f429xx.o(.text)
    CAN1_RX1_IRQHandler                      0x080002a7   Thumb Code     0  startup_stm32f429xx.o(.text)
    CAN1_SCE_IRQHandler                      0x080002a7   Thumb Code     0  startup_stm32f429xx.o(.text)
    CAN1_TX_IRQHandler                       0x080002a7   Thumb Code     0  startup_stm32f429xx.o(.text)
    CAN2_RX0_IRQHandler                      0x080002a7   Thumb Code     0  startup_stm32f429xx.o(.text)
    CAN2_RX1_IRQHandler                      0x080002a7   Thumb Code     0  startup_stm32f429xx.o(.text)
    CAN2_SCE_IRQHandler                      0x080002a7   Thumb Code     0  startup_stm32f429xx.o(.text)
    CAN2_TX_IRQHandler                       0x080002a7   Thumb Code     0  startup_stm32f429xx.o(.text)
    DCMI_IRQHandler                          0x080002a7   Thumb Code     0  startup_stm32f429xx.o(.text)
    DMA1_Stream0_IRQHandler                  0x080002a7   Thumb Code     0  startup_stm32f429xx.o(.text)
    DMA1_Stream1_IRQHandler                  0x080002a7   Thumb Code     0  startup_stm32f429xx.o(.text)
    DMA1_Stream2_IRQHandler                  0x080002a7   Thumb Code     0  startup_stm32f429xx.o(.text)
    DMA1_Stream3_IRQHandler                  0x080002a7   Thumb Code     0  startup_stm32f429xx.o(.text)
    DMA1_Stream4_IRQHandler                  0x080002a7   Thumb Code     0  startup_stm32f429xx.o(.text)
    DMA1_Stream5_IRQHandler                  0x080002a7   Thumb Code     0  startup_stm32f429xx.o(.text)
    DMA1_Stream6_IRQHandler                  0x080002a7   Thumb Code     0  startup_stm32f429xx.o(.text)
    DMA1_Stream7_IRQHandler                  0x080002a7   Thumb Code     0  startup_stm32f429xx.o(.text)
    DMA2_Stream0_IRQHandler                  0x080002a7   Thumb Code     0  startup_stm32f429xx.o(.text)
    DMA2_Stream1_IRQHandler                  0x080002a7   Thumb Code     0  startup_stm32f429xx.o(.text)
    DMA2_Stream2_IRQHandler                  0x080002a7   Thumb Code     0  startup_stm32f429xx.o(.text)
    DMA2_Stream3_IRQHandler                  0x080002a7   Thumb Code     0  startup_stm32f429xx.o(.text)
    DMA2_Stream4_IRQHandler                  0x080002a7   Thumb Code     0  startup_stm32f429xx.o(.text)
    DMA2_Stream5_IRQHandler                  0x080002a7   Thumb Code     0  startup_stm32f429xx.o(.text)
    DMA2_Stream6_IRQHandler                  0x080002a7   Thumb Code     0  startup_stm32f429xx.o(.text)
    DMA2_Stream7_IRQHandler                  0x080002a7   Thumb Code     0  startup_stm32f429xx.o(.text)
    ETH_IRQHandler                           0x080002a7   Thumb Code     0  startup_stm32f429xx.o(.text)
    ETH_WKUP_IRQHandler                      0x080002a7   Thumb Code     0  startup_stm32f429xx.o(.text)
    EXTI0_IRQHandler                         0x080002a7   Thumb Code     0  startup_stm32f429xx.o(.text)
    EXTI15_10_IRQHandler                     0x080002a7   Thumb Code     0  startup_stm32f429xx.o(.text)
    EXTI1_IRQHandler                         0x080002a7   Thumb Code     0  startup_stm32f429xx.o(.text)
    EXTI2_IRQHandler                         0x080002a7   Thumb Code     0  startup_stm32f429xx.o(.text)
    EXTI3_IRQHandler                         0x080002a7   Thumb Code     0  startup_stm32f429xx.o(.text)
    EXTI4_IRQHandler                         0x080002a7   Thumb Code     0  startup_stm32f429xx.o(.text)
    EXTI9_5_IRQHandler                       0x080002a7   Thumb Code     0  startup_stm32f429xx.o(.text)
    FLASH_IRQHandler                         0x080002a7   Thumb Code     0  startup_stm32f429xx.o(.text)
    FMC_IRQHandler                           0x080002a7   Thumb Code     0  startup_stm32f429xx.o(.text)
    FPU_IRQHandler                           0x080002a7   Thumb Code     0  startup_stm32f429xx.o(.text)
    HASH_RNG_IRQHandler                      0x080002a7   Thumb Code     0  startup_stm32f429xx.o(.text)
    I2C1_ER_IRQHandler                       0x080002a7   Thumb Code     0  startup_stm32f429xx.o(.text)
    I2C1_EV_IRQHandler                       0x080002a7   Thumb Code     0  startup_stm32f429xx.o(.text)
    I2C2_ER_IRQHandler                       0x080002a7   Thumb Code     0  startup_stm32f429xx.o(.text)
    I2C2_EV_IRQHandler                       0x080002a7   Thumb Code     0  startup_stm32f429xx.o(.text)
    I2C3_ER_IRQHandler                       0x080002a7   Thumb Code     0  startup_stm32f429xx.o(.text)
    I2C3_EV_IRQHandler                       0x080002a7   Thumb Code     0  startup_stm32f429xx.o(.text)
    LTDC_ER_IRQHandler                       0x080002a7   Thumb Code     0  startup_stm32f429xx.o(.text)
    OTG_FS_IRQHandler                        0x080002a7   Thumb Code     0  startup_stm32f429xx.o(.text)
    OTG_FS_WKUP_IRQHandler                   0x080002a7   Thumb Code     0  startup_stm32f429xx.o(.text)
    OTG_HS_EP1_IN_IRQHandler                 0x080002a7   Thumb Code     0  startup_stm32f429xx.o(.text)
    OTG_HS_EP1_OUT_IRQHandler                0x080002a7   Thumb Code     0  startup_stm32f429xx.o(.text)
    OTG_HS_IRQHandler                        0x080002a7   Thumb Code     0  startup_stm32f429xx.o(.text)
    OTG_HS_WKUP_IRQHandler                   0x080002a7   Thumb Code     0  startup_stm32f429xx.o(.text)
    PVD_IRQHandler                           0x080002a7   Thumb Code     0  startup_stm32f429xx.o(.text)
    RCC_IRQHandler                           0x080002a7   Thumb Code     0  startup_stm32f429xx.o(.text)
    RTC_Alarm_IRQHandler                     0x080002a7   Thumb Code     0  startup_stm32f429xx.o(.text)
    RTC_WKUP_IRQHandler                      0x080002a7   Thumb Code     0  startup_stm32f429xx.o(.text)
    SAI1_IRQHandler                          0x080002a7   Thumb Code     0  startup_stm32f429xx.o(.text)
    SDIO_IRQHandler                          0x080002a7   Thumb Code     0  startup_stm32f429xx.o(.text)
    SPI1_IRQHandler                          0x080002a7   Thumb Code     0  startup_stm32f429xx.o(.text)
    SPI2_IRQHandler                          0x080002a7   Thumb Code     0  startup_stm32f429xx.o(.text)
    SPI3_IRQHandler                          0x080002a7   Thumb Code     0  startup_stm32f429xx.o(.text)
    SPI4_IRQHandler                          0x080002a7   Thumb Code     0  startup_stm32f429xx.o(.text)
    SPI5_IRQHandler                          0x080002a7   Thumb Code     0  startup_stm32f429xx.o(.text)
    SPI6_IRQHandler                          0x080002a7   Thumb Code     0  startup_stm32f429xx.o(.text)
    TAMP_STAMP_IRQHandler                    0x080002a7   Thumb Code     0  startup_stm32f429xx.o(.text)
    TIM1_BRK_TIM9_IRQHandler                 0x080002a7   Thumb Code     0  startup_stm32f429xx.o(.text)
    TIM1_CC_IRQHandler                       0x080002a7   Thumb Code     0  startup_stm32f429xx.o(.text)
    TIM1_TRG_COM_TIM11_IRQHandler            0x080002a7   Thumb Code     0  startup_stm32f429xx.o(.text)
    TIM1_UP_TIM10_IRQHandler                 0x080002a7   Thumb Code     0  startup_stm32f429xx.o(.text)
    TIM2_IRQHandler                          0x080002a7   Thumb Code     0  startup_stm32f429xx.o(.text)
    TIM3_IRQHandler                          0x080002a7   Thumb Code     0  startup_stm32f429xx.o(.text)
    TIM4_IRQHandler                          0x080002a7   Thumb Code     0  startup_stm32f429xx.o(.text)
    TIM5_IRQHandler                          0x080002a7   Thumb Code     0  startup_stm32f429xx.o(.text)
    TIM7_IRQHandler                          0x080002a7   Thumb Code     0  startup_stm32f429xx.o(.text)
    TIM8_BRK_TIM12_IRQHandler                0x080002a7   Thumb Code     0  startup_stm32f429xx.o(.text)
    TIM8_CC_IRQHandler                       0x080002a7   Thumb Code     0  startup_stm32f429xx.o(.text)
    TIM8_TRG_COM_TIM14_IRQHandler            0x080002a7   Thumb Code     0  startup_stm32f429xx.o(.text)
    TIM8_UP_TIM13_IRQHandler                 0x080002a7   Thumb Code     0  startup_stm32f429xx.o(.text)
    UART4_IRQHandler                         0x080002a7   Thumb Code     0  startup_stm32f429xx.o(.text)
    UART5_IRQHandler                         0x080002a7   Thumb Code     0  startup_stm32f429xx.o(.text)
    UART7_IRQHandler                         0x080002a7   Thumb Code     0  startup_stm32f429xx.o(.text)
    UART8_IRQHandler                         0x080002a7   Thumb Code     0  startup_stm32f429xx.o(.text)
    USART1_IRQHandler                        0x080002a7   Thumb Code     0  startup_stm32f429xx.o(.text)
    USART2_IRQHandler                        0x080002a7   Thumb Code     0  startup_stm32f429xx.o(.text)
    USART3_IRQHandler                        0x080002a7   Thumb Code     0  startup_stm32f429xx.o(.text)
    USART6_IRQHandler                        0x080002a7   Thumb Code     0  startup_stm32f429xx.o(.text)
    WWDG_IRQHandler                          0x080002a7   Thumb Code     0  startup_stm32f429xx.o(.text)
    __user_initial_stackheap                 0x080002a9   Thumb Code     0  startup_stm32f429xx.o(.text)
    __aeabi_uldivmod                         0x080002cd   Thumb Code     0  lludivv7m.o(.text)
    _ll_udiv                                 0x080002cd   Thumb Code   238  lludivv7m.o(.text)
    __2sprintf                               0x080003bd   Thumb Code    34  noretval__2sprintf.o(.text)
    _printf_pre_padding                      0x080003e5   Thumb Code    44  _printf_pad.o(.text)
    _printf_post_padding                     0x08000411   Thumb Code    34  _printf_pad.o(.text)
    _printf_int_dec                          0x08000435   Thumb Code   104  _printf_dec.o(.text)
    __printf                                 0x080004ad   Thumb Code   308  __printf_flags_wp.o(.text)
    srand                                    0x080005e5   Thumb Code    42  rand.o(.text)
    _rand_init                               0x0800060f   Thumb Code     4  rand.o(.text)
    __aeabi_memcpy4                          0x08000621   Thumb Code     0  rt_memcpy_w.o(.text)
    __aeabi_memcpy8                          0x08000621   Thumb Code     0  rt_memcpy_w.o(.text)
    __rt_memcpy_w                            0x08000621   Thumb Code   100  rt_memcpy_w.o(.text)
    _memcpy_lastbytes_aligned                0x08000669   Thumb Code     0  rt_memcpy_w.o(.text)
    __aeabi_memclr4                          0x08000685   Thumb Code     0  rt_memclr_w.o(.text)
    __aeabi_memclr8                          0x08000685   Thumb Code     0  rt_memclr_w.o(.text)
    __rt_memclr_w                            0x08000685   Thumb Code    78  rt_memclr_w.o(.text)
    _memset_w                                0x08000689   Thumb Code     0  rt_memclr_w.o(.text)
    __use_two_region_memory                  0x080006d3   Thumb Code     2  heapauxi.o(.text)
    __rt_heap_escrow$2region                 0x080006d5   Thumb Code     2  heapauxi.o(.text)
    __rt_heap_expand$2region                 0x080006d7   Thumb Code     2  heapauxi.o(.text)
    _printf_int_common                       0x080006d9   Thumb Code   178  _printf_intcommon.o(.text)
    _printf_char_common                      0x08000797   Thumb Code    32  _printf_char_common.o(.text)
    _sputc                                   0x080007bd   Thumb Code    10  _sputc.o(.text)
    __user_setup_stackheap                   0x080007c7   Thumb Code    74  sys_stackheap_outer.o(.text)
    exit                                     0x08000811   Thumb Code    18  exit.o(.text)
    __user_libspace                          0x08000825   Thumb Code     8  libspace.o(.text)
    __user_perproc_libspace                  0x08000825   Thumb Code     0  libspace.o(.text)
    __user_perthread_libspace                0x08000825   Thumb Code     0  libspace.o(.text)
    _sys_exit                                0x0800082d   Thumb Code     8  sys_exit.o(.text)
    __I$use$semihosting                      0x08000839   Thumb Code     0  use_no_semi.o(.text)
    __use_no_semihosting_swi                 0x08000839   Thumb Code     2  use_no_semi.o(.text)
    __semihosting_library_function           0x0800083b   Thumb Code     0  indicate_semi.o(.text)
    BSP_LCD_Clear                            0x080009b5   Thumb Code    50  stm32f429i_discovery_lcd.o(i.BSP_LCD_Clear)
    BSP_LCD_DisplayChar                      0x080009f1   Thumb Code    44  stm32f429i_discovery_lcd.o(i.BSP_LCD_DisplayChar)
    BSP_LCD_DisplayOn                        0x08000a25   Thumb Code    14  stm32f429i_discovery_lcd.o(i.BSP_LCD_DisplayOn)
    BSP_LCD_DisplayStringAt                  0x08000a39   Thumb Code   186  stm32f429i_discovery_lcd.o(i.BSP_LCD_DisplayStringAt)
    BSP_LCD_DrawCircle                       0x08000afd   Thumb Code   270  stm32f429i_discovery_lcd.o(i.BSP_LCD_DrawCircle)
    BSP_LCD_DrawHLine                        0x08000c15   Thumb Code    68  stm32f429i_discovery_lcd.o(i.BSP_LCD_DrawHLine)
    BSP_LCD_DrawLine                         0x08000c61   Thumb Code   192  stm32f429i_discovery_lcd.o(i.BSP_LCD_DrawLine)
    BSP_LCD_DrawPixel                        0x08000d29   Thumb Code    42  stm32f429i_discovery_lcd.o(i.BSP_LCD_DrawPixel)
    BSP_LCD_DrawRect                         0x08000d5d   Thumb Code    54  stm32f429i_discovery_lcd.o(i.BSP_LCD_DrawRect)
    BSP_LCD_DrawVLine                        0x08000d95   Thumb Code    76  stm32f429i_discovery_lcd.o(i.BSP_LCD_DrawVLine)
    BSP_LCD_FillCircle                       0x08000ded   Thumb Code   186  stm32f429i_discovery_lcd.o(i.BSP_LCD_FillCircle)
    BSP_LCD_FillRect                         0x08000eb1   Thumb Code    96  stm32f429i_discovery_lcd.o(i.BSP_LCD_FillRect)
    BSP_LCD_GetFont                          0x08000f19   Thumb Code    18  stm32f429i_discovery_lcd.o(i.BSP_LCD_GetFont)
    BSP_LCD_GetXSize                         0x08000f35   Thumb Code     8  stm32f429i_discovery_lcd.o(i.BSP_LCD_GetXSize)
    BSP_LCD_GetYSize                         0x08000f41   Thumb Code     8  stm32f429i_discovery_lcd.o(i.BSP_LCD_GetYSize)
    BSP_LCD_Init                             0x08000f4d   Thumb Code   130  stm32f429i_discovery_lcd.o(i.BSP_LCD_Init)
    BSP_LCD_LayerDefaultInit                 0x08000fe1   Thumb Code   116  stm32f429i_discovery_lcd.o(i.BSP_LCD_LayerDefaultInit)
    BSP_LCD_MspInit                          0x08001061   Thumb Code   270  stm32f429i_discovery_lcd.o(i.BSP_LCD_MspInit)
    BSP_LCD_SelectLayer                      0x0800118d   Thumb Code     6  stm32f429i_discovery_lcd.o(i.BSP_LCD_SelectLayer)
    BSP_LCD_SetBackColor                     0x08001199   Thumb Code    18  stm32f429i_discovery_lcd.o(i.BSP_LCD_SetBackColor)
    BSP_LCD_SetFont                          0x080011b5   Thumb Code    18  stm32f429i_discovery_lcd.o(i.BSP_LCD_SetFont)
    BSP_LCD_SetTextColor                     0x080011d1   Thumb Code    16  stm32f429i_discovery_lcd.o(i.BSP_LCD_SetTextColor)
    BSP_LCD_printf                           0x080011e9   Thumb Code    34  main.o(i.BSP_LCD_printf)
    BSP_SDRAM_Init                           0x0800120d   Thumb Code   106  stm32f429i_discovery_sdram.o(i.BSP_SDRAM_Init)
    BSP_SDRAM_Initialization_sequence        0x08001285   Thumb Code   132  stm32f429i_discovery_sdram.o(i.BSP_SDRAM_Initialization_sequence)
    BSP_SDRAM_MspInit                        0x0800130d   Thumb Code   320  stm32f429i_discovery_sdram.o(i.BSP_SDRAM_MspInit)
    BSP_TS_GetState                          0x08001471   Thumb Code   170  stm32f429i_discovery_ts.o(i.BSP_TS_GetState)
    BSP_TS_Init                              0x08001521   Thumb Code    48  stm32f429i_discovery_ts.o(i.BSP_TS_Init)
    BarTouch                                 0x08001559   Thumb Code   116  main.o(i.BarTouch)
    BusFault_Handler                         0x080015d1   Thumb Code     2  stm32f4xx_it.o(i.BusFault_Handler)
    Check4Coll                               0x080015d5   Thumb Code   752  main.o(i.Check4Coll)
    DMA2D_IRQHandler                         0x080018cd   Thumb Code     6  stm32f4xx_it.o(i.DMA2D_IRQHandler)
    DebugMon_Handler                         0x080019ed   Thumb Code     2  stm32f4xx_it.o(i.DebugMon_Handler)
    DrawBlocks                               0x080019f1   Thumb Code   246  main.o(i.DrawBlocks)
    Drawbar                                  0x08001ca1   Thumb Code    46  main.o(i.Drawbar)
    Error_Handler                            0x08001cd5   Thumb Code     4  main.o(i.Error_Handler)
    FMC_SDRAM_Init                           0x08001cd9   Thumb Code   354  stm32f4xx_ll_fmc.o(i.FMC_SDRAM_Init)
    FMC_SDRAM_ProgramRefreshRate             0x08001e79   Thumb Code    56  stm32f4xx_ll_fmc.o(i.FMC_SDRAM_ProgramRefreshRate)
    FMC_SDRAM_SendCommand                    0x08001eed   Thumb Code   194  stm32f4xx_ll_fmc.o(i.FMC_SDRAM_SendCommand)
    FMC_SDRAM_Timing_Init                    0x08001fed   Thumb Code   332  stm32f4xx_ll_fmc.o(i.FMC_SDRAM_Timing_Init)
    HAL_ADC_ConfigChannel                    0x080021dd   Thumb Code   418  stm32f4xx_hal_adc.o(i.HAL_ADC_ConfigChannel)
    HAL_ADC_Init                             0x080023cd   Thumb Code   470  stm32f4xx_hal_adc.o(i.HAL_ADC_Init)
    HAL_ADC_MspInit                          0x080025ed   Thumb Code    30  adc.o(i.HAL_ADC_MspInit)
    HAL_CRC_Init                             0x08002615   Thumb Code    50  stm32f4xx_hal_crc.o(i.HAL_CRC_Init)
    HAL_CRC_MspInit                          0x08002685   Thumb Code    30  crc.o(i.HAL_CRC_MspInit)
    HAL_DMA2D_CLUTLoadingCpltCallback        0x080026ad   Thumb Code     2  stm32f4xx_hal_dma2d.o(i.HAL_DMA2D_CLUTLoadingCpltCallback)
    HAL_DMA2D_ConfigLayer                    0x080026b1   Thumb Code   282  stm32f4xx_hal_dma2d.o(i.HAL_DMA2D_ConfigLayer)
    HAL_DMA2D_IRQHandler                     0x0800280d   Thumb Code   286  stm32f4xx_hal_dma2d.o(i.HAL_DMA2D_IRQHandler)
    HAL_DMA2D_Init                           0x0800292d   Thumb Code   180  stm32f4xx_hal_dma2d.o(i.HAL_DMA2D_Init)
    HAL_DMA2D_LineEventCallback              0x08002a21   Thumb Code     2  stm32f4xx_hal_dma2d.o(i.HAL_DMA2D_LineEventCallback)
    HAL_DMA2D_MspInit                        0x08002a25   Thumb Code    50  dma2d.o(i.HAL_DMA2D_MspInit)
    HAL_DMA2D_PollForTransfer                0x08002a61   Thumb Code   272  stm32f4xx_hal_dma2d.o(i.HAL_DMA2D_PollForTransfer)
    HAL_DMA2D_Start                          0x08002b71   Thumb Code   100  stm32f4xx_hal_dma2d.o(i.HAL_DMA2D_Start)
    HAL_DMA_DeInit                           0x08002c11   Thumb Code   236  stm32f4xx_hal_dma.o(i.HAL_DMA_DeInit)
    HAL_DMA_Init                             0x08002d3d   Thumb Code   666  stm32f4xx_hal_dma.o(i.HAL_DMA_Init)
    HAL_Delay                                0x0800301d   Thumb Code    32  stm32f4xx_hal.o(i.HAL_Delay)
    HAL_GPIO_DeInit                          0x0800311d   Thumb Code   422  stm32f4xx_hal_gpio.o(i.HAL_GPIO_DeInit)
    HAL_GPIO_Init                            0x08003335   Thumb Code   690  stm32f4xx_hal_gpio.o(i.HAL_GPIO_Init)
    HAL_GPIO_WritePin                        0x0800365d   Thumb Code    46  stm32f4xx_hal_gpio.o(i.HAL_GPIO_WritePin)
    HAL_GetTick                              0x080036c9   Thumb Code     6  stm32f4xx_hal.o(i.HAL_GetTick)
    HAL_I2CEx_ConfigAnalogFilter             0x080036d5   Thumb Code   114  stm32f4xx_hal_i2c_ex.o(i.HAL_I2CEx_ConfigAnalogFilter)
    HAL_I2CEx_ConfigDigitalFilter            0x08003791   Thumb Code   108  stm32f4xx_hal_i2c_ex.o(i.HAL_I2CEx_ConfigDigitalFilter)
    HAL_I2C_DeInit                           0x08003845   Thumb Code    80  stm32f4xx_hal_i2c.o(i.HAL_I2C_DeInit)
    HAL_I2C_GetState                         0x080038d9   Thumb Code     6  stm32f4xx_hal_i2c.o(i.HAL_I2C_GetState)
    HAL_I2C_Init                             0x080038e1   Thumb Code   560  stm32f4xx_hal_i2c.o(i.HAL_I2C_Init)
    HAL_I2C_Mem_Read                         0x08003b69   Thumb Code   520  stm32f4xx_hal_i2c.o(i.HAL_I2C_Mem_Read)
    HAL_I2C_Mem_Write                        0x08003db5   Thumb Code   314  stm32f4xx_hal_i2c.o(i.HAL_I2C_Mem_Write)
    HAL_I2C_MspDeInit                        0x08003f31   Thumb Code    44  i2c.o(i.HAL_I2C_MspDeInit)
    HAL_I2C_MspInit                          0x08003f6d   Thumb Code   126  i2c.o(i.HAL_I2C_MspInit)
    HAL_IncTick                              0x08003ffd   Thumb Code    12  stm32f4xx_hal.o(i.HAL_IncTick)
    HAL_Init                                 0x0800400d   Thumb Code    48  stm32f4xx_hal.o(i.HAL_Init)
    HAL_InitTick                             0x08004041   Thumb Code   132  stm32f4xx_hal_timebase_tim.o(i.HAL_InitTick)
    HAL_LTDC_ConfigLayer                     0x080040d9   Thumb Code   324  stm32f4xx_hal_ltdc.o(i.HAL_LTDC_ConfigLayer)
    HAL_LTDC_EnableDither                    0x08004259   Thumb Code    42  stm32f4xx_hal_ltdc.o(i.HAL_LTDC_EnableDither)
    HAL_LTDC_ErrorCallback                   0x08004289   Thumb Code     2  stm32f4xx_hal_ltdc.o(i.HAL_LTDC_ErrorCallback)
    HAL_LTDC_IRQHandler                      0x0800428b   Thumb Code   202  stm32f4xx_hal_ltdc.o(i.HAL_LTDC_IRQHandler)
    HAL_LTDC_Init                            0x08004355   Thumb Code   446  stm32f4xx_hal_ltdc.o(i.HAL_LTDC_Init)
    HAL_LTDC_LineEventCallback               0x08004559   Thumb Code     2  stm32f4xx_hal_ltdc.o(i.HAL_LTDC_LineEventCallback)
    HAL_LTDC_MspInit                         0x0800455d   Thumb Code   394  ltdc.o(i.HAL_LTDC_MspInit)
    HAL_LTDC_ReloadEventCallback             0x08004709   Thumb Code     2  stm32f4xx_hal_ltdc.o(i.HAL_LTDC_ReloadEventCallback)
    HAL_MspInit                              0x0800470d   Thumb Code    42  stm32f4xx_hal_msp.o(i.HAL_MspInit)
    HAL_NVIC_EnableIRQ                       0x0800473d   Thumb Code    40  stm32f4xx_hal_cortex.o(i.HAL_NVIC_EnableIRQ)
    HAL_NVIC_SetPriority                     0x080047a1   Thumb Code    94  stm32f4xx_hal_cortex.o(i.HAL_NVIC_SetPriority)
    HAL_NVIC_SetPriorityGrouping             0x08004841   Thumb Code    58  stm32f4xx_hal_cortex.o(i.HAL_NVIC_SetPriorityGrouping)
    HAL_PWREx_EnableOverDrive                0x080048c1   Thumb Code    98  stm32f4xx_hal_pwr_ex.o(i.HAL_PWREx_EnableOverDrive)
    HAL_RCCEx_PeriphCLKConfig                0x08004931   Thumb Code  1218  stm32f4xx_hal_rcc_ex.o(i.HAL_RCCEx_PeriphCLKConfig)
    HAL_RCC_ClockConfig                      0x08004df9   Thumb Code   544  stm32f4xx_hal_rcc.o(i.HAL_RCC_ClockConfig)
    HAL_RCC_GetClockConfig                   0x08005065   Thumb Code    54  stm32f4xx_hal_rcc.o(i.HAL_RCC_GetClockConfig)
    HAL_RCC_GetPCLK1Freq                     0x080050a5   Thumb Code    20  stm32f4xx_hal_rcc.o(i.HAL_RCC_GetPCLK1Freq)
    HAL_RCC_GetPCLK2Freq                     0x080050c5   Thumb Code    20  stm32f4xx_hal_rcc.o(i.HAL_RCC_GetPCLK2Freq)
    HAL_RCC_GetSysClockFreq                  0x080050e5   Thumb Code    88  stm32f4xx_hal_rcc.o(i.HAL_RCC_GetSysClockFreq)
    HAL_RCC_OscConfig                        0x08005145   Thumb Code  1192  stm32f4xx_hal_rcc.o(i.HAL_RCC_OscConfig)
    HAL_SDRAM_Init                           0x080055ed   Thumb Code    66  stm32f4xx_hal_sdram.o(i.HAL_SDRAM_Init)
    HAL_SDRAM_MspInit                        0x0800562f   Thumb Code     4  fmc.o(i.HAL_SDRAM_MspInit)
    HAL_SDRAM_ProgramRefreshRate             0x08005633   Thumb Code    46  stm32f4xx_hal_sdram.o(i.HAL_SDRAM_ProgramRefreshRate)
    HAL_SDRAM_SendCommand                    0x08005661   Thumb Code    60  stm32f4xx_hal_sdram.o(i.HAL_SDRAM_SendCommand)
    HAL_SPI_DeInit                           0x0800569d   Thumb Code    94  stm32f4xx_hal_spi.o(i.HAL_SPI_DeInit)
    HAL_SPI_GetState                         0x0800574d   Thumb Code     6  stm32f4xx_hal_spi.o(i.HAL_SPI_GetState)
    HAL_SPI_Init                             0x08005755   Thumb Code   536  stm32f4xx_hal_spi.o(i.HAL_SPI_Init)
    HAL_SPI_MspDeInit                        0x080059bd   Thumb Code    30  spi.o(i.HAL_SPI_MspDeInit)
    HAL_SPI_MspInit                          0x080059e9   Thumb Code    92  spi.o(i.HAL_SPI_MspInit)
    HAL_SPI_Receive                          0x08005a51   Thumb Code   342  stm32f4xx_hal_spi.o(i.HAL_SPI_Receive)
    HAL_SPI_Transmit                         0x08005ba9   Thumb Code   388  stm32f4xx_hal_spi.o(i.HAL_SPI_Transmit)
    HAL_SPI_TransmitReceive                  0x08005d65   Thumb Code   508  stm32f4xx_hal_spi.o(i.HAL_SPI_TransmitReceive)
    HAL_TIMEx_BreakCallback                  0x08005f99   Thumb Code     2  stm32f4xx_hal_tim_ex.o(i.HAL_TIMEx_BreakCallback)
    HAL_TIMEx_CommutCallback                 0x08005f9b   Thumb Code     2  stm32f4xx_hal_tim_ex.o(i.HAL_TIMEx_CommutCallback)
    HAL_TIMEx_MasterConfigSynchronization    0x08005f9d   Thumb Code   242  stm32f4xx_hal_tim_ex.o(i.HAL_TIMEx_MasterConfigSynchronization)
    HAL_TIM_Base_Init                        0x080060ed   Thumb Code   296  stm32f4xx_hal_tim.o(i.HAL_TIM_Base_Init)
    HAL_TIM_Base_MspInit                     0x08006281   Thumb Code    30  tim.o(i.HAL_TIM_Base_MspInit)
    HAL_TIM_Base_Start_IT                    0x080062a9   Thumb Code   200  stm32f4xx_hal_tim.o(i.HAL_TIM_Base_Start_IT)
    HAL_TIM_ConfigClockSource                0x080063d9   Thumb Code   930  stm32f4xx_hal_tim.o(i.HAL_TIM_ConfigClockSource)
    HAL_TIM_IC_CaptureCallback               0x080067e9   Thumb Code     2  stm32f4xx_hal_tim.o(i.HAL_TIM_IC_CaptureCallback)
    HAL_TIM_IRQHandler                       0x080067eb   Thumb Code   304  stm32f4xx_hal_tim.o(i.HAL_TIM_IRQHandler)
    HAL_TIM_OC_DelayElapsedCallback          0x0800691b   Thumb Code     2  stm32f4xx_hal_tim.o(i.HAL_TIM_OC_DelayElapsedCallback)
    HAL_TIM_PWM_PulseFinishedCallback        0x0800691d   Thumb Code     2  stm32f4xx_hal_tim.o(i.HAL_TIM_PWM_PulseFinishedCallback)
    HAL_TIM_PeriodElapsedCallback            0x08006921   Thumb Code    14  main.o(i.HAL_TIM_PeriodElapsedCallback)
    HAL_TIM_TriggerCallback                  0x08006935   Thumb Code     2  stm32f4xx_hal_tim.o(i.HAL_TIM_TriggerCallback)
    HAL_UART_Init                            0x08006939   Thumb Code   260  stm32f4xx_hal_uart.o(i.HAL_UART_Init)
    HAL_UART_MspInit                         0x08006a99   Thumb Code    94  usart.o(i.HAL_UART_MspInit)
    HardFault_Handler                        0x08006b05   Thumb Code     2  stm32f4xx_it.o(i.HardFault_Handler)
    IOE_Delay                                0x08007059   Thumb Code     4  stm32f429i_discovery.o(i.IOE_Delay)
    IOE_ITConfig                             0x0800705d   Thumb Code    70  stm32f429i_discovery.o(i.IOE_ITConfig)
    IOE_Init                                 0x080070ad   Thumb Code     4  stm32f429i_discovery.o(i.IOE_Init)
    IOE_Read                                 0x080070b1   Thumb Code    44  stm32f429i_discovery.o(i.IOE_Read)
    IOE_ReadMultiple                         0x080070e5   Thumb Code    38  stm32f429i_discovery.o(i.IOE_ReadMultiple)
    IOE_Write                                0x08007115   Thumb Code    40  stm32f429i_discovery.o(i.IOE_Write)
    InitBalls                                0x08007145   Thumb Code   108  main.o(i.InitBalls)
    Initbar                                  0x080071bd   Thumb Code    40  main.o(i.Initbar)
    LCD_Delay                                0x080071ed   Thumb Code     4  stm32f429i_discovery.o(i.LCD_Delay)
    LCD_IO_Init                              0x080071f1   Thumb Code   150  stm32f429i_discovery.o(i.LCD_IO_Init)
    LCD_IO_ReadData                          0x08007299   Thumb Code    92  stm32f429i_discovery.o(i.LCD_IO_ReadData)
    LCD_IO_WriteData                         0x08007305   Thumb Code    46  stm32f429i_discovery.o(i.LCD_IO_WriteData)
    LCD_IO_WriteReg                          0x0800733d   Thumb Code    48  stm32f429i_discovery.o(i.LCD_IO_WriteReg)
    LTDC_IRQHandler                          0x08007375   Thumb Code     6  stm32f4xx_it.o(i.LTDC_IRQHandler)
    Lossing_Screen                           0x080074e5   Thumb Code    60  main.o(i.Lossing_Screen)
    MX_ADC1_Init                             0x08007535   Thumb Code    90  adc.o(i.MX_ADC1_Init)
    MX_CRC_Init                              0x080075a1   Thumb Code    28  crc.o(i.MX_CRC_Init)
    MX_DMA2D_Init                            0x080075c5   Thumb Code    56  dma2d.o(i.MX_DMA2D_Init)
    MX_FMC_Init                              0x08007605   Thumb Code    96  fmc.o(i.MX_FMC_Init)
    MX_GPIO_Init                             0x0800766d   Thumb Code   514  gpio.o(i.MX_GPIO_Init)
    MX_I2C3_Init                             0x08007891   Thumb Code    78  i2c.o(i.MX_I2C3_Init)
    MX_LTDC_Init                             0x080078ed   Thumb Code   168  ltdc.o(i.MX_LTDC_Init)
    MX_SPI5_Init                             0x0800799d   Thumb Code    62  spi.o(i.MX_SPI5_Init)
    MX_TIM1_Init                             0x080079e5   Thumb Code    94  tim.o(i.MX_TIM1_Init)
    MX_USART1_UART_Init                      0x08007a4d   Thumb Code    48  usart.o(i.MX_USART1_UART_Init)
    MemManage_Handler                        0x08007a85   Thumb Code     2  stm32f4xx_it.o(i.MemManage_Handler)
    Menu_screen                              0x08007a89   Thumb Code    94  main.o(i.Menu_screen)
    NMI_Handler                              0x08007af5   Thumb Code     2  stm32f4xx_it.o(i.NMI_Handler)
    PendSV_Handler                           0x08007af7   Thumb Code     2  stm32f4xx_it.o(i.PendSV_Handler)
    SVC_Handler                              0x08007d4d   Thumb Code     2  stm32f4xx_it.o(i.SVC_Handler)
    SysTick_Handler                          0x08007d4f   Thumb Code     2  stm32f4xx_it.o(i.SysTick_Handler)
    SystemClock_Config                       0x08007d51   Thumb Code   150  main.o(i.SystemClock_Config)
    SystemInit                               0x08007df1   Thumb Code    12  system_stm32f4xx.o(i.SystemInit)
    TIM6_DAC_IRQHandler                      0x08007e01   Thumb Code     6  stm32f4xx_it.o(i.TIM6_DAC_IRQHandler)
    TIM_Base_SetConfig                       0x08007e0d   Thumb Code   170  stm32f4xx_hal_tim.o(i.TIM_Base_SetConfig)
    TIM_ETR_SetConfig                        0x08007ee5   Thumb Code    20  stm32f4xx_hal_tim.o(i.TIM_ETR_SetConfig)
    Touch_init                               0x08007f51   Thumb Code   114  touchscreen.o(i.Touch_init)
    UsageFault_Handler                       0x0800819d   Thumb Code     2  stm32f4xx_it.o(i.UsageFault_Handler)
    WaitForPressedState                      0x0800819f   Thumb Code    62  touchscreen.o(i.WaitForPressedState)
    Winning_screen                           0x080081dd   Thumb Code    62  main.o(i.Winning_screen)
    _is_digit                                0x08008249   Thumb Code    14  __printf_wp.o(i._is_digit)
    assert_failed                            0x08008257   Thumb Code     2  main.o(i.assert_failed)
    ili9341_DisplayOff                       0x08008259   Thumb Code     6  ili9341.o(i.ili9341_DisplayOff)
    ili9341_DisplayOn                        0x0800825f   Thumb Code     6  ili9341.o(i.ili9341_DisplayOn)
    ili9341_GetLcdPixelHeight                0x08008265   Thumb Code     6  ili9341.o(i.ili9341_GetLcdPixelHeight)
    ili9341_GetLcdPixelWidth                 0x0800826b   Thumb Code     4  ili9341.o(i.ili9341_GetLcdPixelWidth)
    ili9341_Init                             0x0800826f   Thumb Code   658  ili9341.o(i.ili9341_Init)
    ili9341_ReadID                           0x08008501   Thumb Code    18  ili9341.o(i.ili9341_ReadID)
    main                                     0x08008515   Thumb Code   368  main.o(i.main)
    stmpe811_ClearGlobalIT                   0x0800869d   Thumb Code    10  stmpe811.o(i.stmpe811_ClearGlobalIT)
    stmpe811_DisableGlobalIT                 0x080086a7   Thumb Code    28  stmpe811.o(i.stmpe811_DisableGlobalIT)
    stmpe811_DisableITSource                 0x080086c3   Thumb Code    30  stmpe811.o(i.stmpe811_DisableITSource)
    stmpe811_EnableGlobalIT                  0x080086e1   Thumb Code    28  stmpe811.o(i.stmpe811_EnableGlobalIT)
    stmpe811_EnableITSource                  0x080086fd   Thumb Code    30  stmpe811.o(i.stmpe811_EnableITSource)
    stmpe811_IO_EnableAF                     0x08008739   Thumb Code    30  stmpe811.o(i.stmpe811_IO_EnableAF)
    stmpe811_Init                            0x08008759   Thumb Code    42  stmpe811.o(i.stmpe811_Init)
    stmpe811_ReadID                          0x08008789   Thumb Code    32  stmpe811.o(i.stmpe811_ReadID)
    stmpe811_Reset                           0x080087a9   Thumb Code    40  stmpe811.o(i.stmpe811_Reset)
    stmpe811_TS_ClearIT                      0x080087d1   Thumb Code     6  stmpe811.o(i.stmpe811_TS_ClearIT)
    stmpe811_TS_DetectTouch                  0x080087d7   Thumb Code    54  stmpe811.o(i.stmpe811_TS_DetectTouch)
    stmpe811_TS_DisableIT                    0x0800880d   Thumb Code    20  stmpe811.o(i.stmpe811_TS_DisableIT)
    stmpe811_TS_EnableIT                     0x08008821   Thumb Code    26  stmpe811.o(i.stmpe811_TS_EnableIT)
    stmpe811_TS_GetXY                        0x0800883b   Thumb Code    74  stmpe811.o(i.stmpe811_TS_GetXY)
    stmpe811_TS_ITStatus                     0x08008885   Thumb Code    16  stmpe811.o(i.stmpe811_TS_ITStatus)
    stmpe811_TS_Start                        0x08008895   Thumb Code   162  stmpe811.o(i.stmpe811_TS_Start)
    _fp_init                                 0x08008937   Thumb Code    10  fpinit.o(x$fpl$fpinit)
    __fplib_config_fpu_vfp                   0x0800893f   Thumb Code     0  fpinit.o(x$fpl$fpinit)
    __fplib_config_pureend_doubles           0x0800893f   Thumb Code     0  fpinit.o(x$fpl$fpinit)
    AHBPrescTable                            0x08008948   Data          16  system_stm32f4xx.o(.constdata)
    APBPrescTable                            0x08008958   Data           8  system_stm32f4xx.o(.constdata)
    Font24_Table                             0x08008960   Data        6840  stm32f429i_discovery_lcd.o(.constdata)
    Font16_Table                             0x0800a418   Data        3040  stm32f429i_discovery_lcd.o(.constdata)
    Arcade_Table                             0x0800aff8   Data        3312  stm32f429i_discovery_lcd.o(.constdata)
    Times24_Table                            0x0800bce8   Data        6696  stm32f429i_discovery_lcd.o(.constdata)
    Comicsans40_Table                        0x0800d710   Data       35840  stm32f429i_discovery_lcd.o(.constdata)
    Region$$Table$$Base                      0x08016324   Number         0  anon$$obj.o(Region$$Table)
    Region$$Table$$Limit                     0x08016344   Number         0  anon$$obj.o(Region$$Table)
    NCIRCLE                                  0x20000000   Data           1  main.o(.data)
    lifes                                    0x20000001   Data           1  main.o(.data)
    velocidad                                0x20000002   Data           1  main.o(.data)
    nivel                                    0x20000003   Data           1  main.o(.data)
    balls_alive                              0x20000004   Data           1  main.o(.data)
    bricks_alive                             0x20000005   Data           1  main.o(.data)
    dxmax                                    0x20000006   Data           2  main.o(.data)
    dymax                                    0x20000008   Data           2  main.o(.data)
    xmax                                     0x2000000a   Data           2  main.o(.data)
    ymax                                     0x2000000c   Data           2  main.o(.data)
    contador                                 0x2000000e   Data           2  main.o(.data)
    TimeStart                                0x20000010   Data           4  main.o(.data)
    score                                    0x20000014   Data           4  main.o(.data)
    barras                                   0x20000020   Data           8  main.o(.data)
    hcrc                                     0x20000028   Data           8  crc.o(.data)
    uwTickFreq                               0x20000038   Data           1  stm32f4xx_hal.o(.data)
    uwTickPrio                               0x2000003c   Data           4  stm32f4xx_hal.o(.data)
    uwTick                                   0x20000040   Data           4  stm32f4xx_hal.o(.data)
    SystemCoreClock                          0x20000044   Data           4  system_stm32f4xx.o(.data)
    BUTTON_PORT                              0x2000004c   Data           4  stm32f429i_discovery.o(.data)
    I2cxTimeout                              0x20000050   Data           4  stm32f429i_discovery.o(.data)
    SpixTimeout                              0x20000054   Data           4  stm32f429i_discovery.o(.data)
    GPIO_PORT                                0x20000058   Data           8  stm32f429i_discovery.o(.data)
    LcdDrv                                   0x20000064   Data           4  stm32f429i_discovery_lcd.o(.data)
    Font24                                   0x20000068   Data           8  stm32f429i_discovery_lcd.o(.data)
    Font16                                   0x20000070   Data           8  stm32f429i_discovery_lcd.o(.data)
    Arcade_font16                            0x20000078   Data           8  stm32f429i_discovery_lcd.o(.data)
    Times24                                  0x20000080   Data           8  stm32f429i_discovery_lcd.o(.data)
    Comicsans_font40                         0x20000088   Data           8  stm32f429i_discovery_lcd.o(.data)
    stmpe811_ts_drv                          0x200000a4   Data          40  stmpe811.o(.data)
    stmpe811                                 0x200000cc   Data           2  stmpe811.o(.data)
    ili9341_drv                              0x200000d0   Data          56  ili9341.o(.data)
    circulo                                  0x20000108   Data         180  main.o(.bss)
    bloque                                   0x200001bc   Data         800  main.o(.bss)
    texto                                    0x200004dc   Data          40  main.o(.bss)
    hadc1                                    0x20000504   Data          72  adc.o(.bss)
    hdma2d                                   0x2000054c   Data          64  dma2d.o(.bss)
    hsdram1                                  0x2000058c   Data          52  fmc.o(.bss)
    hi2c3                                    0x200005c0   Data          84  i2c.o(.bss)
    hltdc                                    0x20000614   Data         168  ltdc.o(.bss)
    hspi5                                    0x200006bc   Data          88  spi.o(.bss)
    htim1                                    0x20000714   Data          72  tim.o(.bss)
    huart1                                   0x2000075c   Data          72  usart.o(.bss)
    htim6                                    0x200007a4   Data          72  stm32f4xx_hal_timebase_tim.o(.bss)
    I2cHandle                                0x200007ec   Data          84  stm32f429i_discovery.o(.bss)
    LtdcHandler                              0x20000898   Data         168  stm32f429i_discovery_lcd.o(.bss)
    _random_number_data                      0x20000ae8   Data         228  rand.o(.bss)
    __libspace_start                         0x20000bcc   Data          96  libspace.o(.bss)
    __temporary_stack_top$libspace           0x20000c2c   Data           0  libspace.o(.bss)



==============================================================================

Memory Map of the image

  Image Entry point : 0x080001ad

  Load Region LR_IROM1 (Base: 0x08000000, Size: 0x0001644c, Max: 0x00200000, ABSOLUTE)

    Execution Region ER_IROM1 (Exec base: 0x08000000, Load base: 0x08000000, Size: 0x00016344, Max: 0x00200000, ABSOLUTE)

    Exec Addr    Load Addr    Size         Type   Attr      Idx    E Section Name        Object

    0x08000000   0x08000000   0x000001ac   Data   RO            3    RESET               startup_stm32f429xx.o
    0x080001ac   0x080001ac   0x00000008   Code   RO         6685  * !!!main             c_w.l(__main.o)
    0x080001b4   0x080001b4   0x00000034   Code   RO         6863    !!!scatter          c_w.l(__scatter.o)
    0x080001e8   0x080001e8   0x0000001a   Code   RO         6865    !!handler_copy      c_w.l(__scatter_copy.o)
    0x08000202   0x08000202   0x00000002   PAD
    0x08000204   0x08000204   0x0000001c   Code   RO         6867    !!handler_zi        c_w.l(__scatter_zi.o)
    0x08000220   0x08000220   0x00000000   Code   RO         6673    .ARM.Collect$$_printf_percent$$00000000  c_w.l(_printf_percent.o)
    0x08000220   0x08000220   0x00000006   Code   RO         6672    .ARM.Collect$$_printf_percent$$00000009  c_w.l(_printf_d.o)
    0x08000226   0x08000226   0x00000004   Code   RO         6698    .ARM.Collect$$_printf_percent$$00000017  c_w.l(_printf_percent_end.o)
    0x0800022a   0x0800022a   0x00000002   Code   RO         6784    .ARM.Collect$$libinit$$00000000  c_w.l(libinit.o)
    0x0800022c   0x0800022c   0x00000004   Code   RO         6699    .ARM.Collect$$libinit$$00000001  c_w.l(libinit2.o)
    0x08000230   0x08000230   0x00000000   Code   RO         6702    .ARM.Collect$$libinit$$00000004  c_w.l(libinit2.o)
    0x08000230   0x08000230   0x00000000   Code   RO         6705    .ARM.Collect$$libinit$$0000000A  c_w.l(libinit2.o)
    0x08000230   0x08000230   0x00000000   Code   RO         6707    .ARM.Collect$$libinit$$0000000C  c_w.l(libinit2.o)
    0x08000230   0x08000230   0x00000004   Code   RO         6708    .ARM.Collect$$libinit$$0000000D  c_w.l(libinit2.o)
    0x08000234   0x08000234   0x00000000   Code   RO         6709    .ARM.Collect$$libinit$$0000000E  c_w.l(libinit2.o)
    0x08000234   0x08000234   0x00000000   Code   RO         6712    .ARM.Collect$$libinit$$00000011  c_w.l(libinit2.o)
    0x08000234   0x08000234   0x00000000   Code   RO         6714    .ARM.Collect$$libinit$$00000013  c_w.l(libinit2.o)
    0x08000234   0x08000234   0x00000000   Code   RO         6716    .ARM.Collect$$libinit$$00000015  c_w.l(libinit2.o)
    0x08000234   0x08000234   0x00000000   Code   RO         6718    .ARM.Collect$$libinit$$00000017  c_w.l(libinit2.o)
    0x08000234   0x08000234   0x00000000   Code   RO         6720    .ARM.Collect$$libinit$$00000019  c_w.l(libinit2.o)
    0x08000234   0x08000234   0x00000000   Code   RO         6722    .ARM.Collect$$libinit$$0000001B  c_w.l(libinit2.o)
    0x08000234   0x08000234   0x00000000   Code   RO         6724    .ARM.Collect$$libinit$$0000001D  c_w.l(libinit2.o)
    0x08000234   0x08000234   0x00000000   Code   RO         6726    .ARM.Collect$$libinit$$0000001F  c_w.l(libinit2.o)
    0x08000234   0x08000234   0x00000000   Code   RO         6728    .ARM.Collect$$libinit$$00000021  c_w.l(libinit2.o)
    0x08000234   0x08000234   0x00000000   Code   RO         6730    .ARM.Collect$$libinit$$00000023  c_w.l(libinit2.o)
    0x08000234   0x08000234   0x00000000   Code   RO         6732    .ARM.Collect$$libinit$$00000025  c_w.l(libinit2.o)
    0x08000234   0x08000234   0x00000000   Code   RO         6736    .ARM.Collect$$libinit$$0000002C  c_w.l(libinit2.o)
    0x08000234   0x08000234   0x00000000   Code   RO         6738    .ARM.Collect$$libinit$$0000002E  c_w.l(libinit2.o)
    0x08000234   0x08000234   0x00000000   Code   RO         6740    .ARM.Collect$$libinit$$00000030  c_w.l(libinit2.o)
    0x08000234   0x08000234   0x00000000   Code   RO         6742    .ARM.Collect$$libinit$$00000032  c_w.l(libinit2.o)
    0x08000234   0x08000234   0x00000002   Code   RO         6743    .ARM.Collect$$libinit$$00000033  c_w.l(libinit2.o)
    0x08000236   0x08000236   0x00000002   Code   RO         6828    .ARM.Collect$$libshutdown$$00000000  c_w.l(libshutdown.o)
    0x08000238   0x08000238   0x00000000   Code   RO         6844    .ARM.Collect$$libshutdown$$00000002  c_w.l(libshutdown2.o)
    0x08000238   0x08000238   0x00000000   Code   RO         6846    .ARM.Collect$$libshutdown$$00000004  c_w.l(libshutdown2.o)
    0x08000238   0x08000238   0x00000000   Code   RO         6848    .ARM.Collect$$libshutdown$$00000006  c_w.l(libshutdown2.o)
    0x08000238   0x08000238   0x00000000   Code   RO         6851    .ARM.Collect$$libshutdown$$00000009  c_w.l(libshutdown2.o)
    0x08000238   0x08000238   0x00000000   Code   RO         6854    .ARM.Collect$$libshutdown$$0000000C  c_w.l(libshutdown2.o)
    0x08000238   0x08000238   0x00000000   Code   RO         6856    .ARM.Collect$$libshutdown$$0000000E  c_w.l(libshutdown2.o)
    0x08000238   0x08000238   0x00000000   Code   RO         6859    .ARM.Collect$$libshutdown$$00000011  c_w.l(libshutdown2.o)
    0x08000238   0x08000238   0x00000002   Code   RO         6860    .ARM.Collect$$libshutdown$$00000012  c_w.l(libshutdown2.o)
    0x0800023a   0x0800023a   0x00000000   Code   RO         6687    .ARM.Collect$$rtentry$$00000000  c_w.l(__rtentry.o)
    0x0800023a   0x0800023a   0x00000000   Code   RO         6745    .ARM.Collect$$rtentry$$00000002  c_w.l(__rtentry2.o)
    0x0800023a   0x0800023a   0x00000006   Code   RO         6757    .ARM.Collect$$rtentry$$00000004  c_w.l(__rtentry4.o)
    0x08000240   0x08000240   0x00000000   Code   RO         6747    .ARM.Collect$$rtentry$$00000009  c_w.l(__rtentry2.o)
    0x08000240   0x08000240   0x00000004   Code   RO         6748    .ARM.Collect$$rtentry$$0000000A  c_w.l(__rtentry2.o)
    0x08000244   0x08000244   0x00000000   Code   RO         6750    .ARM.Collect$$rtentry$$0000000C  c_w.l(__rtentry2.o)
    0x08000244   0x08000244   0x00000008   Code   RO         6751    .ARM.Collect$$rtentry$$0000000D  c_w.l(__rtentry2.o)
    0x0800024c   0x0800024c   0x00000002   Code   RO         6790    .ARM.Collect$$rtexit$$00000000  c_w.l(rtexit.o)
    0x0800024e   0x0800024e   0x00000000   Code   RO         6810    .ARM.Collect$$rtexit$$00000002  c_w.l(rtexit2.o)
    0x0800024e   0x0800024e   0x00000004   Code   RO         6811    .ARM.Collect$$rtexit$$00000003  c_w.l(rtexit2.o)
    0x08000252   0x08000252   0x00000006   Code   RO         6812    .ARM.Collect$$rtexit$$00000004  c_w.l(rtexit2.o)
    0x08000258   0x08000258   0x00000034   Code   RO         6674    .emb_text           c_w.l(rand.o)
    0x0800028c   0x0800028c   0x00000040   Code   RO            4    .text               startup_stm32f429xx.o
    0x080002cc   0x080002cc   0x000000ee   Code   RO         6640    .text               c_w.l(lludivv7m.o)
    0x080003ba   0x080003ba   0x00000002   PAD
    0x080003bc   0x080003bc   0x00000028   Code   RO         6644    .text               c_w.l(noretval__2sprintf.o)
    0x080003e4   0x080003e4   0x0000004e   Code   RO         6648    .text               c_w.l(_printf_pad.o)
    0x08000432   0x08000432   0x00000002   PAD
    0x08000434   0x08000434   0x00000078   Code   RO         6650    .text               c_w.l(_printf_dec.o)
    0x080004ac   0x080004ac   0x00000138   Code   RO         6664    .text               c_w.l(__printf_flags_wp.o)
    0x080005e4   0x080005e4   0x0000003c   Code   RO         6675    .text               c_w.l(rand.o)
    0x08000620   0x08000620   0x00000064   Code   RO         6679    .text               c_w.l(rt_memcpy_w.o)
    0x08000684   0x08000684   0x0000004e   Code   RO         6681    .text               c_w.l(rt_memclr_w.o)
    0x080006d2   0x080006d2   0x00000006   Code   RO         6683    .text               c_w.l(heapauxi.o)
    0x080006d8   0x080006d8   0x000000b2   Code   RO         6692    .text               c_w.l(_printf_intcommon.o)
    0x0800078a   0x0800078a   0x00000002   PAD
    0x0800078c   0x0800078c   0x00000030   Code   RO         6694    .text               c_w.l(_printf_char_common.o)
    0x080007bc   0x080007bc   0x0000000a   Code   RO         6696    .text               c_w.l(_sputc.o)
    0x080007c6   0x080007c6   0x0000004a   Code   RO         6767    .text               c_w.l(sys_stackheap_outer.o)
    0x08000810   0x08000810   0x00000012   Code   RO         6769    .text               c_w.l(exit.o)
    0x08000822   0x08000822   0x00000002   PAD
    0x08000824   0x08000824   0x00000008   Code   RO         6787    .text               c_w.l(libspace.o)
    0x0800082c   0x0800082c   0x0000000c   Code   RO         6804    .text               c_w.l(sys_exit.o)
    0x08000838   0x08000838   0x00000002   Code   RO         6806    .text               c_w.l(use_no_semi.o)
    0x0800083a   0x0800083a   0x00000000   Code   RO         6808    .text               c_w.l(indicate_semi.o)
    0x0800083a   0x0800083a   0x00000002   PAD
    0x0800083c   0x0800083c   0x00000178   Code   RO          953    i.ADC_Init          stm32f4xx_hal_adc.o
    0x080009b4   0x080009b4   0x0000003c   Code   RO         5829    i.BSP_LCD_Clear     stm32f429i_discovery_lcd.o
    0x080009f0   0x080009f0   0x00000034   Code   RO         5831    i.BSP_LCD_DisplayChar  stm32f429i_discovery_lcd.o
    0x08000a24   0x08000a24   0x00000014   Code   RO         5833    i.BSP_LCD_DisplayOn  stm32f429i_discovery_lcd.o
    0x08000a38   0x08000a38   0x000000c4   Code   RO         5834    i.BSP_LCD_DisplayStringAt  stm32f429i_discovery_lcd.o
    0x08000afc   0x08000afc   0x00000118   Code   RO         5837    i.BSP_LCD_DrawCircle  stm32f429i_discovery_lcd.o
    0x08000c14   0x08000c14   0x0000004c   Code   RO         5839    i.BSP_LCD_DrawHLine  stm32f429i_discovery_lcd.o
    0x08000c60   0x08000c60   0x000000c8   Code   RO         5840    i.BSP_LCD_DrawLine  stm32f429i_discovery_lcd.o
    0x08000d28   0x08000d28   0x00000034   Code   RO         5841    i.BSP_LCD_DrawPixel  stm32f429i_discovery_lcd.o
    0x08000d5c   0x08000d5c   0x00000036   Code   RO         5843    i.BSP_LCD_DrawRect  stm32f429i_discovery_lcd.o
    0x08000d92   0x08000d92   0x00000002   PAD
    0x08000d94   0x08000d94   0x00000058   Code   RO         5844    i.BSP_LCD_DrawVLine  stm32f429i_discovery_lcd.o
    0x08000dec   0x08000dec   0x000000c4   Code   RO         5845    i.BSP_LCD_FillCircle  stm32f429i_discovery_lcd.o
    0x08000eb0   0x08000eb0   0x00000068   Code   RO         5848    i.BSP_LCD_FillRect  stm32f429i_discovery_lcd.o
    0x08000f18   0x08000f18   0x0000001c   Code   RO         5851    i.BSP_LCD_GetFont   stm32f429i_discovery_lcd.o
    0x08000f34   0x08000f34   0x0000000c   Code   RO         5853    i.BSP_LCD_GetXSize  stm32f429i_discovery_lcd.o
    0x08000f40   0x08000f40   0x0000000c   Code   RO         5854    i.BSP_LCD_GetYSize  stm32f429i_discovery_lcd.o
    0x08000f4c   0x08000f4c   0x00000094   Code   RO         5855    i.BSP_LCD_Init      stm32f429i_discovery_lcd.o
    0x08000fe0   0x08000fe0   0x00000080   Code   RO         5856    i.BSP_LCD_LayerDefaultInit  stm32f429i_discovery_lcd.o
    0x08001060   0x08001060   0x0000012c   Code   RO         5857    i.BSP_LCD_MspInit   stm32f429i_discovery_lcd.o
    0x0800118c   0x0800118c   0x0000000c   Code   RO         5862    i.BSP_LCD_SelectLayer  stm32f429i_discovery_lcd.o
    0x08001198   0x08001198   0x0000001c   Code   RO         5863    i.BSP_LCD_SetBackColor  stm32f429i_discovery_lcd.o
    0x080011b4   0x080011b4   0x0000001c   Code   RO         5866    i.BSP_LCD_SetFont   stm32f429i_discovery_lcd.o
    0x080011d0   0x080011d0   0x00000018   Code   RO         5873    i.BSP_LCD_SetTextColor  stm32f429i_discovery_lcd.o
    0x080011e8   0x080011e8   0x00000022   Code   RO           13    i.BSP_LCD_printf    main.o
    0x0800120a   0x0800120a   0x00000002   PAD
    0x0800120c   0x0800120c   0x00000078   Code   RO         6229    i.BSP_SDRAM_Init    stm32f429i_discovery_sdram.o
    0x08001284   0x08001284   0x00000088   Code   RO         6230    i.BSP_SDRAM_Initialization_sequence  stm32f429i_discovery_sdram.o
    0x0800130c   0x0800130c   0x00000164   Code   RO         6232    i.BSP_SDRAM_MspInit  stm32f429i_discovery_sdram.o
    0x08001470   0x08001470   0x000000b0   Code   RO         6309    i.BSP_TS_GetState   stm32f429i_discovery_ts.o
    0x08001520   0x08001520   0x00000038   Code   RO         6313    i.BSP_TS_Init       stm32f429i_discovery_ts.o
    0x08001558   0x08001558   0x00000078   Code   RO           14    i.BarTouch          main.o
    0x080015d0   0x080015d0   0x00000002   Code   RO          763    i.BusFault_Handler  stm32f4xx_it.o
    0x080015d2   0x080015d2   0x00000002   PAD
    0x080015d4   0x080015d4   0x000002f8   Code   RO           15    i.Check4Coll        main.o
    0x080018cc   0x080018cc   0x0000000c   Code   RO          764    i.DMA2D_IRQHandler  stm32f4xx_it.o
    0x080018d8   0x080018d8   0x00000096   Code   RO         2523    i.DMA2D_SetConfig   stm32f4xx_hal_dma2d.o
    0x0800196e   0x0800196e   0x00000002   PAD
    0x08001970   0x08001970   0x00000028   Code   RO         1754    i.DMA_CalcBaseAndBitshift  stm32f4xx_hal_dma.o
    0x08001998   0x08001998   0x00000054   Code   RO         1755    i.DMA_CheckFifoParam  stm32f4xx_hal_dma.o
    0x080019ec   0x080019ec   0x00000002   Code   RO          765    i.DebugMon_Handler  stm32f4xx_it.o
    0x080019ee   0x080019ee   0x00000002   PAD
    0x080019f0   0x080019f0   0x00000114   Code   RO           16    i.DrawBlocks        main.o
    0x08001b04   0x08001b04   0x0000019c   Code   RO         5877    i.DrawChar          stm32f429i_discovery_lcd.o
    0x08001ca0   0x08001ca0   0x00000034   Code   RO           17    i.Drawbar           main.o
    0x08001cd4   0x08001cd4   0x00000004   Code   RO           18    i.Error_Handler     main.o
    0x08001cd8   0x08001cd8   0x000001a0   Code   RO         2752    i.FMC_SDRAM_Init    stm32f4xx_ll_fmc.o
    0x08001e78   0x08001e78   0x00000074   Code   RO         2753    i.FMC_SDRAM_ProgramRefreshRate  stm32f4xx_ll_fmc.o
    0x08001eec   0x08001eec   0x00000100   Code   RO         2754    i.FMC_SDRAM_SendCommand  stm32f4xx_ll_fmc.o
    0x08001fec   0x08001fec   0x00000190   Code   RO         2756    i.FMC_SDRAM_Timing_Init  stm32f4xx_ll_fmc.o
    0x0800217c   0x0800217c   0x00000060   Code   RO         5878    i.FillBuffer        stm32f429i_discovery_lcd.o
    0x080021dc   0x080021dc   0x000001f0   Code   RO          955    i.HAL_ADC_ConfigChannel  stm32f4xx_hal_adc.o
    0x080023cc   0x080023cc   0x00000220   Code   RO          964    i.HAL_ADC_Init      stm32f4xx_hal_adc.o
    0x080025ec   0x080025ec   0x00000028   Code   RO          380    i.HAL_ADC_MspInit   adc.o
    0x08002614   0x08002614   0x00000070   Code   RO         2467    i.HAL_CRC_Init      stm32f4xx_hal_crc.o
    0x08002684   0x08002684   0x00000028   Code   RO          422    i.HAL_CRC_MspInit   crc.o
    0x080026ac   0x080026ac   0x00000002   Code   RO         2529    i.HAL_DMA2D_CLUTLoadingCpltCallback  stm32f4xx_hal_dma2d.o
    0x080026ae   0x080026ae   0x00000002   PAD
    0x080026b0   0x080026b0   0x0000015c   Code   RO         2537    i.HAL_DMA2D_ConfigLayer  stm32f4xx_hal_dma2d.o
    0x0800280c   0x0800280c   0x0000011e   Code   RO         2544    i.HAL_DMA2D_IRQHandler  stm32f4xx_hal_dma2d.o
    0x0800292a   0x0800292a   0x00000002   PAD
    0x0800292c   0x0800292c   0x000000f4   Code   RO         2545    i.HAL_DMA2D_Init    stm32f4xx_hal_dma2d.o
    0x08002a20   0x08002a20   0x00000002   Code   RO         2546    i.HAL_DMA2D_LineEventCallback  stm32f4xx_hal_dma2d.o
    0x08002a22   0x08002a22   0x00000002   PAD
    0x08002a24   0x08002a24   0x0000003c   Code   RO          464    i.HAL_DMA2D_MspInit  dma2d.o
    0x08002a60   0x08002a60   0x00000110   Code   RO         2549    i.HAL_DMA2D_PollForTransfer  stm32f4xx_hal_dma2d.o
    0x08002b70   0x08002b70   0x000000a0   Code   RO         2552    i.HAL_DMA2D_Start   stm32f4xx_hal_dma2d.o
    0x08002c10   0x08002c10   0x0000012c   Code   RO         1759    i.HAL_DMA_DeInit    stm32f4xx_hal_dma.o
    0x08002d3c   0x08002d3c   0x000002e0   Code   RO         1763    i.HAL_DMA_Init      stm32f4xx_hal_dma.o
    0x0800301c   0x0800301c   0x00000024   Code   RO         2200    i.HAL_Delay         stm32f4xx_hal.o
    0x08003040   0x08003040   0x000000dc   Code   RO          505    i.HAL_FMC_MspInit   fmc.o
    0x0800311c   0x0800311c   0x00000218   Code   RO         1647    i.HAL_GPIO_DeInit   stm32f4xx_hal_gpio.o
    0x08003334   0x08003334   0x00000328   Code   RO         1650    i.HAL_GPIO_Init     stm32f4xx_hal_gpio.o
    0x0800365c   0x0800365c   0x0000006c   Code   RO         1654    i.HAL_GPIO_WritePin  stm32f4xx_hal_gpio.o
    0x080036c8   0x080036c8   0x0000000c   Code   RO         2208    i.HAL_GetTick       stm32f4xx_hal.o
    0x080036d4   0x080036d4   0x000000bc   Code   RO         3520    i.HAL_I2CEx_ConfigAnalogFilter  stm32f4xx_hal_i2c_ex.o
    0x08003790   0x08003790   0x000000b4   Code   RO         3521    i.HAL_I2CEx_ConfigDigitalFilter  stm32f4xx_hal_i2c_ex.o
    0x08003844   0x08003844   0x00000094   Code   RO         3085    i.HAL_I2C_DeInit    stm32f4xx_hal_i2c.o
    0x080038d8   0x080038d8   0x00000006   Code   RO         3093    i.HAL_I2C_GetState  stm32f4xx_hal_i2c.o
    0x080038de   0x080038de   0x00000002   PAD
    0x080038e0   0x080038e0   0x00000288   Code   RO         3094    i.HAL_I2C_Init      stm32f4xx_hal_i2c.o
    0x08003b68   0x08003b68   0x0000024c   Code   RO         3112    i.HAL_I2C_Mem_Read  stm32f4xx_hal_i2c.o
    0x08003db4   0x08003db4   0x0000017c   Code   RO         3115    i.HAL_I2C_Mem_Write  stm32f4xx_hal_i2c.o
    0x08003f30   0x08003f30   0x0000003c   Code   RO          553    i.HAL_I2C_MspDeInit  i2c.o
    0x08003f6c   0x08003f6c   0x00000090   Code   RO          554    i.HAL_I2C_MspInit   i2c.o
    0x08003ffc   0x08003ffc   0x00000010   Code   RO         2214    i.HAL_IncTick       stm32f4xx_hal.o
    0x0800400c   0x0800400c   0x00000034   Code   RO         2215    i.HAL_Init          stm32f4xx_hal.o
    0x08004040   0x08004040   0x00000098   Code   RO          881    i.HAL_InitTick      stm32f4xx_hal_timebase_tim.o
    0x080040d8   0x080040d8   0x00000180   Code   RO         3553    i.HAL_LTDC_ConfigLayer  stm32f4xx_hal_ltdc.o
    0x08004258   0x08004258   0x00000030   Code   RO         3565    i.HAL_LTDC_EnableDither  stm32f4xx_hal_ltdc.o
    0x08004288   0x08004288   0x00000002   Code   RO         3566    i.HAL_LTDC_ErrorCallback  stm32f4xx_hal_ltdc.o
    0x0800428a   0x0800428a   0x000000ca   Code   RO         3569    i.HAL_LTDC_IRQHandler  stm32f4xx_hal_ltdc.o
    0x08004354   0x08004354   0x00000204   Code   RO         3570    i.HAL_LTDC_Init     stm32f4xx_hal_ltdc.o
    0x08004558   0x08004558   0x00000002   Code   RO         3571    i.HAL_LTDC_LineEventCallback  stm32f4xx_hal_ltdc.o
    0x0800455a   0x0800455a   0x00000002   PAD
    0x0800455c   0x0800455c   0x000001ac   Code   RO          596    i.HAL_LTDC_MspInit  ltdc.o
    0x08004708   0x08004708   0x00000002   Code   RO         3576    i.HAL_LTDC_ReloadEventCallback  stm32f4xx_hal_ltdc.o
    0x0800470a   0x0800470a   0x00000002   PAD
    0x0800470c   0x0800470c   0x00000030   Code   RO          857    i.HAL_MspInit       stm32f4xx_hal_msp.o
    0x0800473c   0x0800473c   0x00000064   Code   RO         2058    i.HAL_NVIC_EnableIRQ  stm32f4xx_hal_cortex.o
    0x080047a0   0x080047a0   0x000000a0   Code   RO         2064    i.HAL_NVIC_SetPriority  stm32f4xx_hal_cortex.o
    0x08004840   0x08004840   0x00000080   Code   RO         2065    i.HAL_NVIC_SetPriorityGrouping  stm32f4xx_hal_cortex.o
    0x080048c0   0x080048c0   0x00000070   Code   RO         1986    i.HAL_PWREx_EnableOverDrive  stm32f4xx_hal_pwr_ex.o
    0x08004930   0x08004930   0x000004c8   Code   RO         1336    i.HAL_RCCEx_PeriphCLKConfig  stm32f4xx_hal_rcc_ex.o
    0x08004df8   0x08004df8   0x0000026c   Code   RO         1229    i.HAL_RCC_ClockConfig  stm32f4xx_hal_rcc.o
    0x08005064   0x08005064   0x00000040   Code   RO         1233    i.HAL_RCC_GetClockConfig  stm32f4xx_hal_rcc.o
    0x080050a4   0x080050a4   0x00000020   Code   RO         1236    i.HAL_RCC_GetPCLK1Freq  stm32f4xx_hal_rcc.o
    0x080050c4   0x080050c4   0x00000020   Code   RO         1237    i.HAL_RCC_GetPCLK2Freq  stm32f4xx_hal_rcc.o
    0x080050e4   0x080050e4   0x00000060   Code   RO         1238    i.HAL_RCC_GetSysClockFreq  stm32f4xx_hal_rcc.o
    0x08005144   0x08005144   0x000004a8   Code   RO         1241    i.HAL_RCC_OscConfig  stm32f4xx_hal_rcc.o
    0x080055ec   0x080055ec   0x00000042   Code   RO         2918    i.HAL_SDRAM_Init    stm32f4xx_hal_sdram.o
    0x0800562e   0x0800562e   0x00000004   Code   RO          507    i.HAL_SDRAM_MspInit  fmc.o
    0x08005632   0x08005632   0x0000002e   Code   RO         2921    i.HAL_SDRAM_ProgramRefreshRate  stm32f4xx_hal_sdram.o
    0x08005660   0x08005660   0x0000003c   Code   RO         2927    i.HAL_SDRAM_SendCommand  stm32f4xx_hal_sdram.o
    0x0800569c   0x0800569c   0x000000b0   Code   RO         3849    i.HAL_SPI_DeInit    stm32f4xx_hal_spi.o
    0x0800574c   0x0800574c   0x00000006   Code   RO         3852    i.HAL_SPI_GetState  stm32f4xx_hal_spi.o
    0x08005752   0x08005752   0x00000002   PAD
    0x08005754   0x08005754   0x00000268   Code   RO         3854    i.HAL_SPI_Init      stm32f4xx_hal_spi.o
    0x080059bc   0x080059bc   0x0000002c   Code   RO          637    i.HAL_SPI_MspDeInit  spi.o
    0x080059e8   0x080059e8   0x00000068   Code   RO          638    i.HAL_SPI_MspInit   spi.o
    0x08005a50   0x08005a50   0x00000156   Code   RO         3857    i.HAL_SPI_Receive   stm32f4xx_hal_spi.o
    0x08005ba6   0x08005ba6   0x00000002   PAD
    0x08005ba8   0x08005ba8   0x000001bc   Code   RO         3862    i.HAL_SPI_Transmit  stm32f4xx_hal_spi.o
    0x08005d64   0x08005d64   0x00000234   Code   RO         3863    i.HAL_SPI_TransmitReceive  stm32f4xx_hal_spi.o
    0x08005f98   0x08005f98   0x00000002   Code   RO         4872    i.HAL_TIMEx_BreakCallback  stm32f4xx_hal_tim_ex.o
    0x08005f9a   0x08005f9a   0x00000002   Code   RO         4873    i.HAL_TIMEx_CommutCallback  stm32f4xx_hal_tim_ex.o
    0x08005f9c   0x08005f9c   0x00000150   Code   RO         4891    i.HAL_TIMEx_MasterConfigSynchronization  stm32f4xx_hal_tim_ex.o
    0x080060ec   0x080060ec   0x00000194   Code   RO         4167    i.HAL_TIM_Base_Init  stm32f4xx_hal_tim.o
    0x08006280   0x08006280   0x00000028   Code   RO          680    i.HAL_TIM_Base_MspInit  tim.o
    0x080062a8   0x080062a8   0x00000130   Code   RO         4172    i.HAL_TIM_Base_Start_IT  stm32f4xx_hal_tim.o
    0x080063d8   0x080063d8   0x00000410   Code   RO         4176    i.HAL_TIM_ConfigClockSource  stm32f4xx_hal_tim.o
    0x080067e8   0x080067e8   0x00000002   Code   RO         4201    i.HAL_TIM_IC_CaptureCallback  stm32f4xx_hal_tim.o
    0x080067ea   0x080067ea   0x00000130   Code   RO         4215    i.HAL_TIM_IRQHandler  stm32f4xx_hal_tim.o
    0x0800691a   0x0800691a   0x00000002   Code   RO         4218    i.HAL_TIM_OC_DelayElapsedCallback  stm32f4xx_hal_tim.o
    0x0800691c   0x0800691c   0x00000002   Code   RO         4245    i.HAL_TIM_PWM_PulseFinishedCallback  stm32f4xx_hal_tim.o
    0x0800691e   0x0800691e   0x00000002   PAD
    0x08006920   0x08006920   0x00000014   Code   RO           19    i.HAL_TIM_PeriodElapsedCallback  main.o
    0x08006934   0x08006934   0x00000002   Code   RO         4258    i.HAL_TIM_TriggerCallback  stm32f4xx_hal_tim.o
    0x08006936   0x08006936   0x00000002   PAD
    0x08006938   0x08006938   0x00000160   Code   RO         5169    i.HAL_UART_Init     stm32f4xx_hal_uart.o
    0x08006a98   0x08006a98   0x0000006c   Code   RO          722    i.HAL_UART_MspInit  usart.o
    0x08006b04   0x08006b04   0x00000002   Code   RO          766    i.HardFault_Handler  stm32f4xx_it.o
    0x08006b06   0x08006b06   0x0000002e   Code   RO         3137    i.I2C_IsAcknowledgeFailed  stm32f4xx_hal_i2c.o
    0x08006b34   0x08006b34   0x000000fc   Code   RO         3147    i.I2C_RequestMemoryRead  stm32f4xx_hal_i2c.o
    0x08006c30   0x08006c30   0x000000a8   Code   RO         3148    i.I2C_RequestMemoryWrite  stm32f4xx_hal_i2c.o
    0x08006cd8   0x08006cd8   0x00000056   Code   RO         3152    i.I2C_WaitOnBTFFlagUntilTimeout  stm32f4xx_hal_i2c.o
    0x08006d2e   0x08006d2e   0x00000002   PAD
    0x08006d30   0x08006d30   0x00000090   Code   RO         3153    i.I2C_WaitOnFlagUntilTimeout  stm32f4xx_hal_i2c.o
    0x08006dc0   0x08006dc0   0x000000bc   Code   RO         3154    i.I2C_WaitOnMasterAddressFlagUntilTimeout  stm32f4xx_hal_i2c.o
    0x08006e7c   0x08006e7c   0x00000070   Code   RO         3155    i.I2C_WaitOnRXNEFlagUntilTimeout  stm32f4xx_hal_i2c.o
    0x08006eec   0x08006eec   0x00000056   Code   RO         3156    i.I2C_WaitOnTXEFlagUntilTimeout  stm32f4xx_hal_i2c.o
    0x08006f42   0x08006f42   0x00000002   PAD
    0x08006f44   0x08006f44   0x00000014   Code   RO         5550    i.I2Cx_Error        stm32f429i_discovery.o
    0x08006f58   0x08006f58   0x00000048   Code   RO         5551    i.I2Cx_Init         stm32f429i_discovery.o
    0x08006fa0   0x08006fa0   0x000000b8   Code   RO         5552    i.I2Cx_MspInit      stm32f429i_discovery.o
    0x08007058   0x08007058   0x00000004   Code   RO         5553    i.IOE_Delay         stm32f429i_discovery.o
    0x0800705c   0x0800705c   0x00000050   Code   RO         5554    i.IOE_ITConfig      stm32f429i_discovery.o
    0x080070ac   0x080070ac   0x00000004   Code   RO         5555    i.IOE_Init          stm32f429i_discovery.o
    0x080070b0   0x080070b0   0x00000034   Code   RO         5556    i.IOE_Read          stm32f429i_discovery.o
    0x080070e4   0x080070e4   0x00000030   Code   RO         5557    i.IOE_ReadMultiple  stm32f429i_discovery.o
    0x08007114   0x08007114   0x00000030   Code   RO         5558    i.IOE_Write         stm32f429i_discovery.o
    0x08007144   0x08007144   0x00000078   Code   RO           20    i.InitBalls         main.o
    0x080071bc   0x080071bc   0x00000030   Code   RO           21    i.Initbar           main.o
    0x080071ec   0x080071ec   0x00000004   Code   RO         5560    i.LCD_Delay         stm32f429i_discovery.o
    0x080071f0   0x080071f0   0x000000a8   Code   RO         5561    i.LCD_IO_Init       stm32f429i_discovery.o
    0x08007298   0x08007298   0x0000006c   Code   RO         5562    i.LCD_IO_ReadData   stm32f429i_discovery.o
    0x08007304   0x08007304   0x00000038   Code   RO         5563    i.LCD_IO_WriteData  stm32f429i_discovery.o
    0x0800733c   0x0800733c   0x00000038   Code   RO         5564    i.LCD_IO_WriteReg   stm32f429i_discovery.o
    0x08007374   0x08007374   0x0000000c   Code   RO          767    i.LTDC_IRQHandler   stm32f4xx_it.o
    0x08007380   0x08007380   0x00000162   Code   RO         3589    i.LTDC_SetConfig    stm32f4xx_hal_ltdc.o
    0x080074e2   0x080074e2   0x00000002   PAD
    0x080074e4   0x080074e4   0x00000050   Code   RO           22    i.Lossing_Screen    main.o
    0x08007534   0x08007534   0x0000006c   Code   RO          381    i.MX_ADC1_Init      adc.o
    0x080075a0   0x080075a0   0x00000024   Code   RO          423    i.MX_CRC_Init       crc.o
    0x080075c4   0x080075c4   0x00000040   Code   RO          465    i.MX_DMA2D_Init     dma2d.o
    0x08007604   0x08007604   0x00000068   Code   RO          508    i.MX_FMC_Init       fmc.o
    0x0800766c   0x0800766c   0x00000224   Code   RO          355    i.MX_GPIO_Init      gpio.o
    0x08007890   0x08007890   0x0000005c   Code   RO          555    i.MX_I2C3_Init      i2c.o
    0x080078ec   0x080078ec   0x000000b0   Code   RO          597    i.MX_LTDC_Init      ltdc.o
    0x0800799c   0x0800799c   0x00000048   Code   RO          639    i.MX_SPI5_Init      spi.o
    0x080079e4   0x080079e4   0x00000068   Code   RO          681    i.MX_TIM1_Init      tim.o
    0x08007a4c   0x08007a4c   0x00000038   Code   RO          723    i.MX_USART1_UART_Init  usart.o
    0x08007a84   0x08007a84   0x00000002   Code   RO          768    i.MemManage_Handler  stm32f4xx_it.o
    0x08007a86   0x08007a86   0x00000002   PAD
    0x08007a88   0x08007a88   0x0000006c   Code   RO           23    i.Menu_screen       main.o
    0x08007af4   0x08007af4   0x00000002   Code   RO          769    i.NMI_Handler       stm32f4xx_it.o
    0x08007af6   0x08007af6   0x00000002   Code   RO          770    i.PendSV_Handler    stm32f4xx_it.o
    0x08007af8   0x08007af8   0x0000005c   Code   RO         3891    i.SPI_EndRxTransaction  stm32f4xx_hal_spi.o
    0x08007b54   0x08007b54   0x0000006c   Code   RO         3892    i.SPI_EndRxTxTransaction  stm32f4xx_hal_spi.o
    0x08007bc0   0x08007bc0   0x000000b8   Code   RO         3897    i.SPI_WaitFlagStateUntilTimeout  stm32f4xx_hal_spi.o
    0x08007c78   0x08007c78   0x00000014   Code   RO         5565    i.SPIx_Error        stm32f429i_discovery.o
    0x08007c8c   0x08007c8c   0x0000009c   Code   RO         5566    i.SPIx_Init         stm32f429i_discovery.o
    0x08007d28   0x08007d28   0x00000024   Code   RO         5567    i.SPIx_Write        stm32f429i_discovery.o
    0x08007d4c   0x08007d4c   0x00000002   Code   RO          771    i.SVC_Handler       stm32f4xx_it.o
    0x08007d4e   0x08007d4e   0x00000002   Code   RO          772    i.SysTick_Handler   stm32f4xx_it.o
    0x08007d50   0x08007d50   0x000000a0   Code   RO           25    i.SystemClock_Config  main.o
    0x08007df0   0x08007df0   0x00000010   Code   RO         5503    i.SystemInit        system_stm32f4xx.o
    0x08007e00   0x08007e00   0x0000000c   Code   RO          773    i.TIM6_DAC_IRQHandler  stm32f4xx_it.o
    0x08007e0c   0x08007e0c   0x000000d8   Code   RO         4260    i.TIM_Base_SetConfig  stm32f4xx_hal_tim.o
    0x08007ee4   0x08007ee4   0x00000014   Code   RO         4271    i.TIM_ETR_SetConfig  stm32f4xx_hal_tim.o
    0x08007ef8   0x08007ef8   0x00000010   Code   RO         4272    i.TIM_ITRx_SetConfig  stm32f4xx_hal_tim.o
    0x08007f08   0x08007f08   0x00000022   Code   RO         4278    i.TIM_TI1_ConfigInputStage  stm32f4xx_hal_tim.o
    0x08007f2a   0x08007f2a   0x00000024   Code   RO         4280    i.TIM_TI2_ConfigInputStage  stm32f4xx_hal_tim.o
    0x08007f4e   0x08007f4e   0x00000002   PAD
    0x08007f50   0x08007f50   0x000000ac   Code   RO          920    i.Touch_init        touchscreen.o
    0x08007ffc   0x08007ffc   0x000001a0   Code   RO         5195    i.UART_SetConfig    stm32f4xx_hal_uart.o
    0x0800819c   0x0800819c   0x00000002   Code   RO          774    i.UsageFault_Handler  stm32f4xx_it.o
    0x0800819e   0x0800819e   0x0000003e   Code   RO          921    i.WaitForPressedState  touchscreen.o
    0x080081dc   0x080081dc   0x0000004c   Code   RO           26    i.Winning_screen    main.o
    0x08008228   0x08008228   0x00000020   Code   RO         2071    i.__NVIC_SetPriority  stm32f4xx_hal_cortex.o
    0x08008248   0x08008248   0x0000000e   Code   RO         6662    i._is_digit         c_w.l(__printf_wp.o)
    0x08008256   0x08008256   0x00000002   Code   RO           27    i.assert_failed     main.o
    0x08008258   0x08008258   0x00000006   Code   RO         6570    i.ili9341_DisplayOff  ili9341.o
    0x0800825e   0x0800825e   0x00000006   Code   RO         6571    i.ili9341_DisplayOn  ili9341.o
    0x08008264   0x08008264   0x00000006   Code   RO         6572    i.ili9341_GetLcdPixelHeight  ili9341.o
    0x0800826a   0x0800826a   0x00000004   Code   RO         6573    i.ili9341_GetLcdPixelWidth  ili9341.o
    0x0800826e   0x0800826e   0x00000292   Code   RO         6574    i.ili9341_Init      ili9341.o
    0x08008500   0x08008500   0x00000012   Code   RO         6576    i.ili9341_ReadID    ili9341.o
    0x08008512   0x08008512   0x00000002   PAD
    0x08008514   0x08008514   0x00000188   Code   RO           28    i.main              main.o
    0x0800869c   0x0800869c   0x0000000a   Code   RO         6359    i.stmpe811_ClearGlobalIT  stmpe811.o
    0x080086a6   0x080086a6   0x0000001c   Code   RO         6360    i.stmpe811_DisableGlobalIT  stmpe811.o
    0x080086c2   0x080086c2   0x0000001e   Code   RO         6361    i.stmpe811_DisableITSource  stmpe811.o
    0x080086e0   0x080086e0   0x0000001c   Code   RO         6362    i.stmpe811_EnableGlobalIT  stmpe811.o
    0x080086fc   0x080086fc   0x0000001e   Code   RO         6363    i.stmpe811_EnableITSource  stmpe811.o
    0x0800871a   0x0800871a   0x00000002   PAD
    0x0800871c   0x0800871c   0x0000001c   Code   RO         6364    i.stmpe811_GetInstance  stmpe811.o
    0x08008738   0x08008738   0x0000001e   Code   RO         6371    i.stmpe811_IO_EnableAF  stmpe811.o
    0x08008756   0x08008756   0x00000002   PAD
    0x08008758   0x08008758   0x00000030   Code   RO         6380    i.stmpe811_Init     stmpe811.o
    0x08008788   0x08008788   0x00000020   Code   RO         6382    i.stmpe811_ReadID   stmpe811.o
    0x080087a8   0x080087a8   0x00000028   Code   RO         6383    i.stmpe811_Reset    stmpe811.o
    0x080087d0   0x080087d0   0x00000006   Code   RO         6386    i.stmpe811_TS_ClearIT  stmpe811.o
    0x080087d6   0x080087d6   0x00000036   Code   RO         6387    i.stmpe811_TS_DetectTouch  stmpe811.o
    0x0800880c   0x0800880c   0x00000014   Code   RO         6388    i.stmpe811_TS_DisableIT  stmpe811.o
    0x08008820   0x08008820   0x0000001a   Code   RO         6389    i.stmpe811_TS_EnableIT  stmpe811.o
    0x0800883a   0x0800883a   0x0000004a   Code   RO         6390    i.stmpe811_TS_GetXY  stmpe811.o
    0x08008884   0x08008884   0x00000010   Code   RO         6391    i.stmpe811_TS_ITStatus  stmpe811.o
    0x08008894   0x08008894   0x000000a2   Code   RO         6392    i.stmpe811_TS_Start  stmpe811.o
    0x08008936   0x08008936   0x0000000a   Code   RO         6765    x$fpl$fpinit        fz_wm.l(fpinit.o)
    0x08008940   0x08008940   0x00000008   Data   RO         1769    .constdata          stm32f4xx_hal_dma.o
    0x08008948   0x08008948   0x00000010   Data   RO         5504    .constdata          system_stm32f4xx.o
    0x08008958   0x08008958   0x00000008   Data   RO         5505    .constdata          system_stm32f4xx.o
    0x08008960   0x08008960   0x00001ab8   Data   RO         5880    .constdata          stm32f429i_discovery_lcd.o
    0x0800a418   0x0800a418   0x00000be0   Data   RO         5882    .constdata          stm32f429i_discovery_lcd.o
    0x0800aff8   0x0800aff8   0x00000cf0   Data   RO         5885    .constdata          stm32f429i_discovery_lcd.o
    0x0800bce8   0x0800bce8   0x00001a28   Data   RO         5889    .constdata          stm32f429i_discovery_lcd.o
    0x0800d710   0x0800d710   0x00008c00   Data   RO         5893    .constdata          stm32f429i_discovery_lcd.o
    0x08016310   0x08016310   0x00000011   Data   RO         6665    .constdata          c_w.l(__printf_flags_wp.o)
    0x08016321   0x08016321   0x00000003   PAD
    0x08016324   0x08016324   0x00000020   Data   RO         6861    Region$$Table       anon$$obj.o


    Execution Region RW_IRAM2 (Exec base: 0x10000000, Load base: 0x0801644c, Size: 0x00000000, Max: 0x00010000, ABSOLUTE)

    **** No section assigned to this execution region ****


    Execution Region RW_IRAM1 (Exec base: 0x20000000, Load base: 0x08016344, Size: 0x00001230, Max: 0x00030000, ABSOLUTE)

    Exec Addr    Load Addr    Size         Type   Attr      Idx    E Section Name        Object

    0x20000000   0x08016344   0x00000028   Data   RW           32    .data               main.o
    0x20000028   0x0801636c   0x00000008   Data   RW          424    .data               crc.o
    0x20000030   0x08016374   0x00000008   Data   RW          510    .data               fmc.o
    0x20000038   0x0801637c   0x0000000c   Data   RW         2222    .data               stm32f4xx_hal.o
    0x20000044   0x08016388   0x00000004   Data   RW         5506    .data               system_stm32f4xx.o
    0x20000048   0x0801638c   0x00000018   Data   RW         5571    .data               stm32f429i_discovery.o
    0x20000060   0x080163a4   0x00000010   Data   RW         5894    .data               stm32f429i_discovery_lcd.o
    0x20000070   0x080163b4   0x00000008   Data   RW         5896    .data               stm32f429i_discovery_lcd.o
    0x20000078   0x080163bc   0x00000008   Data   RW         5899    .data               stm32f429i_discovery_lcd.o
    0x20000080   0x080163c4   0x00000008   Data   RW         5903    .data               stm32f429i_discovery_lcd.o
    0x20000088   0x080163cc   0x00000008   Data   RW         5907    .data               stm32f429i_discovery_lcd.o
    0x20000090   0x080163d4   0x00000001   Data   RW         6239    .data               stm32f429i_discovery_sdram.o
    0x20000091   0x080163d5   0x00000003   PAD
    0x20000094   0x080163d8   0x00000010   Data   RW         6314    .data               stm32f429i_discovery_ts.o
    0x200000a4   0x080163e8   0x00000028   Data   RW         6393    .data               stmpe811.o
    0x200000cc   0x08016410   0x00000002   Data   RW         6395    .data               stmpe811.o
    0x200000ce   0x08016412   0x00000002   PAD
    0x200000d0   0x08016414   0x00000038   Data   RW         6579    .data               ili9341.o
    0x20000108        -       0x000003fc   Zero   RW           30    .bss                main.o
    0x20000504        -       0x00000048   Zero   RW          382    .bss                adc.o
    0x2000054c        -       0x00000040   Zero   RW          466    .bss                dma2d.o
    0x2000058c        -       0x00000034   Zero   RW          509    .bss                fmc.o
    0x200005c0        -       0x00000054   Zero   RW          556    .bss                i2c.o
    0x20000614        -       0x000000a8   Zero   RW          598    .bss                ltdc.o
    0x200006bc        -       0x00000058   Zero   RW          640    .bss                spi.o
    0x20000714        -       0x00000048   Zero   RW          682    .bss                tim.o
    0x2000075c        -       0x00000048   Zero   RW          724    .bss                usart.o
    0x200007a4        -       0x00000048   Zero   RW          884    .bss                stm32f4xx_hal_timebase_tim.o
    0x200007ec        -       0x000000ac   Zero   RW         5569    .bss                stm32f429i_discovery.o
    0x20000898        -       0x00000130   Zero   RW         5879    .bss                stm32f429i_discovery_lcd.o
    0x200009c8        -       0x00000120   Zero   RW         6238    .bss                stm32f429i_discovery_sdram.o
    0x20000ae8        -       0x000000e4   Zero   RW         6676    .bss                c_w.l(rand.o)
    0x20000bcc        -       0x00000060   Zero   RW         6788    .bss                c_w.l(libspace.o)
    0x20000c2c   0x0801644c   0x00000004   PAD
    0x20000c30        -       0x00000200   Zero   RW            2    HEAP                startup_stm32f429xx.o
    0x20000e30        -       0x00000400   Zero   RW            1    STACK               startup_stm32f429xx.o


==============================================================================

Image component sizes


      Code (inc. data)   RO Data    RW Data    ZI Data      Debug   Object Name

       148         28          0          0         72       1877   adc.o
        76         18          0          8          0       1831   crc.o
       124         18          0          0         64       1917   dma2d.o
       328         40          0          8         52       2604   fmc.o
       548         34          0          0          0       1427   gpio.o
       296         48          0          0         84       2705   i2c.o
       698          0          0         56          0       9411   ili9341.o
       604         42          0          0        168       2442   ltdc.o
      2252        164          0         40       1020     830156   main.o
       220         36          0          0         88       2577   spi.o
        64         26        428          0       1536        920   startup_stm32f429xx.o
      1116        156          0         24        172      14807   stm32f429i_discovery.o
         0          0          0          0          0        808   stm32f429i_discovery_io.o
      2606        238      55728         48        304      33993   stm32f429i_discovery_lcd.o
       612         54          0          1        288       4235   stm32f429i_discovery_sdram.o
       232         14          0         16          0       3320   stm32f429i_discovery_ts.o
       116         18          0         12          0       9398   stm32f4xx_hal.o
      1416        220          0          0          0       3379   stm32f4xx_hal_adc.o
       420        196          0          0          0      33562   stm32f4xx_hal_cortex.o
       112         62          0          0          0       1219   stm32f4xx_hal_crc.o
      1160        140          8          0          0       4184   stm32f4xx_hal_dma.o
      1464        190          0          0          0       7996   stm32f4xx_hal_dma2d.o
      1452        294          0          0          0       3718   stm32f4xx_hal_gpio.o
      2852        302          0          0          0      15654   stm32f4xx_hal_i2c.o
       368        146          0          0          0       2235   stm32f4xx_hal_i2c_ex.o
      1510        136          0          0          0       7038   stm32f4xx_hal_ltdc.o
        48          6          0          0          0       1010   stm32f4xx_hal_msp.o
       112         14          0          0          0       1440   stm32f4xx_hal_pwr_ex.o
      2036        194          0          0          0       6657   stm32f4xx_hal_rcc.o
      1224        218          0          0          0       1928   stm32f4xx_hal_rcc_ex.o
       172          0          0          0          0       3144   stm32f4xx_hal_sdram.o
      2532        288          0          0          0      10674   stm32f4xx_hal_spi.o
      2382        368          0          0          0      11807   stm32f4xx_hal_tim.o
       340         94          0          0          0       2861   stm32f4xx_hal_tim_ex.o
       152         20          0          0         72       1707   stm32f4xx_hal_timebase_tim.o
       768        164          0          0          0       2376   stm32f4xx_hal_uart.o
        54         18          0          0          0       6477   stm32f4xx_it.o
      1188        252          0          0          0       5692   stm32f4xx_ll_fmc.o
       662         10          0         42          0      15915   stmpe811.o
        16          4         24          4          0       1355   system_stm32f4xx.o
       144         20          0          0         72       1962   tim.o
       234         58          0          0          0       1303   touchscreen.o
       164         22          0          0         72       2014   usart.o

    ----------------------------------------------------------------------
     33068       4370      56220        264       4064    1081735   Object Totals
         0          0         32          0          0          0   (incl. Generated)
        46          0          0          5          0          0   (incl. Padding)

    ----------------------------------------------------------------------

      Code (inc. data)   RO Data    RW Data    ZI Data      Debug   Library Member Name

         8          0          0          0          0         68   __main.o
       312          4         17          0          0         92   __printf_flags_wp.o
        14          0          0          0          0         68   __printf_wp.o
         0          0          0          0          0          0   __rtentry.o
        12          0          0          0          0          0   __rtentry2.o
         6          0          0          0          0          0   __rtentry4.o
        52          8          0          0          0          0   __scatter.o
        26          0          0          0          0          0   __scatter_copy.o
        28          0          0          0          0          0   __scatter_zi.o
        48          6          0          0          0         96   _printf_char_common.o
         6          0          0          0          0          0   _printf_d.o
       120         16          0          0          0         92   _printf_dec.o
       178          0          0          0          0         88   _printf_intcommon.o
        78          0          0          0          0        108   _printf_pad.o
         0          0          0          0          0          0   _printf_percent.o
         4          0          0          0          0          0   _printf_percent_end.o
        10          0          0          0          0         68   _sputc.o
        18          0          0          0          0         80   exit.o
         6          0          0          0          0        152   heapauxi.o
         0          0          0          0          0          0   indicate_semi.o
         2          0          0          0          0          0   libinit.o
        10          0          0          0          0          0   libinit2.o
         2          0          0          0          0          0   libshutdown.o
         2          0          0          0          0          0   libshutdown2.o
         8          4          0          0         96         68   libspace.o
       238          0          0          0          0        100   lludivv7m.o
        40          6          0          0          0         84   noretval__2sprintf.o
       112         18          0          0        228        160   rand.o
        78          0          0          0          0         80   rt_memclr_w.o
       100          0          0          0          0         80   rt_memcpy_w.o
         2          0          0          0          0          0   rtexit.o
        10          0          0          0          0          0   rtexit2.o
        12          4          0          0          0         68   sys_exit.o
        74          0          0          0          0         80   sys_stackheap_outer.o
         2          0          0          0          0         68   use_no_semi.o
        10          0          0          0          0        116   fpinit.o

    ----------------------------------------------------------------------
      1640         66         20          0        328       1816   Library Totals
        12          0          3          0          4          0   (incl. Padding)

    ----------------------------------------------------------------------

      Code (inc. data)   RO Data    RW Data    ZI Data      Debug   Library Name

      1618         66         17          0        324       1700   c_w.l
        10          0          0          0          0        116   fz_wm.l

    ----------------------------------------------------------------------
      1640         66         20          0        328       1816   Library Totals

    ----------------------------------------------------------------------

==============================================================================


      Code (inc. data)   RO Data    RW Data    ZI Data      Debug   

     34708       4436      56240        264       4392    1062019   Grand Totals
     34708       4436      56240        264       4392    1062019   ELF Image Totals
     34708       4436      56240        264          0          0   ROM Totals

==============================================================================

    Total RO  Size (Code + RO Data)                90948 (  88.82kB)
    Total RW  Size (RW Data + ZI Data)              4656 (   4.55kB)
    Total ROM Size (Code + RO Data + RW Data)      91212 (  89.07kB)

==============================================================================

