Component: ARM Compiler 5.06 update 7 (build 960) Tool: armlink [4d3601]

==============================================================================

Section Cross References

    startup_stm32f429xx.o(STACK) refers (Special) to heapauxi.o(.text) for __use_two_region_memory
    startup_stm32f429xx.o(HEAP) refers (Special) to heapauxi.o(.text) for __use_two_region_memory
    startup_stm32f429xx.o(RESET) refers (Special) to heapauxi.o(.text) for __use_two_region_memory
    startup_stm32f429xx.o(RESET) refers to startup_stm32f429xx.o(STACK) for __initial_sp
    startup_stm32f429xx.o(RESET) refers to startup_stm32f429xx.o(.text) for Reset_Handler
    startup_stm32f429xx.o(RESET) refers to stm32f4xx_it.o(i.NMI_Handler) for NMI_Handler
    startup_stm32f429xx.o(RESET) refers to stm32f4xx_it.o(i.HardFault_Handler) for HardFault_Handler
    startup_stm32f429xx.o(RESET) refers to stm32f4xx_it.o(i.MemManage_Handler) for MemManage_Handler
    startup_stm32f429xx.o(RESET) refers to stm32f4xx_it.o(i.BusFault_Handler) for BusFault_Handler
    startup_stm32f429xx.o(RESET) refers to stm32f4xx_it.o(i.UsageFault_Handler) for UsageFault_Handler
    startup_stm32f429xx.o(RESET) refers to stm32f4xx_it.o(i.SVC_Handler) for SVC_Handler
    startup_stm32f429xx.o(RESET) refers to stm32f4xx_it.o(i.DebugMon_Handler) for DebugMon_Handler
    startup_stm32f429xx.o(RESET) refers to stm32f4xx_it.o(i.PendSV_Handler) for PendSV_Handler
    startup_stm32f429xx.o(RESET) refers to stm32f4xx_it.o(i.SysTick_Handler) for SysTick_Handler
    startup_stm32f429xx.o(RESET) refers to stm32f4xx_it.o(i.USART1_IRQHandler) for USART1_IRQHandler
    startup_stm32f429xx.o(RESET) refers to stm32f4xx_it.o(i.TIM6_DAC_IRQHandler) for TIM6_DAC_IRQHandler
    startup_stm32f429xx.o(RESET) refers to stm32f4xx_it.o(i.LTDC_IRQHandler) for LTDC_IRQHandler
    startup_stm32f429xx.o(RESET) refers to stm32f4xx_it.o(i.DMA2D_IRQHandler) for DMA2D_IRQHandler
    startup_stm32f429xx.o(.text) refers (Special) to heapauxi.o(.text) for __use_two_region_memory
    startup_stm32f429xx.o(.text) refers to system_stm32f4xx.o(i.SystemInit) for SystemInit
    startup_stm32f429xx.o(.text) refers to __main.o(!!!main) for __main
    startup_stm32f429xx.o(.text) refers to startup_stm32f429xx.o(HEAP) for Heap_Mem
    startup_stm32f429xx.o(.text) refers to startup_stm32f429xx.o(STACK) for Stack_Mem
    main.o(i.HAL_TIM_PeriodElapsedCallback) refers to stm32f4xx_hal.o(i.HAL_IncTick) for HAL_IncTick
    main.o(i.SystemClock_Config) refers to rt_memclr_w.o(.text) for __aeabi_memclr4
    main.o(i.SystemClock_Config) refers to stm32f4xx_hal_rcc.o(i.HAL_RCC_OscConfig) for HAL_RCC_OscConfig
    main.o(i.SystemClock_Config) refers to stm32f4xx_hal_pwr_ex.o(i.HAL_PWREx_EnableOverDrive) for HAL_PWREx_EnableOverDrive
    main.o(i.SystemClock_Config) refers to stm32f4xx_hal_rcc.o(i.HAL_RCC_ClockConfig) for HAL_RCC_ClockConfig
    main.o(i.main) refers to _printf_percent.o(.ARM.Collect$$_printf_percent$$00000000) for _printf_percent
    main.o(i.main) refers to _printf_f.o(.ARM.Collect$$_printf_percent$$00000003) for _printf_f
    main.o(i.main) refers to printf1.o(x$fpl$printf1) for _printf_fp_dec
    main.o(i.main) refers to stm32f4xx_hal.o(i.HAL_Init) for HAL_Init
    main.o(i.main) refers to main.o(i.SystemClock_Config) for SystemClock_Config
    main.o(i.main) refers to gpio.o(i.MX_GPIO_Init) for MX_GPIO_Init
    main.o(i.main) refers to crc.o(i.MX_CRC_Init) for MX_CRC_Init
    main.o(i.main) refers to dma2d.o(i.MX_DMA2D_Init) for MX_DMA2D_Init
    main.o(i.main) refers to fmc.o(i.MX_FMC_Init) for MX_FMC_Init
    main.o(i.main) refers to i2c.o(i.MX_I2C3_Init) for MX_I2C3_Init
    main.o(i.main) refers to ltdc.o(i.MX_LTDC_Init) for MX_LTDC_Init
    main.o(i.main) refers to spi.o(i.MX_SPI5_Init) for MX_SPI5_Init
    main.o(i.main) refers to tim.o(i.MX_TIM1_Init) for MX_TIM1_Init
    main.o(i.main) refers to usart.o(i.MX_USART1_UART_Init) for MX_USART1_UART_Init
    main.o(i.main) refers to adc.o(i.MX_ADC1_Init) for MX_ADC1_Init
    main.o(i.main) refers to stm32f429i_discovery_sdram.o(i.BSP_SDRAM_Init) for BSP_SDRAM_Init
    main.o(i.main) refers to stm32f429i_discovery_lcd.o(i.BSP_LCD_Init) for BSP_LCD_Init
    main.o(i.main) refers to stm32f4xx_hal_uart.o(i.HAL_UART_Init) for HAL_UART_Init
    main.o(i.main) refers to stm32f429i_discovery_gyroscope.o(i.BSP_GYRO_Init) for BSP_GYRO_Init
    main.o(i.main) refers to stm32f429i_discovery_lcd.o(i.BSP_LCD_LayerDefaultInit) for BSP_LCD_LayerDefaultInit
    main.o(i.main) refers to stm32f429i_discovery_lcd.o(i.BSP_LCD_SelectLayer) for BSP_LCD_SelectLayer
    main.o(i.main) refers to stm32f429i_discovery_lcd.o(i.BSP_LCD_DisplayOn) for BSP_LCD_DisplayOn
    main.o(i.main) refers to stm32f429i_discovery_lcd.o(i.BSP_LCD_Clear) for BSP_LCD_Clear
    main.o(i.main) refers to stm32f429i_discovery_lcd.o(i.BSP_LCD_SetBackColor) for BSP_LCD_SetBackColor
    main.o(i.main) refers to stm32f429i_discovery_lcd.o(i.BSP_LCD_DrawLine) for BSP_LCD_DrawLine
[...]
    __rt_lib_init_stdio_1                    0x08000241   Thumb Code     0  libinit2.o(.ARM.Collect$$libinit$$00000025)
    __rt_lib_shutdown                        0x08000243   Thumb Code     0  libshutdown.o(.ARM.Collect$$libshutdown$$00000000)
    __rt_lib_shutdown_cpp_1                  0x08000245   Thumb Code     0  libshutdown2.o(.ARM.Collect$$libshutdown$$00000004)
    __rt_lib_shutdown_fini_1                 0x08000245   Thumb Code     0  libshutdown2.o(.ARM.Collect$$libshutdown$$00000002)
    __rt_lib_shutdown_fp_trap_1              0x08000245   Thumb Code     0  libshutdown2.o(.ARM.Collect$$libshutdown$$00000009)
    __rt_lib_shutdown_heap_1                 0x08000245   Thumb Code     0  libshutdown2.o(.ARM.Collect$$libshutdown$$00000011)
    __rt_lib_shutdown_return                 0x08000245   Thumb Code     0  libshutdown2.o(.ARM.Collect$$libshutdown$$00000012)
    __rt_lib_shutdown_signal_1               0x08000245   Thumb Code     0  libshutdown2.o(.ARM.Collect$$libshutdown$$0000000C)
    __rt_lib_shutdown_stdio_1                0x08000245   Thumb Code     0  libshutdown2.o(.ARM.Collect$$libshutdown$$00000006)
    __rt_lib_shutdown_user_alloc_1           0x08000245   Thumb Code     0  libshutdown2.o(.ARM.Collect$$libshutdown$$0000000E)
    __rt_entry                               0x08000247   Thumb Code     0  __rtentry.o(.ARM.Collect$$rtentry$$00000000)
    __rt_entry_presh_1                       0x08000247   Thumb Code     0  __rtentry2.o(.ARM.Collect$$rtentry$$00000002)
    __rt_entry_sh                            0x08000247   Thumb Code     0  __rtentry4.o(.ARM.Collect$$rtentry$$00000004)
    __rt_entry_li                            0x0800024d   Thumb Code     0  __rtentry2.o(.ARM.Collect$$rtentry$$0000000A)
    __rt_entry_postsh_1                      0x0800024d   Thumb Code     0  __rtentry2.o(.ARM.Collect$$rtentry$$00000009)
    __rt_entry_main                          0x08000251   Thumb Code     0  __rtentry2.o(.ARM.Collect$$rtentry$$0000000D)
    __rt_entry_postli_1                      0x08000251   Thumb Code     0  __rtentry2.o(.ARM.Collect$$rtentry$$0000000C)
    __rt_exit                                0x08000259   Thumb Code     0  rtexit.o(.ARM.Collect$$rtexit$$00000000)
    __rt_exit_ls                             0x0800025b   Thumb Code     0  rtexit2.o(.ARM.Collect$$rtexit$$00000003)
    __rt_exit_prels_1                        0x0800025b   Thumb Code     0  rtexit2.o(.ARM.Collect$$rtexit$$00000002)
    __rt_exit_exit                           0x0800025f   Thumb Code     0  rtexit2.o(.ARM.Collect$$rtexit$$00000004)
    Reset_Handler                            0x08000265   Thumb Code     8  startup_stm32f429xx.o(.text)
    ADC_IRQHandler                           0x0800027f   Thumb Code     0  startup_stm32f429xx.o(.text)
    CAN1_RX0_IRQHandler                      0x0800027f   Thumb Code     0  startup_stm32f429xx.o(.text)
    CAN1_RX1_IRQHandler                      0x0800027f   Thumb Code     0  startup_stm32f429xx.o(.text)
    CAN1_SCE_IRQHandler                      0x0800027f   Thumb Code     0  startup_stm32f429xx.o(.text)
    CAN1_TX_IRQHandler                       0x0800027f   Thumb Code     0  startup_stm32f429xx.o(.text)
    CAN2_RX0_IRQHandler                      0x0800027f   Thumb Code     0  startup_stm32f429xx.o(.text)
    CAN2_RX1_IRQHandler                      0x0800027f   Thumb Code     0  startup_stm32f429xx.o(.text)
    CAN2_SCE_IRQHandler                      0x0800027f   Thumb Code     0  startup_stm32f429xx.o(.text)
    CAN2_TX_IRQHandler                       0x0800027f   Thumb Code     0  startup_stm32f429xx.o(.text)
    DCMI_IRQHandler                          0x0800027f   Thumb Code     0  startup_stm32f429xx.o(.text)
    DMA1_Stream0_IRQHandler                  0x0800027f   Thumb Code     0  startup_stm32f429xx.o(.text)
    DMA1_Stream1_IRQHandler                  0x0800027f   Thumb Code     0  startup_stm32f429xx.o(.text)
    DMA1_Stream2_IRQHandler                  0x0800027f   Thumb Code     0  startup_stm32f429xx.o(.text)
    DMA1_Stream3_IRQHandler                  0x0800027f   Thumb Code     0  startup_stm32f429xx.o(.text)
    DMA1_Stream4_IRQHandler                  0x0800027f   Thumb Code     0  startup_stm32f429xx.o(.text)
    DMA1_Stream5_IRQHandler                  0x0800027f   Thumb Code     0  startup_stm32f429xx.o(.text)
    DMA1_Stream6_IRQHandler                  0x0800027f   Thumb Code     0  startup_stm32f429xx.o(.text)
    DMA1_Stream7_IRQHandler                  0x0800027f   Thumb Code     0  startup_stm32f429xx.o(.text)
    DMA2_Stream0_IRQHandler                  0x0800027f   Thumb Code     0  startup_stm32f429xx.o(.text)
    DMA2_Stream1_IRQHandler                  0x0800027f   Thumb Code     0  startup_stm32f429xx.o(.text)
    DMA2_Stream2_IRQHandler                  0x0800027f   Thumb Code     0  startup_stm32f429xx.o(.text)
    DMA2_Stream3_IRQHandler                  0x0800027f   Thumb Code     0  startup_stm32f429xx.o(.text)
    DMA2_Stream4_IRQHandler                  0x0800027f   Thumb Code     0  startup_stm32f429xx.o(.text)
    DMA2_Stream5_IRQHandler                  0x0800027f   Thumb Code     0  startup_stm32f429xx.o(.text)
    DMA2_Stream6_IRQHandler                  0x0800027f   Thumb Code     0  startup_stm32f429xx.o(.text)
    DMA2_Stream7_IRQHandler                  0x0800027f   Thumb Code     0  startup_stm32f429xx.o(.text)
    ETH_IRQHandler                           0x0800027f   Thumb Code     0  startup_stm32f429xx.o(.text)
    ETH_WKUP_IRQHandler                      0x0800027f   Thumb Code     0  startup_stm32f429xx.o(.text)
    EXTI0_IRQHandler                         0x0800027f   Thumb Code     0  startup_stm32f429xx.o(.text)
    EXTI15_10_IRQHandler                     0x0800027f   Thumb Code     0  startup_stm32f429xx.o(.text)
    EXTI1_IRQHandler                         0x0800027f   Thumb Code     0  startup_stm32f429xx.o(.text)
    EXTI2_IRQHandler                         0x0800027f   Thumb Code     0  startup_stm32f429xx.o(.text)
    EXTI3_IRQHandler                         0x0800027f   Thumb Code     0  startup_stm32f429xx.o(.text)
    EXTI4_IRQHandler                         0x0800027f   Thumb Code     0  startup_stm32f429xx.o(.text)
    EXTI9_5_IRQHandler                       0x0800027f   Thumb Code     0  startup_stm32f429xx.o(.text)
    FLASH_IRQHandler                         0x0800027f   Thumb Code     0  startup_stm32f429xx.o(.text)
    FMC_IRQHandler                           0x0800027f   Thumb Code     0  startup_stm32f429xx.o(.text)
    FPU_IRQHandler                           0x0800027f   Thumb Code     0  startup_stm32f429xx.o(.text)
    HASH_RNG_IRQHandler                      0x0800027f   Thumb Code     0  startup_stm32f429xx.o(.text)
    I2C1_ER_IRQHandler                       0x0800027f   Thumb Code     0  startup_stm32f429xx.o(.text)
    I2C1_EV_IRQHandler                       0x0800027f   Thumb Code     0  startup_stm32f429xx.o(.text)
    I2C2_ER_IRQHandler                       0x0800027f   Thumb Code     0  startup_stm32f429xx.o(.text)
    I2C2_EV_IRQHandler                       0x0800027f   Thumb Code     0  startup_stm32f429xx.o(.text)
    I2C3_ER_IRQHandler                       0x0800027f   Thumb Code     0  startup_stm32f429xx.o(.text)
    I2C3_EV_IRQHandler                       0x0800027f   Thumb Code     0  startup_stm32f429xx.o(.text)
    LTDC_ER_IRQHandler                       0x0800027f   Thumb Code     0  startup_stm32f429xx.o(.text)
    OTG_FS_IRQHandler                        0x0800027f   Thumb Code     0  startup_stm32f429xx.o(.text)
    OTG_FS_WKUP_IRQHandler                   0x0800027f   Thumb Code     0  startup_stm32f429xx.o(.text)
    OTG_HS_EP1_IN_IRQHandler                 0x0800027f   Thumb Code     0  startup_stm32f429xx.o(.text)
    OTG_HS_EP1_OUT_IRQHandler                0x0800027f   Thumb Code     0  startup_stm32f429xx.o(.text)
    OTG_HS_IRQHandler                        0x0800027f   Thumb Code     0  startup_stm32f429xx.o(.text)
    OTG_HS_WKUP_IRQHandler                   0x0800027f   Thumb Code     0  startup_stm32f429xx.o(.text)
    PVD_IRQHandler                           0x0800027f   Thumb Code     0  startup_stm32f429xx.o(.text)
    RCC_IRQHandler                           0x0800027f   Thumb Code     0  startup_stm32f429xx.o(.text)
    RTC_Alarm_IRQHandler                     0x0800027f   Thumb Code     0  startup_stm32f429xx.o(.text)
    RTC_WKUP_IRQHandler                      0x0800027f   Thumb Code     0  startup_stm32f429xx.o(.text)
    SAI1_IRQHandler                          0x0800027f   Thumb Code     0  startup_stm32f429xx.o(.text)
    SDIO_IRQHandler                          0x0800027f   Thumb Code     0  startup_stm32f429xx.o(.text)
    SPI1_IRQHandler                          0x0800027f   Thumb Code     0  startup_stm32f429xx.o(.text)
    SPI2_IRQHandler                          0x0800027f   Thumb Code     0  startup_stm32f429xx.o(.text)
    SPI3_IRQHandler                          0x0800027f   Thumb Code     0  startup_stm32f429xx.o(.text)
    SPI4_IRQHandler                          0x0800027f   Thumb Code     0  startup_stm32f429xx.o(.text)
    SPI5_IRQHandler                          0x0800027f   Thumb Code     0  startup_stm32f429xx.o(.text)
    SPI6_IRQHandler                          0x0800027f   Thumb Code     0  startup_stm32f429xx.o(.text)
    TAMP_STAMP_IRQHandler                    0x0800027f   Thumb Code     0  startup_stm32f429xx.o(.text)
    TIM1_BRK_TIM9_IRQHandler                 0x0800027f   Thumb Code     0  startup_stm32f429xx.o(.text)
    TIM1_CC_IRQHandler                       0x0800027f   Thumb Code     0  startup_stm32f429xx.o(.text)
    TIM1_TRG_COM_TIM11_IRQHandler            0x0800027f   Thumb Code     0  startup_stm32f429xx.o(.text)
    TIM1_UP_TIM10_IRQHandler                 0x0800027f   Thumb Code     0  startup_stm32f429xx.o(.text)
    TIM2_IRQHandler                          0x0800027f   Thumb Code     0  startup_stm32f429xx.o(.text)
    TIM3_IRQHandler                          0x0800027f   Thumb Code     0  startup_stm32f429xx.o(.text)
    TIM4_IRQHandler                          0x0800027f   Thumb Code     0  startup_stm32f429xx.o(.text)
    TIM5_IRQHandler                          0x0800027f   Thumb Code     0  startup_stm32f429xx.o(.text)
    TIM7_IRQHandler                          0x0800027f   Thumb Code     0  startup_stm32f429xx.o(.text)
    TIM8_BRK_TIM12_IRQHandler                0x0800027f   Thumb Code     0  startup_stm32f429xx.o(.text)
    TIM8_CC_IRQHandler                       0x0800027f   Thumb Code     0  startup_stm32f429xx.o(.text)
    TIM8_TRG_COM_TIM14_IRQHandler            0x0800027f   Thumb Code     0  startup_stm32f429xx.o(.text)
    TIM8_UP_TIM13_IRQHandler                 0x0800027f   Thumb Code     0  startup_stm32f429xx.o(.text)
    UART4_IRQHandler                         0x0800027f   Thumb Code     0  startup_stm32f429xx.o(.text)
    UART5_IRQHandler                         0x0800027f   Thumb Code     0  startup_stm32f429xx.o(.text)
    UART7_IRQHandler                         0x0800027f   Thumb Code     0  startup_stm32f429xx.o(.text)
    UART8_IRQHandler                         0x0800027f   Thumb Code     0  startup_stm32f429xx.o(.text)
    USART2_IRQHandler                        0x0800027f   Thumb Code     0  startup_stm32f429xx.o(.text)
    USART3_IRQHandler                        0x0800027f   Thumb Code     0  startup_stm32f429xx.o(.text)
    USART6_IRQHandler                        0x0800027f   Thumb Code     0  startup_stm32f429xx.o(.text)
    WWDG_IRQHandler                          0x0800027f   Thumb Code     0  startup_stm32f429xx.o(.text)
    __user_initial_stackheap                 0x08000281   Thumb Code     0  startup_stm32f429xx.o(.text)
    __aeabi_uldivmod                         0x080002a5   Thumb Code     0  lludivv7m.o(.text)
    _ll_udiv                                 0x080002a5   Thumb Code   238  lludivv7m.o(.text)
    __2sprintf                               0x08000395   Thumb Code    34  noretval__2sprintf.o(.text)
    __printf                                 0x080003bd   Thumb Code   270  __printf_wp.o(.text)
    __aeabi_memcpy4                          0x080004cb   Thumb Code     0  rt_memcpy_w.o(.text)
    __aeabi_memcpy8                          0x080004cb   Thumb Code     0  rt_memcpy_w.o(.text)
    __rt_memcpy_w                            0x080004cb   Thumb Code   100  rt_memcpy_w.o(.text)
    _memcpy_lastbytes_aligned                0x08000513   Thumb Code     0  rt_memcpy_w.o(.text)
    __aeabi_memclr4                          0x0800052f   Thumb Code     0  rt_memclr_w.o(.text)
    __aeabi_memclr8                          0x0800052f   Thumb Code     0  rt_memclr_w.o(.text)
    __rt_memclr_w                            0x0800052f   Thumb Code    78  rt_memclr_w.o(.text)
    _memset_w                                0x08000533   Thumb Code     0  rt_memclr_w.o(.text)
    __use_two_region_memory                  0x0800057d   Thumb Code     2  heapauxi.o(.text)
    __rt_heap_escrow$2region                 0x0800057f   Thumb Code     2  heapauxi.o(.text)
    __rt_heap_expand$2region                 0x08000581   Thumb Code     2  heapauxi.o(.text)
    __read_errno                             0x08000583   Thumb Code    10  _rserrno.o(.text)
    __set_errno                              0x0800058d   Thumb Code    12  _rserrno.o(.text)
    __lib_sel_fp_printf                      0x08000599   Thumb Code     2  _printf_fp_dec.o(.text)
    _printf_fp_dec_real                      0x0800074b   Thumb Code   620  _printf_fp_dec.o(.text)
    _printf_char_common                      0x080009c3   Thumb Code    32  _printf_char_common.o(.text)
    _sputc                                   0x080009e9   Thumb Code    10  _sputc.o(.text)
    __rt_locale                              0x080009f5   Thumb Code     8  rt_locale_intlibspace.o(.text)
    __aeabi_errno_addr                       0x080009fd   Thumb Code     8  rt_errno_addr_intlibspace.o(.text)
    __errno$intlibspace                      0x080009fd   Thumb Code     0  rt_errno_addr_intlibspace.o(.text)
    __rt_errno_addr$intlibspace              0x080009fd   Thumb Code     0  rt_errno_addr_intlibspace.o(.text)
    _ll_udiv10                               0x08000a05   Thumb Code   138  lludiv10.o(.text)
    _printf_fp_infnan                        0x08000a91   Thumb Code   112  _printf_fp_infnan.o(.text)
    _btod_etento                             0x08000b11   Thumb Code   224  bigflt0.o(.text)
    __user_libspace                          0x08000bf5   Thumb Code     8  libspace.o(.text)
    __user_perproc_libspace                  0x08000bf5   Thumb Code     0  libspace.o(.text)
    __user_perthread_libspace                0x08000bf5   Thumb Code     0  libspace.o(.text)
    __user_setup_stackheap                   0x08000bfd   Thumb Code    74  sys_stackheap_outer.o(.text)
    exit                                     0x08000c47   Thumb Code    18  exit.o(.text)
    strcmp                                   0x08000c59   Thumb Code   128  strcmpv7m.o(.text)
    _sys_exit                                0x08000cd9   Thumb Code     8  sys_exit.o(.text)
    __I$use$semihosting                      0x08000ce5   Thumb Code     0  use_no_semi.o(.text)
    __use_no_semihosting_swi                 0x08000ce5   Thumb Code     2  use_no_semi.o(.text)
    __semihosting_library_function           0x08000ce7   Thumb Code     0  indicate_semi.o(.text)
    _btod_d2e                                0x08000ce7   Thumb Code    62  btod.o(CL$$btod_d2e)
    _d2e_denorm_low                          0x08000d25   Thumb Code    70  btod.o(CL$$btod_d2e_denorm_low)
    _d2e_norm_op1                            0x08000d6b   Thumb Code    96  btod.o(CL$$btod_d2e_norm_op1)
    __btod_div_common                        0x08000dcb   Thumb Code   696  btod.o(CL$$btod_div_common)
    _e2e                                     0x08001103   Thumb Code   220  btod.o(CL$$btod_e2e)
    _btod_ediv                               0x080011df   Thumb Code    42  btod.o(CL$$btod_ediv)
    _btod_emul                               0x08001209   Thumb Code    42  btod.o(CL$$btod_emul)
    __btod_mult_common                       0x08001233   Thumb Code   580  btod.o(CL$$btod_mult_common)
    BSP_GYRO_GetXYZ                          0x080015f1   Thumb Code    14  stm32f429i_discovery_gyroscope.o(i.BSP_GYRO_GetXYZ)
    BSP_GYRO_Init                            0x08001605   Thumb Code    58  stm32f429i_discovery_gyroscope.o(i.BSP_GYRO_Init)
    BSP_GYRO_Reset                           0x08001649   Thumb Code    14  stm32f429i_discovery_gyroscope.o(i.BSP_GYRO_Reset)
    BSP_LCD_Clear                            0x0800165d   Thumb Code    50  stm32f429i_discovery_lcd.o(i.BSP_LCD_Clear)
    BSP_LCD_DisplayChar                      0x08001699   Thumb Code    44  stm32f429i_discovery_lcd.o(i.BSP_LCD_DisplayChar)
    BSP_LCD_DisplayOn                        0x080016cd   Thumb Code    14  stm32f429i_discovery_lcd.o(i.BSP_LCD_DisplayOn)
    BSP_LCD_DisplayStringAt                  0x080016e1   Thumb Code   186  stm32f429i_discovery_lcd.o(i.BSP_LCD_DisplayStringAt)
    BSP_LCD_DisplayStringAtLine              0x080017a5   Thumb Code    28  stm32f429i_discovery_lcd.o(i.BSP_LCD_DisplayStringAtLine)
    BSP_LCD_DrawLine                         0x080017c1   Thumb Code   192  stm32f429i_discovery_lcd.o(i.BSP_LCD_DrawLine)
    BSP_LCD_DrawPixel                        0x08001889   Thumb Code    42  stm32f429i_discovery_lcd.o(i.BSP_LCD_DrawPixel)
    BSP_LCD_GetFont                          0x080018bd   Thumb Code    18  stm32f429i_discovery_lcd.o(i.BSP_LCD_GetFont)
    BSP_LCD_GetXSize                         0x080018d9   Thumb Code     8  stm32f429i_discovery_lcd.o(i.BSP_LCD_GetXSize)
    BSP_LCD_GetYSize                         0x080018e5   Thumb Code     8  stm32f429i_discovery_lcd.o(i.BSP_LCD_GetYSize)
    BSP_LCD_Init                             0x080018f1   Thumb Code   130  stm32f429i_discovery_lcd.o(i.BSP_LCD_Init)
    BSP_LCD_LayerDefaultInit                 0x08001985   Thumb Code   116  stm32f429i_discovery_lcd.o(i.BSP_LCD_LayerDefaultInit)
    BSP_LCD_MspInit                          0x08001a05   Thumb Code   270  stm32f429i_discovery_lcd.o(i.BSP_LCD_MspInit)
    BSP_LCD_SelectLayer                      0x08001b31   Thumb Code     6  stm32f429i_discovery_lcd.o(i.BSP_LCD_SelectLayer)
    BSP_LCD_SetBackColor                     0x08001b3d   Thumb Code    18  stm32f429i_discovery_lcd.o(i.BSP_LCD_SetBackColor)
    BSP_LCD_SetFont                          0x08001b59   Thumb Code    18  stm32f429i_discovery_lcd.o(i.BSP_LCD_SetFont)
    BSP_LCD_SetTextColor                     0x08001b75   Thumb Code    16  stm32f429i_discovery_lcd.o(i.BSP_LCD_SetTextColor)
    BSP_SDRAM_Init                           0x08001b8d   Thumb Code   106  stm32f429i_discovery_sdram.o(i.BSP_SDRAM_Init)
    BSP_SDRAM_Initialization_sequence        0x08001c05   Thumb Code   132  stm32f429i_discovery_sdram.o(i.BSP_SDRAM_Initialization_sequence)
    BSP_SDRAM_MspInit                        0x08001c8d   Thumb Code   320  stm32f429i_discovery_sdram.o(i.BSP_SDRAM_MspInit)
    BusFault_Handler                         0x08001df1   Thumb Code     2  stm32f4xx_it.o(i.BusFault_Handler)
    DMA2D_IRQHandler                         0x08001df5   Thumb Code     6  stm32f4xx_it.o(i.DMA2D_IRQHandler)
    DebugMon_Handler                         0x08001f15   Thumb Code     2  stm32f4xx_it.o(i.DebugMon_Handler)
    Error_Handler                            0x080020b5   Thumb Code     4  main.o(i.Error_Handler)
    FMC_SDRAM_Init                           0x080020b9   Thumb Code   354  stm32f4xx_ll_fmc.o(i.FMC_SDRAM_Init)
    FMC_SDRAM_ProgramRefreshRate             0x08002259   Thumb Code    56  stm32f4xx_ll_fmc.o(i.FMC_SDRAM_ProgramRefreshRate)
    FMC_SDRAM_SendCommand                    0x080022cd   Thumb Code   194  stm32f4xx_ll_fmc.o(i.FMC_SDRAM_SendCommand)
    FMC_SDRAM_Timing_Init                    0x080023cd   Thumb Code   332  stm32f4xx_ll_fmc.o(i.FMC_SDRAM_Timing_Init)
    GYRO_IO_Init                             0x080025bd   Thumb Code    98  stm32f429i_discovery.o(i.GYRO_IO_Init)
    GYRO_IO_Read                             0x0800262d   Thumb Code    74  stm32f429i_discovery.o(i.GYRO_IO_Read)
    GYRO_IO_Write                            0x0800267d   Thumb Code    68  stm32f429i_discovery.o(i.GYRO_IO_Write)
    HAL_ADC_ConfigChannel                    0x080026c5   Thumb Code   418  stm32f4xx_hal_adc.o(i.HAL_ADC_ConfigChannel)
    HAL_ADC_Init                             0x080028b5   Thumb Code   470  stm32f4xx_hal_adc.o(i.HAL_ADC_Init)
    HAL_ADC_MspInit                          0x08002ad5   Thumb Code    30  adc.o(i.HAL_ADC_MspInit)
    HAL_CRC_Init                             0x08002afd   Thumb Code    50  stm32f4xx_hal_crc.o(i.HAL_CRC_Init)
    HAL_CRC_MspInit                          0x08002b6d   Thumb Code    30  crc.o(i.HAL_CRC_MspInit)
    HAL_DMA2D_CLUTLoadingCpltCallback        0x08002b95   Thumb Code     2  stm32f4xx_hal_dma2d.o(i.HAL_DMA2D_CLUTLoadingCpltCallback)
    HAL_DMA2D_ConfigLayer                    0x08002b99   Thumb Code   282  stm32f4xx_hal_dma2d.o(i.HAL_DMA2D_ConfigLayer)
    HAL_DMA2D_IRQHandler                     0x08002cf5   Thumb Code   286  stm32f4xx_hal_dma2d.o(i.HAL_DMA2D_IRQHandler)
    HAL_DMA2D_Init                           0x08002e15   Thumb Code   180  stm32f4xx_hal_dma2d.o(i.HAL_DMA2D_Init)
    HAL_DMA2D_LineEventCallback              0x08002f09   Thumb Code     2  stm32f4xx_hal_dma2d.o(i.HAL_DMA2D_LineEventCallback)
    HAL_DMA2D_MspInit                        0x08002f0d   Thumb Code    50  dma2d.o(i.HAL_DMA2D_MspInit)
    HAL_DMA2D_PollForTransfer                0x08002f49   Thumb Code   272  stm32f4xx_hal_dma2d.o(i.HAL_DMA2D_PollForTransfer)
    HAL_DMA2D_Start                          0x08003059   Thumb Code   100  stm32f4xx_hal_dma2d.o(i.HAL_DMA2D_Start)
    HAL_DMA_Abort                            0x080030f9   Thumb Code   146  stm32f4xx_hal_dma.o(i.HAL_DMA_Abort)
    HAL_DMA_Abort_IT                         0x0800318b   Thumb Code    36  stm32f4xx_hal_dma.o(i.HAL_DMA_Abort_IT)
    HAL_DMA_DeInit                           0x080031b1   Thumb Code   236  stm32f4xx_hal_dma.o(i.HAL_DMA_DeInit)
    HAL_DMA_Init                             0x080032dd   Thumb Code   666  stm32f4xx_hal_dma.o(i.HAL_DMA_Init)
    HAL_Delay                                0x080035bd   Thumb Code    32  stm32f4xx_hal.o(i.HAL_Delay)
    HAL_GPIO_DeInit                          0x080036bd   Thumb Code   422  stm32f4xx_hal_gpio.o(i.HAL_GPIO_DeInit)
    HAL_GPIO_Init                            0x080038d5   Thumb Code   690  stm32f4xx_hal_gpio.o(i.HAL_GPIO_Init)
    HAL_GPIO_WritePin                        0x08003bfd   Thumb Code    46  stm32f4xx_hal_gpio.o(i.HAL_GPIO_WritePin)
    HAL_GetTick                              0x08003c69   Thumb Code     6  stm32f4xx_hal.o(i.HAL_GetTick)
    HAL_I2CEx_ConfigAnalogFilter             0x08003c75   Thumb Code   114  stm32f4xx_hal_i2c_ex.o(i.HAL_I2CEx_ConfigAnalogFilter)
    HAL_I2CEx_ConfigDigitalFilter            0x08003d31   Thumb Code   108  stm32f4xx_hal_i2c_ex.o(i.HAL_I2CEx_ConfigDigitalFilter)
    HAL_I2C_Init                             0x08003de5   Thumb Code   560  stm32f4xx_hal_i2c.o(i.HAL_I2C_Init)
    HAL_I2C_MspInit                          0x0800406d   Thumb Code   126  i2c.o(i.HAL_I2C_MspInit)
    HAL_IncTick                              0x080040fd   Thumb Code    12  stm32f4xx_hal.o(i.HAL_IncTick)
    HAL_Init                                 0x0800410d   Thumb Code    48  stm32f4xx_hal.o(i.HAL_Init)
    HAL_InitTick                             0x08004141   Thumb Code   132  stm32f4xx_hal_timebase_tim.o(i.HAL_InitTick)
    HAL_LTDC_ConfigLayer                     0x080041d9   Thumb Code   324  stm32f4xx_hal_ltdc.o(i.HAL_LTDC_ConfigLayer)
    HAL_LTDC_EnableDither                    0x08004359   Thumb Code    42  stm32f4xx_hal_ltdc.o(i.HAL_LTDC_EnableDither)
    HAL_LTDC_ErrorCallback                   0x08004389   Thumb Code     2  stm32f4xx_hal_ltdc.o(i.HAL_LTDC_ErrorCallback)
    HAL_LTDC_IRQHandler                      0x0800438b   Thumb Code   202  stm32f4xx_hal_ltdc.o(i.HAL_LTDC_IRQHandler)
    HAL_LTDC_Init                            0x08004455   Thumb Code   446  stm32f4xx_hal_ltdc.o(i.HAL_LTDC_Init)
    HAL_LTDC_LineEventCallback               0x08004659   Thumb Code     2  stm32f4xx_hal_ltdc.o(i.HAL_LTDC_LineEventCallback)
    HAL_LTDC_MspInit                         0x0800465d   Thumb Code   394  ltdc.o(i.HAL_LTDC_MspInit)
    HAL_LTDC_ReloadEventCallback             0x08004809   Thumb Code     2  stm32f4xx_hal_ltdc.o(i.HAL_LTDC_ReloadEventCallback)
    HAL_MspInit                              0x0800480d   Thumb Code    42  stm32f4xx_hal_msp.o(i.HAL_MspInit)
    HAL_NVIC_EnableIRQ                       0x0800483d   Thumb Code    40  stm32f4xx_hal_cortex.o(i.HAL_NVIC_EnableIRQ)
    HAL_NVIC_SetPriority                     0x080048a1   Thumb Code    94  stm32f4xx_hal_cortex.o(i.HAL_NVIC_SetPriority)
    HAL_NVIC_SetPriorityGrouping             0x08004941   Thumb Code    58  stm32f4xx_hal_cortex.o(i.HAL_NVIC_SetPriorityGrouping)
    HAL_PWREx_EnableOverDrive                0x080049c1   Thumb Code    98  stm32f4xx_hal_pwr_ex.o(i.HAL_PWREx_EnableOverDrive)
    HAL_RCCEx_PeriphCLKConfig                0x08004a31   Thumb Code  1218  stm32f4xx_hal_rcc_ex.o(i.HAL_RCCEx_PeriphCLKConfig)
    HAL_RCC_ClockConfig                      0x08004ef9   Thumb Code   544  stm32f4xx_hal_rcc.o(i.HAL_RCC_ClockConfig)
    HAL_RCC_GetClockConfig                   0x08005165   Thumb Code    54  stm32f4xx_hal_rcc.o(i.HAL_RCC_GetClockConfig)
    HAL_RCC_GetPCLK1Freq                     0x080051a5   Thumb Code    20  stm32f4xx_hal_rcc.o(i.HAL_RCC_GetPCLK1Freq)
    HAL_RCC_GetPCLK2Freq                     0x080051c5   Thumb Code    20  stm32f4xx_hal_rcc.o(i.HAL_RCC_GetPCLK2Freq)
    HAL_RCC_GetSysClockFreq                  0x080051e5   Thumb Code    88  stm32f4xx_hal_rcc.o(i.HAL_RCC_GetSysClockFreq)
    HAL_RCC_OscConfig                        0x08005245   Thumb Code  1192  stm32f4xx_hal_rcc.o(i.HAL_RCC_OscConfig)
    HAL_SDRAM_Init                           0x080056ed   Thumb Code    66  stm32f4xx_hal_sdram.o(i.HAL_SDRAM_Init)
    HAL_SDRAM_MspInit                        0x0800572f   Thumb Code     4  fmc.o(i.HAL_SDRAM_MspInit)
    HAL_SDRAM_ProgramRefreshRate             0x08005733   Thumb Code    46  stm32f4xx_hal_sdram.o(i.HAL_SDRAM_ProgramRefreshRate)
    HAL_SDRAM_SendCommand                    0x08005761   Thumb Code    60  stm32f4xx_hal_sdram.o(i.HAL_SDRAM_SendCommand)
    HAL_SPI_DeInit                           0x0800579d   Thumb Code    94  stm32f4xx_hal_spi.o(i.HAL_SPI_DeInit)
    HAL_SPI_GetState                         0x0800584d   Thumb Code     6  stm32f4xx_hal_spi.o(i.HAL_SPI_GetState)
    HAL_SPI_Init                             0x08005855   Thumb Code   536  stm32f4xx_hal_spi.o(i.HAL_SPI_Init)
    HAL_SPI_MspDeInit                        0x08005abd   Thumb Code    30  spi.o(i.HAL_SPI_MspDeInit)
    HAL_SPI_MspInit                          0x08005ae9   Thumb Code    92  spi.o(i.HAL_SPI_MspInit)
    HAL_SPI_Receive                          0x08005b51   Thumb Code   342  stm32f4xx_hal_spi.o(i.HAL_SPI_Receive)
    HAL_SPI_Transmit                         0x08005ca9   Thumb Code   388  stm32f4xx_hal_spi.o(i.HAL_SPI_Transmit)
    HAL_SPI_TransmitReceive                  0x08005e65   Thumb Code   508  stm32f4xx_hal_spi.o(i.HAL_SPI_TransmitReceive)
    HAL_TIMEx_BreakCallback                  0x08006099   Thumb Code     2  stm32f4xx_hal_tim_ex.o(i.HAL_TIMEx_BreakCallback)
    HAL_TIMEx_CommutCallback                 0x0800609b   Thumb Code     2  stm32f4xx_hal_tim_ex.o(i.HAL_TIMEx_CommutCallback)
    HAL_TIMEx_MasterConfigSynchronization    0x0800609d   Thumb Code   242  stm32f4xx_hal_tim_ex.o(i.HAL_TIMEx_MasterConfigSynchronization)
    HAL_TIM_Base_Init                        0x080061ed   Thumb Code   296  stm32f4xx_hal_tim.o(i.HAL_TIM_Base_Init)
    HAL_TIM_Base_MspInit                     0x08006381   Thumb Code    30  tim.o(i.HAL_TIM_Base_MspInit)
    HAL_TIM_Base_Start_IT                    0x080063a9   Thumb Code   200  stm32f4xx_hal_tim.o(i.HAL_TIM_Base_Start_IT)
    HAL_TIM_ConfigClockSource                0x080064d9   Thumb Code   930  stm32f4xx_hal_tim.o(i.HAL_TIM_ConfigClockSource)
    HAL_TIM_IC_CaptureCallback               0x080068e9   Thumb Code     2  stm32f4xx_hal_tim.o(i.HAL_TIM_IC_CaptureCallback)
    HAL_TIM_IRQHandler                       0x080068eb   Thumb Code   304  stm32f4xx_hal_tim.o(i.HAL_TIM_IRQHandler)
    HAL_TIM_OC_DelayElapsedCallback          0x08006a1b   Thumb Code     2  stm32f4xx_hal_tim.o(i.HAL_TIM_OC_DelayElapsedCallback)
    HAL_TIM_PWM_PulseFinishedCallback        0x08006a1d   Thumb Code     2  stm32f4xx_hal_tim.o(i.HAL_TIM_PWM_PulseFinishedCallback)
    HAL_TIM_PeriodElapsedCallback            0x08006a21   Thumb Code    14  main.o(i.HAL_TIM_PeriodElapsedCallback)
    HAL_TIM_TriggerCallback                  0x08006a35   Thumb Code     2  stm32f4xx_hal_tim.o(i.HAL_TIM_TriggerCallback)
    HAL_UARTEx_RxEventCallback               0x08006a37   Thumb Code     2  stm32f4xx_hal_uart.o(i.HAL_UARTEx_RxEventCallback)
    HAL_UART_ErrorCallback                   0x08006a39   Thumb Code     2  stm32f4xx_hal_uart.o(i.HAL_UART_ErrorCallback)
    HAL_UART_IRQHandler                      0x08006a3d   Thumb Code   618  stm32f4xx_hal_uart.o(i.HAL_UART_IRQHandler)
    HAL_UART_Init                            0x08006cad   Thumb Code   260  stm32f4xx_hal_uart.o(i.HAL_UART_Init)
    HAL_UART_MspInit                         0x08006e0d   Thumb Code   110  usart.o(i.HAL_UART_MspInit)
    HAL_UART_RxCpltCallback                  0x08006e89   Thumb Code     2  stm32f4xx_hal_uart.o(i.HAL_UART_RxCpltCallback)
    HAL_UART_Transmit_IT                     0x08006e8b   Thumb Code    50  stm32f4xx_hal_uart.o(i.HAL_UART_Transmit_IT)
    HAL_UART_TxCpltCallback                  0x08006ebd   Thumb Code     2  stm32f4xx_hal_uart.o(i.HAL_UART_TxCpltCallback)
    HardFault_Handler                        0x08006ebf   Thumb Code     2  stm32f4xx_it.o(i.HardFault_Handler)
    L3GD20_DeInit                            0x08006ec1   Thumb Code     2  l3gd20.o(i.L3GD20_DeInit)
    L3GD20_DisableIT                         0x08006ec3   Thumb Code    56  l3gd20.o(i.L3GD20_DisableIT)
    L3GD20_EnableIT                          0x08006efb   Thumb Code    64  l3gd20.o(i.L3GD20_EnableIT)
    L3GD20_FilterCmd                         0x08006f3b   Thumb Code    40  l3gd20.o(i.L3GD20_FilterCmd)
    L3GD20_FilterConfig                      0x08006f63   Thumb Code    40  l3gd20.o(i.L3GD20_FilterConfig)
    L3GD20_INT1InterruptConfig               0x08006f8b   Thumb Code    82  l3gd20.o(i.L3GD20_INT1InterruptConfig)
    L3GD20_Init                              0x08006fdd   Thumb Code    46  l3gd20.o(i.L3GD20_Init)
    L3GD20_LowPower                          0x0800700b   Thumb Code    18  l3gd20.o(i.L3GD20_LowPower)
    L3GD20_ReadID                            0x0800701d   Thumb Code    22  l3gd20.o(i.L3GD20_ReadID)
    L3GD20_ReadXYZAngRate                    0x08007035   Thumb Code   186  l3gd20.o(i.L3GD20_ReadXYZAngRate)
    L3GD20_RebootCmd                         0x08007101   Thumb Code    36  l3gd20.o(i.L3GD20_RebootCmd)
    LCD_Delay                                0x08007125   Thumb Code     4  stm32f429i_discovery.o(i.LCD_Delay)
    LCD_IO_Init                              0x08007129   Thumb Code   150  stm32f429i_discovery.o(i.LCD_IO_Init)
    LCD_IO_ReadData                          0x080071d1   Thumb Code    92  stm32f429i_discovery.o(i.LCD_IO_ReadData)
    LCD_IO_WriteData                         0x0800723d   Thumb Code    46  stm32f429i_discovery.o(i.LCD_IO_WriteData)
    LCD_IO_WriteReg                          0x08007275   Thumb Code    48  stm32f429i_discovery.o(i.LCD_IO_WriteReg)
    LTDC_IRQHandler                          0x080072ad   Thumb Code     6  stm32f4xx_it.o(i.LTDC_IRQHandler)
    MX_ADC1_Init                             0x0800741d   Thumb Code    90  adc.o(i.MX_ADC1_Init)
    MX_CRC_Init                              0x08007489   Thumb Code    28  crc.o(i.MX_CRC_Init)
    MX_DMA2D_Init                            0x080074ad   Thumb Code    56  dma2d.o(i.MX_DMA2D_Init)
    MX_FMC_Init                              0x080074ed   Thumb Code    96  fmc.o(i.MX_FMC_Init)
    MX_GPIO_Init                             0x08007555   Thumb Code   514  gpio.o(i.MX_GPIO_Init)
    MX_I2C3_Init                             0x08007779   Thumb Code    78  i2c.o(i.MX_I2C3_Init)
    MX_LTDC_Init                             0x080077d5   Thumb Code   168  ltdc.o(i.MX_LTDC_Init)
    MX_SPI5_Init                             0x08007885   Thumb Code    62  spi.o(i.MX_SPI5_Init)
    MX_TIM1_Init                             0x080078cd   Thumb Code    94  tim.o(i.MX_TIM1_Init)
    MX_USART1_UART_Init                      0x08007935   Thumb Code    48  usart.o(i.MX_USART1_UART_Init)
    MemManage_Handler                        0x0800796d   Thumb Code     2  stm32f4xx_it.o(i.MemManage_Handler)
    NMI_Handler                              0x0800796f   Thumb Code     2  stm32f4xx_it.o(i.NMI_Handler)
    PendSV_Handler                           0x08007971   Thumb Code     2  stm32f4xx_it.o(i.PendSV_Handler)
    SVC_Handler                              0x08007bf9   Thumb Code     2  stm32f4xx_it.o(i.SVC_Handler)
    SizeOf                                   0x08007bfb   Thumb Code    18  main.o(i.SizeOf)
    SysTick_Handler                          0x08007c0d   Thumb Code     2  stm32f4xx_it.o(i.SysTick_Handler)
    SystemClock_Config                       0x08007c11   Thumb Code   150  main.o(i.SystemClock_Config)
    SystemInit                               0x08007cb1   Thumb Code    12  system_stm32f4xx.o(i.SystemInit)
    TIM6_DAC_IRQHandler                      0x08007cc1   Thumb Code     6  stm32f4xx_it.o(i.TIM6_DAC_IRQHandler)
    TIM_Base_SetConfig                       0x08007ccd   Thumb Code   170  stm32f4xx_hal_tim.o(i.TIM_Base_SetConfig)
    TIM_ETR_SetConfig                        0x08007da5   Thumb Code    20  stm32f4xx_hal_tim.o(i.TIM_ETR_SetConfig)
    USART1_IRQHandler                        0x080080d1   Thumb Code     6  stm32f4xx_it.o(i.USART1_IRQHandler)
    UsageFault_Handler                       0x080080dd   Thumb Code     2  stm32f4xx_it.o(i.UsageFault_Handler)
    __ARM_fpclassify                         0x080080df   Thumb Code    48  fpclassify.o(i.__ARM_fpclassify)
    __hardfp_sin                             0x08008131   Thumb Code   180  sin.o(i.__hardfp_sin)
    __ieee754_rem_pio2                       0x080081f9   Thumb Code   938  rred.o(i.__ieee754_rem_pio2)
    __kernel_cos                             0x08008631   Thumb Code   322  cos_i.o(i.__kernel_cos)
    __kernel_poly                            0x080087a1   Thumb Code   248  poly.o(i.__kernel_poly)
    __kernel_sin                             0x08008899   Thumb Code   280  sin_i.o(i.__kernel_sin)
    __mathlib_dbl_infnan                     0x080089c9   Thumb Code    20  dunder.o(i.__mathlib_dbl_infnan)
    __mathlib_dbl_invalid                    0x080089e1   Thumb Code    24  dunder.o(i.__mathlib_dbl_invalid)
    __mathlib_dbl_underflow                  0x08008a01   Thumb Code    24  dunder.o(i.__mathlib_dbl_underflow)
    _is_digit                                0x08008a21   Thumb Code    14  __printf_wp.o(i._is_digit)
    assert_failed                            0x08008a2f   Thumb Code     2  main.o(i.assert_failed)
    fabs                                     0x08008a31   Thumb Code    24  fabs.o(i.fabs)
    ili9341_DisplayOff                       0x08008a49   Thumb Code     6  ili9341.o(i.ili9341_DisplayOff)
    ili9341_DisplayOn                        0x08008a4f   Thumb Code     6  ili9341.o(i.ili9341_DisplayOn)
    ili9341_GetLcdPixelHeight                0x08008a55   Thumb Code     6  ili9341.o(i.ili9341_GetLcdPixelHeight)
    ili9341_GetLcdPixelWidth                 0x08008a5b   Thumb Code     4  ili9341.o(i.ili9341_GetLcdPixelWidth)
    ili9341_Init                             0x08008a5f   Thumb Code   658  ili9341.o(i.ili9341_Init)
    ili9341_ReadID                           0x08008cf1   Thumb Code    18  ili9341.o(i.ili9341_ReadID)
    main                                     0x08008d05   Thumb Code   470  main.o(i.main)
    _get_lc_numeric                          0x08008f21   Thumb Code    44  lc_numeric_c.o(locale$$code)
    __aeabi_dneg                             0x08008f4d   Thumb Code     0  basic.o(x$fpl$basic)
    _dneg                                    0x08008f4d   Thumb Code     6  basic.o(x$fpl$basic)
    __aeabi_fneg                             0x08008f53   Thumb Code     0  basic.o(x$fpl$basic)
    _fneg                                    0x08008f53   Thumb Code     6  basic.o(x$fpl$basic)
    _dabs                                    0x08008f59   Thumb Code     6  basic.o(x$fpl$basic)
    _fabs                                    0x08008f5f   Thumb Code     6  basic.o(x$fpl$basic)
    __aeabi_d2f                              0x08008f65   Thumb Code     0  d2f.o(x$fpl$d2f)
    _d2f                                     0x08008f65   Thumb Code    98  d2f.o(x$fpl$d2f)
    __aeabi_dadd                             0x08008fc9   Thumb Code     0  daddsub_clz.o(x$fpl$dadd)
    _dadd                                    0x08008fc9   Thumb Code   332  daddsub_clz.o(x$fpl$dadd)
    __aeabi_ddiv                             0x08009119   Thumb Code     0  ddiv.o(x$fpl$ddiv)
    _ddiv                                    0x08009119   Thumb Code   552  ddiv.o(x$fpl$ddiv)
    __aeabi_d2iz                             0x080093c9   Thumb Code     0  dfix.o(x$fpl$dfix)
    _dfix                                    0x080093c9   Thumb Code    94  dfix.o(x$fpl$dfix)
    __aeabi_i2d                              0x08009427   Thumb Code     0  dflt_clz.o(x$fpl$dflt)
    _dflt                                    0x08009427   Thumb Code    46  dflt_clz.o(x$fpl$dflt)
    __aeabi_ui2d                             0x08009455   Thumb Code     0  dflt_clz.o(x$fpl$dfltu)
    _dfltu                                   0x08009455   Thumb Code    38  dflt_clz.o(x$fpl$dfltu)
    __aeabi_dmul                             0x0800947d   Thumb Code     0  dmul.o(x$fpl$dmul)
    _dmul                                    0x0800947d   Thumb Code   332  dmul.o(x$fpl$dmul)
    __fpl_dnaninf                            0x080095d1   Thumb Code   156  dnaninf.o(x$fpl$dnaninf)
    __fpl_dretinf                            0x0800966d   Thumb Code    12  dretinf.o(x$fpl$dretinf)
    __aeabi_drsub                            0x08009679   Thumb Code     0  daddsub_clz.o(x$fpl$drsb)
    _drsb                                    0x08009679   Thumb Code    22  daddsub_clz.o(x$fpl$drsb)
    __aeabi_dsub                             0x08009691   Thumb Code     0  daddsub_clz.o(x$fpl$dsub)
    _dsub                                    0x08009691   Thumb Code   464  daddsub_clz.o(x$fpl$dsub)
    __aeabi_f2d                              0x08009865   Thumb Code     0  f2d.o(x$fpl$f2d)
    _f2d                                     0x08009865   Thumb Code    86  f2d.o(x$fpl$f2d)
    __fpl_fnaninf                            0x080098bb   Thumb Code   140  fnaninf.o(x$fpl$fnaninf)
    _fp_init                                 0x08009947   Thumb Code    10  fpinit.o(x$fpl$fpinit)
    __fplib_config_fpu_vfp                   0x0800994f   Thumb Code     0  fpinit.o(x$fpl$fpinit)
    __fplib_config_pureend_doubles           0x0800994f   Thumb Code     0  fpinit.o(x$fpl$fpinit)
    __fpl_fretinf                            0x08009951   Thumb Code    10  fretinf.o(x$fpl$fretinf)
    _printf_fp_dec                           0x0800995b   Thumb Code     4  printf1.o(x$fpl$printf1)
    __I$use$fp                               0x0800995e   Number         0  usenofp.o(x$fpl$usenofp)
    AHBPrescTable                            0x08009966   Data          16  system_stm32f4xx.o(.constdata)
    APBPrescTable                            0x08009976   Data           8  system_stm32f4xx.o(.constdata)
    Font24_Table                             0x0800997e   Data        6840  stm32f429i_discovery_lcd.o(.constdata)
    Font12_Table                             0x0800b436   Data        1140  stm32f429i_discovery_lcd.o(.constdata)
    Region$$Table$$Base                      0x0800ba64   Number         0  anon$$obj.o(Region$$Table)
    Region$$Table$$Limit                     0x0800ba84   Number         0  anon$$obj.o(Region$$Table)
    ID                                       0x20000000   Data           1  main.o(.data)
    contador                                 0x20000004   Data           4  main.o(.data)
    T                                        0x20000008   Data           4  main.o(.data)
    P                                        0x2000000c   Data           4  main.o(.data)
    hcrc                                     0x20000010   Data           8  crc.o(.data)
    uwTickFreq                               0x20000020   Data           1  stm32f4xx_hal.o(.data)
    uwTickPrio                               0x20000024   Data           4  stm32f4xx_hal.o(.data)
    uwTick                                   0x20000028   Data           4  stm32f4xx_hal.o(.data)
    SystemCoreClock                          0x2000002c   Data           4  system_stm32f4xx.o(.data)
    BUTTON_PORT                              0x20000034   Data           4  stm32f429i_discovery.o(.data)
    I2cxTimeout                              0x20000038   Data           4  stm32f429i_discovery.o(.data)
    SpixTimeout                              0x2000003c   Data           4  stm32f429i_discovery.o(.data)
    GPIO_PORT                                0x20000040   Data           8  stm32f429i_discovery.o(.data)
    LcdDrv                                   0x2000004c   Data           4  stm32f429i_discovery_lcd.o(.data)
    Font24                                   0x20000050   Data           8  stm32f429i_discovery_lcd.o(.data)
    Font12                                   0x20000058   Data           8  stm32f429i_discovery_lcd.o(.data)
    ili9341_drv                              0x20000068   Data          56  ili9341.o(.data)
    L3gd20Drv                                0x200000a0   Data          52  l3gd20.o(.data)
    gyroscope_data                           0x200000d4   Data          12  main.o(.bss)
    hadc1                                    0x20000108   Data          72  adc.o(.bss)
    hdma2d                                   0x20000150   Data          64  dma2d.o(.bss)
    hsdram1                                  0x20000190   Data          52  fmc.o(.bss)
    hi2c3                                    0x200001c4   Data          84  i2c.o(.bss)
    hltdc                                    0x20000218   Data         168  ltdc.o(.bss)
    hspi5                                    0x200002c0   Data          88  spi.o(.bss)
    htim1                                    0x20000318   Data          72  tim.o(.bss)
    huart1                                   0x20000360   Data          72  usart.o(.bss)
    htim6                                    0x200003a8   Data          72  stm32f4xx_hal_timebase_tim.o(.bss)
    I2cHandle                                0x200003f0   Data          84  stm32f429i_discovery.o(.bss)
    LtdcHandler                              0x2000049c   Data         168  stm32f429i_discovery_lcd.o(.bss)
    __libspace_start                         0x200006ec   Data          96  libspace.o(.bss)
    __temporary_stack_top$libspace           0x2000074c   Data           0  libspace.o(.bss)



==============================================================================

Memory Map of the image

  Image Entry point : 0x080001ad

  Load Region LR_IROM1 (Base: 0x08000000, Size: 0x0000bb74, Max: 0x00200000, ABSOLUTE)

    Execution Region ER_IROM1 (Exec base: 0x08000000, Load base: 0x08000000, Size: 0x0000baa0, Max: 0x00200000, ABSOLUTE)

    Exec Addr    Load Addr    Size         Type   Attr      Idx    E Section Name        Object

    0x08000000   0x08000000   0x000001ac   Data   RO            3    RESET               startup_stm32f429xx.o
    0x080001ac   0x080001ac   0x00000008   Code   RO         6790  * !!!main             c_w.l(__main.o)
    0x080001b4   0x080001b4   0x00000034   Code   RO         7105    !!!scatter          c_w.l(__scatter.o)
    0x080001e8   0x080001e8   0x0000001a   Code   RO         7107    !!handler_copy      c_w.l(__scatter_copy.o)
    0x08000202   0x08000202   0x00000002   PAD
    0x08000204   0x08000204   0x0000001c   Code   RO         7109    !!handler_zi        c_w.l(__scatter_zi.o)
    0x08000220   0x08000220   0x00000000   Code   RO         6783    .ARM.Collect$$_printf_percent$$00000000  c_w.l(_printf_percent.o)
    0x08000220   0x08000220   0x00000006   Code   RO         6782    .ARM.Collect$$_printf_percent$$00000003  c_w.l(_printf_f.o)
    0x08000226   0x08000226   0x00000004   Code   RO         6831    .ARM.Collect$$_printf_percent$$00000017  c_w.l(_printf_percent_end.o)
    0x0800022a   0x0800022a   0x00000002   Code   RO         6976    .ARM.Collect$$libinit$$00000000  c_w.l(libinit.o)
    0x0800022c   0x0800022c   0x00000004   Code   RO         6977    .ARM.Collect$$libinit$$00000001  c_w.l(libinit2.o)
    0x08000230   0x08000230   0x00000000   Code   RO         6980    .ARM.Collect$$libinit$$00000004  c_w.l(libinit2.o)
    0x08000230   0x08000230   0x00000000   Code   RO         6983    .ARM.Collect$$libinit$$0000000A  c_w.l(libinit2.o)
    0x08000230   0x08000230   0x00000000   Code   RO         6985    .ARM.Collect$$libinit$$0000000C  c_w.l(libinit2.o)
    0x08000230   0x08000230   0x00000000   Code   RO         6987    .ARM.Collect$$libinit$$0000000E  c_w.l(libinit2.o)
    0x08000230   0x08000230   0x00000006   Code   RO         6988    .ARM.Collect$$libinit$$0000000F  c_w.l(libinit2.o)
    0x08000236   0x08000236   0x00000000   Code   RO         6990    .ARM.Collect$$libinit$$00000011  c_w.l(libinit2.o)
    0x08000236   0x08000236   0x00000000   Code   RO         6992    .ARM.Collect$$libinit$$00000013  c_w.l(libinit2.o)
    0x08000236   0x08000236   0x00000000   Code   RO         6994    .ARM.Collect$$libinit$$00000015  c_w.l(libinit2.o)
    0x08000236   0x08000236   0x0000000a   Code   RO         6995    .ARM.Collect$$libinit$$00000016  c_w.l(libinit2.o)
    0x08000240   0x08000240   0x00000000   Code   RO         6996    .ARM.Collect$$libinit$$00000017  c_w.l(libinit2.o)
    0x08000240   0x08000240   0x00000000   Code   RO         6998    .ARM.Collect$$libinit$$00000019  c_w.l(libinit2.o)
    0x08000240   0x08000240   0x00000000   Code   RO         7000    .ARM.Collect$$libinit$$0000001B  c_w.l(libinit2.o)
    0x08000240   0x08000240   0x00000000   Code   RO         7002    .ARM.Collect$$libinit$$0000001D  c_w.l(libinit2.o)
    0x08000240   0x08000240   0x00000000   Code   RO         7004    .ARM.Collect$$libinit$$0000001F  c_w.l(libinit2.o)
    0x08000240   0x08000240   0x00000000   Code   RO         7006    .ARM.Collect$$libinit$$00000021  c_w.l(libinit2.o)
    0x08000240   0x08000240   0x00000000   Code   RO         7008    .ARM.Collect$$libinit$$00000023  c_w.l(libinit2.o)
    0x08000240   0x08000240   0x00000000   Code   RO         7010    .ARM.Collect$$libinit$$00000025  c_w.l(libinit2.o)
    0x08000240   0x08000240   0x00000000   Code   RO         7014    .ARM.Collect$$libinit$$0000002C  c_w.l(libinit2.o)
    0x08000240   0x08000240   0x00000000   Code   RO         7016    .ARM.Collect$$libinit$$0000002E  c_w.l(libinit2.o)
    0x08000240   0x08000240   0x00000000   Code   RO         7018    .ARM.Collect$$libinit$$00000030  c_w.l(libinit2.o)
    0x08000240   0x08000240   0x00000000   Code   RO         7020    .ARM.Collect$$libinit$$00000032  c_w.l(libinit2.o)
    0x08000240   0x08000240   0x00000002   Code   RO         7021    .ARM.Collect$$libinit$$00000033  c_w.l(libinit2.o)
    0x08000242   0x08000242   0x00000002   Code   RO         7068    .ARM.Collect$$libshutdown$$00000000  c_w.l(libshutdown.o)
    0x08000244   0x08000244   0x00000000   Code   RO         7086    .ARM.Collect$$libshutdown$$00000002  c_w.l(libshutdown2.o)
    0x08000244   0x08000244   0x00000000   Code   RO         7088    .ARM.Collect$$libshutdown$$00000004  c_w.l(libshutdown2.o)
    0x08000244   0x08000244   0x00000000   Code   RO         7090    .ARM.Collect$$libshutdown$$00000006  c_w.l(libshutdown2.o)
    0x08000244   0x08000244   0x00000000   Code   RO         7093    .ARM.Collect$$libshutdown$$00000009  c_w.l(libshutdown2.o)
    0x08000244   0x08000244   0x00000000   Code   RO         7096    .ARM.Collect$$libshutdown$$0000000C  c_w.l(libshutdown2.o)
    0x08000244   0x08000244   0x00000000   Code   RO         7098    .ARM.Collect$$libshutdown$$0000000E  c_w.l(libshutdown2.o)
    0x08000244   0x08000244   0x00000000   Code   RO         7101    .ARM.Collect$$libshutdown$$00000011  c_w.l(libshutdown2.o)
    0x08000244   0x08000244   0x00000002   Code   RO         7102    .ARM.Collect$$libshutdown$$00000012  c_w.l(libshutdown2.o)
    0x08000246   0x08000246   0x00000000   Code   RO         6818    .ARM.Collect$$rtentry$$00000000  c_w.l(__rtentry.o)
    0x08000246   0x08000246   0x00000000   Code   RO         6872    .ARM.Collect$$rtentry$$00000002  c_w.l(__rtentry2.o)
    0x08000246   0x08000246   0x00000006   Code   RO         6884    .ARM.Collect$$rtentry$$00000004  c_w.l(__rtentry4.o)
    0x0800024c   0x0800024c   0x00000000   Code   RO         6874    .ARM.Collect$$rtentry$$00000009  c_w.l(__rtentry2.o)
    0x0800024c   0x0800024c   0x00000004   Code   RO         6875    .ARM.Collect$$rtentry$$0000000A  c_w.l(__rtentry2.o)
    0x08000250   0x08000250   0x00000000   Code   RO         6877    .ARM.Collect$$rtentry$$0000000C  c_w.l(__rtentry2.o)
    0x08000250   0x08000250   0x00000008   Code   RO         6878    .ARM.Collect$$rtentry$$0000000D  c_w.l(__rtentry2.o)
    0x08000258   0x08000258   0x00000002   Code   RO         7022    .ARM.Collect$$rtexit$$00000000  c_w.l(rtexit.o)
    0x0800025a   0x0800025a   0x00000000   Code   RO         7037    .ARM.Collect$$rtexit$$00000002  c_w.l(rtexit2.o)
    0x0800025a   0x0800025a   0x00000004   Code   RO         7038    .ARM.Collect$$rtexit$$00000003  c_w.l(rtexit2.o)
    0x0800025e   0x0800025e   0x00000006   Code   RO         7039    .ARM.Collect$$rtexit$$00000004  c_w.l(rtexit2.o)
    0x08000264   0x08000264   0x00000040   Code   RO            4    .text               startup_stm32f429xx.o
    0x080002a4   0x080002a4   0x000000ee   Code   RO         6754    .text               c_w.l(lludivv7m.o)
    0x08000392   0x08000392   0x00000002   PAD
    0x08000394   0x08000394   0x00000028   Code   RO         6758    .text               c_w.l(noretval__2sprintf.o)
    0x080003bc   0x080003bc   0x0000010e   Code   RO         6770    .text               c_w.l(__printf_wp.o)
    0x080004ca   0x080004ca   0x00000064   Code   RO         6784    .text               c_w.l(rt_memcpy_w.o)
    0x0800052e   0x0800052e   0x0000004e   Code   RO         6786    .text               c_w.l(rt_memclr_w.o)
    0x0800057c   0x0800057c   0x00000006   Code   RO         6788    .text               c_w.l(heapauxi.o)
    0x08000582   0x08000582   0x00000016   Code   RO         6823    .text               c_w.l(_rserrno.o)
    0x08000598   0x08000598   0x0000041e   Code   RO         6825    .text               c_w.l(_printf_fp_dec.o)
    0x080009b6   0x080009b6   0x00000002   PAD
    0x080009b8   0x080009b8   0x00000030   Code   RO         6827    .text               c_w.l(_printf_char_common.o)
    0x080009e8   0x080009e8   0x0000000a   Code   RO         6829    .text               c_w.l(_sputc.o)
    0x080009f2   0x080009f2   0x00000002   PAD
    0x080009f4   0x080009f4   0x00000008   Code   RO         6891    .text               c_w.l(rt_locale_intlibspace.o)
    0x080009fc   0x080009fc   0x00000008   Code   RO         6896    .text               c_w.l(rt_errno_addr_intlibspace.o)
    0x08000a04   0x08000a04   0x0000008a   Code   RO         6898    .text               c_w.l(lludiv10.o)
    0x08000a8e   0x08000a8e   0x00000002   PAD
    0x08000a90   0x08000a90   0x00000080   Code   RO         6900    .text               c_w.l(_printf_fp_infnan.o)
    0x08000b10   0x08000b10   0x000000e4   Code   RO         6904    .text               c_w.l(bigflt0.o)
    0x08000bf4   0x08000bf4   0x00000008   Code   RO         6958    .text               c_w.l(libspace.o)
    0x08000bfc   0x08000bfc   0x0000004a   Code   RO         6961    .text               c_w.l(sys_stackheap_outer.o)
    0x08000c46   0x08000c46   0x00000012   Code   RO         6963    .text               c_w.l(exit.o)
    0x08000c58   0x08000c58   0x00000080   Code   RO         6969    .text               c_w.l(strcmpv7m.o)
    0x08000cd8   0x08000cd8   0x0000000c   Code   RO         7034    .text               c_w.l(sys_exit.o)
    0x08000ce4   0x08000ce4   0x00000002   Code   RO         7055    .text               c_w.l(use_no_semi.o)
    0x08000ce6   0x08000ce6   0x00000000   Code   RO         7057    .text               c_w.l(indicate_semi.o)
    0x08000ce6   0x08000ce6   0x0000003e   Code   RO         6907    CL$$btod_d2e        c_w.l(btod.o)
    0x08000d24   0x08000d24   0x00000046   Code   RO         6909    CL$$btod_d2e_denorm_low  c_w.l(btod.o)
    0x08000d6a   0x08000d6a   0x00000060   Code   RO         6908    CL$$btod_d2e_norm_op1  c_w.l(btod.o)
    0x08000dca   0x08000dca   0x00000338   Code   RO         6917    CL$$btod_div_common  c_w.l(btod.o)
    0x08001102   0x08001102   0x000000dc   Code   RO         6914    CL$$btod_e2e        c_w.l(btod.o)
    0x080011de   0x080011de   0x0000002a   Code   RO         6911    CL$$btod_ediv       c_w.l(btod.o)
    0x08001208   0x08001208   0x0000002a   Code   RO         6910    CL$$btod_emul       c_w.l(btod.o)
    0x08001232   0x08001232   0x00000244   Code   RO         6916    CL$$btod_mult_common  c_w.l(btod.o)
    0x08001476   0x08001476   0x00000002   PAD
    0x08001478   0x08001478   0x00000178   Code   RO          908    i.ADC_Init          stm32f4xx_hal_adc.o
    0x080015f0   0x080015f0   0x00000014   Code   RO         6319    i.BSP_GYRO_GetXYZ   stm32f429i_discovery_gyroscope.o
    0x08001604   0x08001604   0x00000044   Code   RO         6321    i.BSP_GYRO_Init     stm32f429i_discovery_gyroscope.o
    0x08001648   0x08001648   0x00000014   Code   RO         6323    i.BSP_GYRO_Reset    stm32f429i_discovery_gyroscope.o
    0x0800165c   0x0800165c   0x0000003c   Code   RO         5784    i.BSP_LCD_Clear     stm32f429i_discovery_lcd.o
    0x08001698   0x08001698   0x00000034   Code   RO         5786    i.BSP_LCD_DisplayChar  stm32f429i_discovery_lcd.o
    0x080016cc   0x080016cc   0x00000014   Code   RO         5788    i.BSP_LCD_DisplayOn  stm32f429i_discovery_lcd.o
    0x080016e0   0x080016e0   0x000000c4   Code   RO         5789    i.BSP_LCD_DisplayStringAt  stm32f429i_discovery_lcd.o
    0x080017a4   0x080017a4   0x0000001c   Code   RO         5790    i.BSP_LCD_DisplayStringAtLine  stm32f429i_discovery_lcd.o
    0x080017c0   0x080017c0   0x000000c8   Code   RO         5795    i.BSP_LCD_DrawLine  stm32f429i_discovery_lcd.o
    0x08001888   0x08001888   0x00000034   Code   RO         5796    i.BSP_LCD_DrawPixel  stm32f429i_discovery_lcd.o
    0x080018bc   0x080018bc   0x0000001c   Code   RO         5806    i.BSP_LCD_GetFont   stm32f429i_discovery_lcd.o
    0x080018d8   0x080018d8   0x0000000c   Code   RO         5808    i.BSP_LCD_GetXSize  stm32f429i_discovery_lcd.o
    0x080018e4   0x080018e4   0x0000000c   Code   RO         5809    i.BSP_LCD_GetYSize  stm32f429i_discovery_lcd.o
    0x080018f0   0x080018f0   0x00000094   Code   RO         5810    i.BSP_LCD_Init      stm32f429i_discovery_lcd.o
    0x08001984   0x08001984   0x00000080   Code   RO         5811    i.BSP_LCD_LayerDefaultInit  stm32f429i_discovery_lcd.o
    0x08001a04   0x08001a04   0x0000012c   Code   RO         5812    i.BSP_LCD_MspInit   stm32f429i_discovery_lcd.o
    0x08001b30   0x08001b30   0x0000000c   Code   RO         5817    i.BSP_LCD_SelectLayer  stm32f429i_discovery_lcd.o
    0x08001b3c   0x08001b3c   0x0000001c   Code   RO         5818    i.BSP_LCD_SetBackColor  stm32f429i_discovery_lcd.o
    0x08001b58   0x08001b58   0x0000001c   Code   RO         5821    i.BSP_LCD_SetFont   stm32f429i_discovery_lcd.o
    0x08001b74   0x08001b74   0x00000018   Code   RO         5828    i.BSP_LCD_SetTextColor  stm32f429i_discovery_lcd.o
    0x08001b8c   0x08001b8c   0x00000078   Code   RO         6184    i.BSP_SDRAM_Init    stm32f429i_discovery_sdram.o
    0x08001c04   0x08001c04   0x00000088   Code   RO         6185    i.BSP_SDRAM_Initialization_sequence  stm32f429i_discovery_sdram.o
    0x08001c8c   0x08001c8c   0x00000164   Code   RO         6187    i.BSP_SDRAM_MspInit  stm32f429i_discovery_sdram.o
    0x08001df0   0x08001df0   0x00000002   Code   RO          712    i.BusFault_Handler  stm32f4xx_it.o
    0x08001df2   0x08001df2   0x00000002   PAD
    0x08001df4   0x08001df4   0x0000000c   Code   RO          713    i.DMA2D_IRQHandler  stm32f4xx_it.o
    0x08001e00   0x08001e00   0x00000096   Code   RO         2478    i.DMA2D_SetConfig   stm32f4xx_hal_dma2d.o
    0x08001e96   0x08001e96   0x00000002   PAD
    0x08001e98   0x08001e98   0x00000028   Code   RO         1709    i.DMA_CalcBaseAndBitshift  stm32f4xx_hal_dma.o
    0x08001ec0   0x08001ec0   0x00000054   Code   RO         1710    i.DMA_CheckFifoParam  stm32f4xx_hal_dma.o
    0x08001f14   0x08001f14   0x00000002   Code   RO          714    i.DebugMon_Handler  stm32f4xx_it.o
    0x08001f16   0x08001f16   0x00000002   PAD
    0x08001f18   0x08001f18   0x0000019c   Code   RO         5832    i.DrawChar          stm32f429i_discovery_lcd.o
    0x080020b4   0x080020b4   0x00000004   Code   RO           13    i.Error_Handler     main.o
    0x080020b8   0x080020b8   0x000001a0   Code   RO         2707    i.FMC_SDRAM_Init    stm32f4xx_ll_fmc.o
    0x08002258   0x08002258   0x00000074   Code   RO         2708    i.FMC_SDRAM_ProgramRefreshRate  stm32f4xx_ll_fmc.o
    0x080022cc   0x080022cc   0x00000100   Code   RO         2709    i.FMC_SDRAM_SendCommand  stm32f4xx_ll_fmc.o
    0x080023cc   0x080023cc   0x00000190   Code   RO         2711    i.FMC_SDRAM_Timing_Init  stm32f4xx_ll_fmc.o
    0x0800255c   0x0800255c   0x00000060   Code   RO         5833    i.FillBuffer        stm32f429i_discovery_lcd.o
    0x080025bc   0x080025bc   0x00000070   Code   RO         5502    i.GYRO_IO_Init      stm32f429i_discovery.o
    0x0800262c   0x0800262c   0x00000050   Code   RO         5503    i.GYRO_IO_Read      stm32f429i_discovery.o
    0x0800267c   0x0800267c   0x00000048   Code   RO         5504    i.GYRO_IO_Write     stm32f429i_discovery.o
    0x080026c4   0x080026c4   0x000001f0   Code   RO          910    i.HAL_ADC_ConfigChannel  stm32f4xx_hal_adc.o
    0x080028b4   0x080028b4   0x00000220   Code   RO          919    i.HAL_ADC_Init      stm32f4xx_hal_adc.o
    0x08002ad4   0x08002ad4   0x00000028   Code   RO          329    i.HAL_ADC_MspInit   adc.o
    0x08002afc   0x08002afc   0x00000070   Code   RO         2422    i.HAL_CRC_Init      stm32f4xx_hal_crc.o
    0x08002b6c   0x08002b6c   0x00000028   Code   RO          371    i.HAL_CRC_MspInit   crc.o
    0x08002b94   0x08002b94   0x00000002   Code   RO         2484    i.HAL_DMA2D_CLUTLoadingCpltCallback  stm32f4xx_hal_dma2d.o
    0x08002b96   0x08002b96   0x00000002   PAD
    0x08002b98   0x08002b98   0x0000015c   Code   RO         2492    i.HAL_DMA2D_ConfigLayer  stm32f4xx_hal_dma2d.o
    0x08002cf4   0x08002cf4   0x0000011e   Code   RO         2499    i.HAL_DMA2D_IRQHandler  stm32f4xx_hal_dma2d.o
    0x08002e12   0x08002e12   0x00000002   PAD
    0x08002e14   0x08002e14   0x000000f4   Code   RO         2500    i.HAL_DMA2D_Init    stm32f4xx_hal_dma2d.o
    0x08002f08   0x08002f08   0x00000002   Code   RO         2501    i.HAL_DMA2D_LineEventCallback  stm32f4xx_hal_dma2d.o
    0x08002f0a   0x08002f0a   0x00000002   PAD
    0x08002f0c   0x08002f0c   0x0000003c   Code   RO          413    i.HAL_DMA2D_MspInit  dma2d.o
    0x08002f48   0x08002f48   0x00000110   Code   RO         2504    i.HAL_DMA2D_PollForTransfer  stm32f4xx_hal_dma2d.o
    0x08003058   0x08003058   0x000000a0   Code   RO         2507    i.HAL_DMA2D_Start   stm32f4xx_hal_dma2d.o
    0x080030f8   0x080030f8   0x00000092   Code   RO         1712    i.HAL_DMA_Abort     stm32f4xx_hal_dma.o
    0x0800318a   0x0800318a   0x00000024   Code   RO         1713    i.HAL_DMA_Abort_IT  stm32f4xx_hal_dma.o
    0x080031ae   0x080031ae   0x00000002   PAD
    0x080031b0   0x080031b0   0x0000012c   Code   RO         1714    i.HAL_DMA_DeInit    stm32f4xx_hal_dma.o
    0x080032dc   0x080032dc   0x000002e0   Code   RO         1718    i.HAL_DMA_Init      stm32f4xx_hal_dma.o
    0x080035bc   0x080035bc   0x00000024   Code   RO         2155    i.HAL_Delay         stm32f4xx_hal.o
    0x080035e0   0x080035e0   0x000000dc   Code   RO          454    i.HAL_FMC_MspInit   fmc.o
    0x080036bc   0x080036bc   0x00000218   Code   RO         1602    i.HAL_GPIO_DeInit   stm32f4xx_hal_gpio.o
    0x080038d4   0x080038d4   0x00000328   Code   RO         1605    i.HAL_GPIO_Init     stm32f4xx_hal_gpio.o
    0x08003bfc   0x08003bfc   0x0000006c   Code   RO         1609    i.HAL_GPIO_WritePin  stm32f4xx_hal_gpio.o
    0x08003c68   0x08003c68   0x0000000c   Code   RO         2163    i.HAL_GetTick       stm32f4xx_hal.o
    0x08003c74   0x08003c74   0x000000bc   Code   RO         3475    i.HAL_I2CEx_ConfigAnalogFilter  stm32f4xx_hal_i2c_ex.o
    0x08003d30   0x08003d30   0x000000b4   Code   RO         3476    i.HAL_I2CEx_ConfigDigitalFilter  stm32f4xx_hal_i2c_ex.o
    0x08003de4   0x08003de4   0x00000288   Code   RO         3049    i.HAL_I2C_Init      stm32f4xx_hal_i2c.o
    0x0800406c   0x0800406c   0x00000090   Code   RO          503    i.HAL_I2C_MspInit   i2c.o
    0x080040fc   0x080040fc   0x00000010   Code   RO         2169    i.HAL_IncTick       stm32f4xx_hal.o
    0x0800410c   0x0800410c   0x00000034   Code   RO         2170    i.HAL_Init          stm32f4xx_hal.o
    0x08004140   0x08004140   0x00000098   Code   RO          836    i.HAL_InitTick      stm32f4xx_hal_timebase_tim.o
    0x080041d8   0x080041d8   0x00000180   Code   RO         3508    i.HAL_LTDC_ConfigLayer  stm32f4xx_hal_ltdc.o
    0x08004358   0x08004358   0x00000030   Code   RO         3520    i.HAL_LTDC_EnableDither  stm32f4xx_hal_ltdc.o
    0x08004388   0x08004388   0x00000002   Code   RO         3521    i.HAL_LTDC_ErrorCallback  stm32f4xx_hal_ltdc.o
    0x0800438a   0x0800438a   0x000000ca   Code   RO         3524    i.HAL_LTDC_IRQHandler  stm32f4xx_hal_ltdc.o
    0x08004454   0x08004454   0x00000204   Code   RO         3525    i.HAL_LTDC_Init     stm32f4xx_hal_ltdc.o
    0x08004658   0x08004658   0x00000002   Code   RO         3526    i.HAL_LTDC_LineEventCallback  stm32f4xx_hal_ltdc.o
    0x0800465a   0x0800465a   0x00000002   PAD
    0x0800465c   0x0800465c   0x000001ac   Code   RO          545    i.HAL_LTDC_MspInit  ltdc.o
    0x08004808   0x08004808   0x00000002   Code   RO         3531    i.HAL_LTDC_ReloadEventCallback  stm32f4xx_hal_ltdc.o
    0x0800480a   0x0800480a   0x00000002   PAD
    0x0800480c   0x0800480c   0x00000030   Code   RO          812    i.HAL_MspInit       stm32f4xx_hal_msp.o
    0x0800483c   0x0800483c   0x00000064   Code   RO         2013    i.HAL_NVIC_EnableIRQ  stm32f4xx_hal_cortex.o
    0x080048a0   0x080048a0   0x000000a0   Code   RO         2019    i.HAL_NVIC_SetPriority  stm32f4xx_hal_cortex.o
    0x08004940   0x08004940   0x00000080   Code   RO         2020    i.HAL_NVIC_SetPriorityGrouping  stm32f4xx_hal_cortex.o
    0x080049c0   0x080049c0   0x00000070   Code   RO         1941    i.HAL_PWREx_EnableOverDrive  stm32f4xx_hal_pwr_ex.o
    0x08004a30   0x08004a30   0x000004c8   Code   RO         1291    i.HAL_RCCEx_PeriphCLKConfig  stm32f4xx_hal_rcc_ex.o
    0x08004ef8   0x08004ef8   0x0000026c   Code   RO         1184    i.HAL_RCC_ClockConfig  stm32f4xx_hal_rcc.o
    0x08005164   0x08005164   0x00000040   Code   RO         1188    i.HAL_RCC_GetClockConfig  stm32f4xx_hal_rcc.o
    0x080051a4   0x080051a4   0x00000020   Code   RO         1191    i.HAL_RCC_GetPCLK1Freq  stm32f4xx_hal_rcc.o
    0x080051c4   0x080051c4   0x00000020   Code   RO         1192    i.HAL_RCC_GetPCLK2Freq  stm32f4xx_hal_rcc.o
    0x080051e4   0x080051e4   0x00000060   Code   RO         1193    i.HAL_RCC_GetSysClockFreq  stm32f4xx_hal_rcc.o
    0x08005244   0x08005244   0x000004a8   Code   RO         1196    i.HAL_RCC_OscConfig  stm32f4xx_hal_rcc.o
    0x080056ec   0x080056ec   0x00000042   Code   RO         2873    i.HAL_SDRAM_Init    stm32f4xx_hal_sdram.o
    0x0800572e   0x0800572e   0x00000004   Code   RO          456    i.HAL_SDRAM_MspInit  fmc.o
    0x08005732   0x08005732   0x0000002e   Code   RO         2876    i.HAL_SDRAM_ProgramRefreshRate  stm32f4xx_hal_sdram.o
    0x08005760   0x08005760   0x0000003c   Code   RO         2882    i.HAL_SDRAM_SendCommand  stm32f4xx_hal_sdram.o
    0x0800579c   0x0800579c   0x000000b0   Code   RO         3804    i.HAL_SPI_DeInit    stm32f4xx_hal_spi.o
    0x0800584c   0x0800584c   0x00000006   Code   RO         3807    i.HAL_SPI_GetState  stm32f4xx_hal_spi.o
    0x08005852   0x08005852   0x00000002   PAD
    0x08005854   0x08005854   0x00000268   Code   RO         3809    i.HAL_SPI_Init      stm32f4xx_hal_spi.o
    0x08005abc   0x08005abc   0x0000002c   Code   RO          586    i.HAL_SPI_MspDeInit  spi.o
    0x08005ae8   0x08005ae8   0x00000068   Code   RO          587    i.HAL_SPI_MspInit   spi.o
    0x08005b50   0x08005b50   0x00000156   Code   RO         3812    i.HAL_SPI_Receive   stm32f4xx_hal_spi.o
    0x08005ca6   0x08005ca6   0x00000002   PAD
    0x08005ca8   0x08005ca8   0x000001bc   Code   RO         3817    i.HAL_SPI_Transmit  stm32f4xx_hal_spi.o
    0x08005e64   0x08005e64   0x00000234   Code   RO         3818    i.HAL_SPI_TransmitReceive  stm32f4xx_hal_spi.o
    0x08006098   0x08006098   0x00000002   Code   RO         4827    i.HAL_TIMEx_BreakCallback  stm32f4xx_hal_tim_ex.o
    0x0800609a   0x0800609a   0x00000002   Code   RO         4828    i.HAL_TIMEx_CommutCallback  stm32f4xx_hal_tim_ex.o
    0x0800609c   0x0800609c   0x00000150   Code   RO         4846    i.HAL_TIMEx_MasterConfigSynchronization  stm32f4xx_hal_tim_ex.o
    0x080061ec   0x080061ec   0x00000194   Code   RO         4122    i.HAL_TIM_Base_Init  stm32f4xx_hal_tim.o
    0x08006380   0x08006380   0x00000028   Code   RO          629    i.HAL_TIM_Base_MspInit  tim.o
    0x080063a8   0x080063a8   0x00000130   Code   RO         4127    i.HAL_TIM_Base_Start_IT  stm32f4xx_hal_tim.o
    0x080064d8   0x080064d8   0x00000410   Code   RO         4131    i.HAL_TIM_ConfigClockSource  stm32f4xx_hal_tim.o
    0x080068e8   0x080068e8   0x00000002   Code   RO         4156    i.HAL_TIM_IC_CaptureCallback  stm32f4xx_hal_tim.o
    0x080068ea   0x080068ea   0x00000130   Code   RO         4170    i.HAL_TIM_IRQHandler  stm32f4xx_hal_tim.o
    0x08006a1a   0x08006a1a   0x00000002   Code   RO         4173    i.HAL_TIM_OC_DelayElapsedCallback  stm32f4xx_hal_tim.o
    0x08006a1c   0x08006a1c   0x00000002   Code   RO         4200    i.HAL_TIM_PWM_PulseFinishedCallback  stm32f4xx_hal_tim.o
    0x08006a1e   0x08006a1e   0x00000002   PAD
    0x08006a20   0x08006a20   0x00000014   Code   RO           14    i.HAL_TIM_PeriodElapsedCallback  main.o
    0x08006a34   0x08006a34   0x00000002   Code   RO         4213    i.HAL_TIM_TriggerCallback  stm32f4xx_hal_tim.o
    0x08006a36   0x08006a36   0x00000002   Code   RO         5106    i.HAL_UARTEx_RxEventCallback  stm32f4xx_hal_uart.o
    0x08006a38   0x08006a38   0x00000002   Code   RO         5120    i.HAL_UART_ErrorCallback  stm32f4xx_hal_uart.o
    0x08006a3a   0x08006a3a   0x00000002   PAD
    0x08006a3c   0x08006a3c   0x00000270   Code   RO         5123    i.HAL_UART_IRQHandler  stm32f4xx_hal_uart.o
    0x08006cac   0x08006cac   0x00000160   Code   RO         5124    i.HAL_UART_Init     stm32f4xx_hal_uart.o
    0x08006e0c   0x08006e0c   0x0000007c   Code   RO          671    i.HAL_UART_MspInit  usart.o
    0x08006e88   0x08006e88   0x00000002   Code   RO         5130    i.HAL_UART_RxCpltCallback  stm32f4xx_hal_uart.o
    0x08006e8a   0x08006e8a   0x00000032   Code   RO         5134    i.HAL_UART_Transmit_IT  stm32f4xx_hal_uart.o
    0x08006ebc   0x08006ebc   0x00000002   Code   RO         5135    i.HAL_UART_TxCpltCallback  stm32f4xx_hal_uart.o
    0x08006ebe   0x08006ebe   0x00000002   Code   RO          715    i.HardFault_Handler  stm32f4xx_it.o
    0x08006ec0   0x08006ec0   0x00000002   Code   RO         6665    i.L3GD20_DeInit     l3gd20.o
    0x08006ec2   0x08006ec2   0x00000038   Code   RO         6666    i.L3GD20_DisableIT  l3gd20.o
    0x08006efa   0x08006efa   0x00000040   Code   RO         6667    i.L3GD20_EnableIT   l3gd20.o
    0x08006f3a   0x08006f3a   0x00000028   Code   RO         6668    i.L3GD20_FilterCmd  l3gd20.o
    0x08006f62   0x08006f62   0x00000028   Code   RO         6669    i.L3GD20_FilterConfig  l3gd20.o
    0x08006f8a   0x08006f8a   0x00000052   Code   RO         6671    i.L3GD20_INT1InterruptConfig  l3gd20.o
    0x08006fdc   0x08006fdc   0x0000002e   Code   RO         6672    i.L3GD20_Init       l3gd20.o
    0x0800700a   0x0800700a   0x00000012   Code   RO         6673    i.L3GD20_LowPower   l3gd20.o
    0x0800701c   0x0800701c   0x00000016   Code   RO         6674    i.L3GD20_ReadID     l3gd20.o
    0x08007032   0x08007032   0x00000002   PAD
    0x08007034   0x08007034   0x000000cc   Code   RO         6675    i.L3GD20_ReadXYZAngRate  l3gd20.o
    0x08007100   0x08007100   0x00000024   Code   RO         6676    i.L3GD20_RebootCmd  l3gd20.o
    0x08007124   0x08007124   0x00000004   Code   RO         5515    i.LCD_Delay         stm32f429i_discovery.o
    0x08007128   0x08007128   0x000000a8   Code   RO         5516    i.LCD_IO_Init       stm32f429i_discovery.o
    0x080071d0   0x080071d0   0x0000006c   Code   RO         5517    i.LCD_IO_ReadData   stm32f429i_discovery.o
    0x0800723c   0x0800723c   0x00000038   Code   RO         5518    i.LCD_IO_WriteData  stm32f429i_discovery.o
    0x08007274   0x08007274   0x00000038   Code   RO         5519    i.LCD_IO_WriteReg   stm32f429i_discovery.o
    0x080072ac   0x080072ac   0x0000000c   Code   RO          716    i.LTDC_IRQHandler   stm32f4xx_it.o
    0x080072b8   0x080072b8   0x00000162   Code   RO         3544    i.LTDC_SetConfig    stm32f4xx_hal_ltdc.o
    0x0800741a   0x0800741a   0x00000002   PAD
    0x0800741c   0x0800741c   0x0000006c   Code   RO          330    i.MX_ADC1_Init      adc.o
    0x08007488   0x08007488   0x00000024   Code   RO          372    i.MX_CRC_Init       crc.o
    0x080074ac   0x080074ac   0x00000040   Code   RO          414    i.MX_DMA2D_Init     dma2d.o
    0x080074ec   0x080074ec   0x00000068   Code   RO          457    i.MX_FMC_Init       fmc.o
    0x08007554   0x08007554   0x00000224   Code   RO          304    i.MX_GPIO_Init      gpio.o
    0x08007778   0x08007778   0x0000005c   Code   RO          504    i.MX_I2C3_Init      i2c.o
    0x080077d4   0x080077d4   0x000000b0   Code   RO          546    i.MX_LTDC_Init      ltdc.o
    0x08007884   0x08007884   0x00000048   Code   RO          588    i.MX_SPI5_Init      spi.o
    0x080078cc   0x080078cc   0x00000068   Code   RO          630    i.MX_TIM1_Init      tim.o
    0x08007934   0x08007934   0x00000038   Code   RO          672    i.MX_USART1_UART_Init  usart.o
    0x0800796c   0x0800796c   0x00000002   Code   RO          717    i.MemManage_Handler  stm32f4xx_it.o
    0x0800796e   0x0800796e   0x00000002   Code   RO          718    i.NMI_Handler       stm32f4xx_it.o
    0x08007970   0x08007970   0x00000002   Code   RO          719    i.PendSV_Handler    stm32f4xx_it.o
    0x08007972   0x08007972   0x0000005c   Code   RO         3846    i.SPI_EndRxTransaction  stm32f4xx_hal_spi.o
    0x080079ce   0x080079ce   0x00000002   PAD
    0x080079d0   0x080079d0   0x0000006c   Code   RO         3847    i.SPI_EndRxTxTransaction  stm32f4xx_hal_spi.o
    0x08007a3c   0x08007a3c   0x000000b8   Code   RO         3852    i.SPI_WaitFlagStateUntilTimeout  stm32f4xx_hal_spi.o
    0x08007af4   0x08007af4   0x00000014   Code   RO         5520    i.SPIx_Error        stm32f429i_discovery.o
    0x08007b08   0x08007b08   0x0000009c   Code   RO         5521    i.SPIx_Init         stm32f429i_discovery.o
    0x08007ba4   0x08007ba4   0x00000024   Code   RO         5522    i.SPIx_Write        stm32f429i_discovery.o
    0x08007bc8   0x08007bc8   0x00000030   Code   RO         5523    i.SPIx_WriteRead    stm32f429i_discovery.o
    0x08007bf8   0x08007bf8   0x00000002   Code   RO          720    i.SVC_Handler       stm32f4xx_it.o
    0x08007bfa   0x08007bfa   0x00000012   Code   RO           15    i.SizeOf            main.o
    0x08007c0c   0x08007c0c   0x00000002   Code   RO          721    i.SysTick_Handler   stm32f4xx_it.o
    0x08007c0e   0x08007c0e   0x00000002   PAD
    0x08007c10   0x08007c10   0x000000a0   Code   RO           16    i.SystemClock_Config  main.o
    0x08007cb0   0x08007cb0   0x00000010   Code   RO         5458    i.SystemInit        system_stm32f4xx.o
    0x08007cc0   0x08007cc0   0x0000000c   Code   RO          722    i.TIM6_DAC_IRQHandler  stm32f4xx_it.o
    0x08007ccc   0x08007ccc   0x000000d8   Code   RO         4215    i.TIM_Base_SetConfig  stm32f4xx_hal_tim.o
    0x08007da4   0x08007da4   0x00000014   Code   RO         4226    i.TIM_ETR_SetConfig  stm32f4xx_hal_tim.o
    0x08007db8   0x08007db8   0x00000010   Code   RO         4227    i.TIM_ITRx_SetConfig  stm32f4xx_hal_tim.o
    0x08007dc8   0x08007dc8   0x00000022   Code   RO         4233    i.TIM_TI1_ConfigInputStage  stm32f4xx_hal_tim.o
    0x08007dea   0x08007dea   0x00000024   Code   RO         4235    i.TIM_TI2_ConfigInputStage  stm32f4xx_hal_tim.o
    0x08007e0e   0x08007e0e   0x00000010   Code   RO         5137    i.UART_DMAAbortOnError  stm32f4xx_hal_uart.o
    0x08007e1e   0x08007e1e   0x0000004e   Code   RO         5147    i.UART_EndRxTransfer  stm32f4xx_hal_uart.o
    0x08007e6c   0x08007e6c   0x000000c2   Code   RO         5149    i.UART_Receive_IT   stm32f4xx_hal_uart.o
    0x08007f2e   0x08007f2e   0x00000002   PAD
    0x08007f30   0x08007f30   0x000001a0   Code   RO         5150    i.UART_SetConfig    stm32f4xx_hal_uart.o
    0x080080d0   0x080080d0   0x0000000c   Code   RO          723    i.USART1_IRQHandler  stm32f4xx_it.o
    0x080080dc   0x080080dc   0x00000002   Code   RO          724    i.UsageFault_Handler  stm32f4xx_it.o
    0x080080de   0x080080de   0x00000030   Code   RO         6954    i.__ARM_fpclassify  m_wm.l(fpclassify.o)
    0x0800810e   0x0800810e   0x00000020   Code   RO         2026    i.__NVIC_SetPriority  stm32f4xx_hal_cortex.o
    0x0800812e   0x0800812e   0x00000002   PAD
    0x08008130   0x08008130   0x000000c8   Code   RO         6806    i.__hardfp_sin      m_wm.l(sin.o)
    0x080081f8   0x080081f8   0x00000438   Code   RO         6860    i.__ieee754_rem_pio2  m_wm.l(rred.o)
    0x08008630   0x08008630   0x00000170   Code   RO         6843    i.__kernel_cos      m_wm.l(cos_i.o)
    0x080087a0   0x080087a0   0x000000f8   Code   RO         6956    i.__kernel_poly     m_wm.l(poly.o)
    0x08008898   0x08008898   0x00000130   Code   RO         6865    i.__kernel_sin      m_wm.l(sin_i.o)
    0x080089c8   0x080089c8   0x00000014   Code   RO         6847    i.__mathlib_dbl_infnan  m_wm.l(dunder.o)
    0x080089dc   0x080089dc   0x00000004   PAD
    0x080089e0   0x080089e0   0x00000020   Code   RO         6849    i.__mathlib_dbl_invalid  m_wm.l(dunder.o)
    0x08008a00   0x08008a00   0x00000020   Code   RO         6852    i.__mathlib_dbl_underflow  m_wm.l(dunder.o)
    0x08008a20   0x08008a20   0x0000000e   Code   RO         6772    i._is_digit         c_w.l(__printf_wp.o)
    0x08008a2e   0x08008a2e   0x00000002   Code   RO           17    i.assert_failed     main.o
    0x08008a30   0x08008a30   0x00000018   Code   RO         6950    i.fabs              m_wm.l(fabs.o)
    0x08008a48   0x08008a48   0x00000006   Code   RO         6597    i.ili9341_DisplayOff  ili9341.o
    0x08008a4e   0x08008a4e   0x00000006   Code   RO         6598    i.ili9341_DisplayOn  ili9341.o
    0x08008a54   0x08008a54   0x00000006   Code   RO         6599    i.ili9341_GetLcdPixelHeight  ili9341.o
    0x08008a5a   0x08008a5a   0x00000004   Code   RO         6600    i.ili9341_GetLcdPixelWidth  ili9341.o
    0x08008a5e   0x08008a5e   0x00000292   Code   RO         6601    i.ili9341_Init      ili9341.o
    0x08008cf0   0x08008cf0   0x00000012   Code   RO         6603    i.ili9341_ReadID    ili9341.o
    0x08008d02   0x08008d02   0x00000002   PAD
    0x08008d04   0x08008d04   0x0000021c   Code   RO           18    i.main              main.o
    0x08008f20   0x08008f20   0x0000002c   Code   RO         6930    locale$$code        c_w.l(lc_numeric_c.o)
    0x08008f4c   0x08008f4c   0x00000018   Code   RO         6832    x$fpl$basic         fz_wm.l(basic.o)
    0x08008f64   0x08008f64   0x00000062   Code   RO         6792    x$fpl$d2f           fz_wm.l(d2f.o)
    0x08008fc6   0x08008fc6   0x00000002   PAD
    0x08008fc8   0x08008fc8   0x00000150   Code   RO         6794    x$fpl$dadd          fz_wm.l(daddsub_clz.o)
    0x08009118   0x08009118   0x000002b0   Code   RO         6933    x$fpl$ddiv          fz_wm.l(ddiv.o)
    0x080093c8   0x080093c8   0x0000005e   Code   RO         6936    x$fpl$dfix          fz_wm.l(dfix.o)
    0x08009426   0x08009426   0x0000002e   Code   RO         6941    x$fpl$dflt          fz_wm.l(dflt_clz.o)
    0x08009454   0x08009454   0x00000026   Code   RO         6940    x$fpl$dfltu         fz_wm.l(dflt_clz.o)
    0x0800947a   0x0800947a   0x00000002   PAD
    0x0800947c   0x0800947c   0x00000154   Code   RO         6800    x$fpl$dmul          fz_wm.l(dmul.o)
    0x080095d0   0x080095d0   0x0000009c   Code   RO         6834    x$fpl$dnaninf       fz_wm.l(dnaninf.o)
    0x0800966c   0x0800966c   0x0000000c   Code   RO         6836    x$fpl$dretinf       fz_wm.l(dretinf.o)
    0x08009678   0x08009678   0x00000016   Code   RO         6795    x$fpl$drsb          fz_wm.l(daddsub_clz.o)
    0x0800968e   0x0800968e   0x00000002   PAD
    0x08009690   0x08009690   0x000001d4   Code   RO         6796    x$fpl$dsub          fz_wm.l(daddsub_clz.o)
    0x08009864   0x08009864   0x00000056   Code   RO         6802    x$fpl$f2d           fz_wm.l(f2d.o)
    0x080098ba   0x080098ba   0x0000008c   Code   RO         6838    x$fpl$fnaninf       fz_wm.l(fnaninf.o)
    0x08009946   0x08009946   0x0000000a   Code   RO         7032    x$fpl$fpinit        fz_wm.l(fpinit.o)
    0x08009950   0x08009950   0x0000000a   Code   RO         6840    x$fpl$fretinf       fz_wm.l(fretinf.o)
    0x0800995a   0x0800995a   0x00000004   Code   RO         6804    x$fpl$printf1       fz_wm.l(printf1.o)
    0x0800995e   0x0800995e   0x00000000   Code   RO         6842    x$fpl$usenofp       fz_wm.l(usenofp.o)
    0x0800995e   0x0800995e   0x00000008   Data   RO         1724    .constdata          stm32f4xx_hal_dma.o
    0x08009966   0x08009966   0x00000010   Data   RO         5459    .constdata          system_stm32f4xx.o
    0x08009976   0x08009976   0x00000008   Data   RO         5460    .constdata          system_stm32f4xx.o
    0x0800997e   0x0800997e   0x00001ab8   Data   RO         5835    .constdata          stm32f429i_discovery_lcd.o
    0x0800b436   0x0800b436   0x00000474   Data   RO         5838    .constdata          stm32f429i_discovery_lcd.o
    0x0800b8aa   0x0800b8aa   0x00000006   PAD
    0x0800b8b0   0x0800b8b0   0x00000030   Data   RO         6844    .constdata          m_wm.l(cos_i.o)
    0x0800b8e0   0x0800b8e0   0x000000c8   Data   RO         6862    .constdata          m_wm.l(rred.o)
    0x0800b9a8   0x0800b9a8   0x00000028   Data   RO         6866    .constdata          m_wm.l(sin_i.o)
    0x0800b9d0   0x0800b9d0   0x00000094   Data   RO         6905    .constdata          c_w.l(bigflt0.o)
    0x0800ba64   0x0800ba64   0x00000020   Data   RO         7103    Region$$Table       anon$$obj.o
    0x0800ba84   0x0800ba84   0x0000001c   Data   RO         6929    locale$$data        c_w.l(lc_numeric_c.o)


    Execution Region RW_IRAM2 (Exec base: 0x10000000, Load base: 0x0800bb74, Size: 0x00000000, Max: 0x00010000, ABSOLUTE)

    **** No section assigned to this execution region ****


    Execution Region RW_IRAM1 (Exec base: 0x20000000, Load base: 0x0800baa0, Size: 0x00000d50, Max: 0x00030000, ABSOLUTE)

    Exec Addr    Load Addr    Size         Type   Attr      Idx    E Section Name        Object

    0x20000000   0x0800baa0   0x00000010   Data   RW           24    .data               main.o
    0x20000010   0x0800bab0   0x00000008   Data   RW          373    .data               crc.o
    0x20000018   0x0800bab8   0x00000008   Data   RW          459    .data               fmc.o
    0x20000020   0x0800bac0   0x0000000c   Data   RW         2177    .data               stm32f4xx_hal.o
    0x2000002c   0x0800bacc   0x00000004   Data   RW         5461    .data               system_stm32f4xx.o
    0x20000030   0x0800bad0   0x00000018   Data   RW         5526    .data               stm32f429i_discovery.o
    0x20000048   0x0800bae8   0x00000010   Data   RW         5849    .data               stm32f429i_discovery_lcd.o
    0x20000058   0x0800baf8   0x00000008   Data   RW         5852    .data               stm32f429i_discovery_lcd.o
    0x20000060   0x0800bb00   0x00000001   Data   RW         6194    .data               stm32f429i_discovery_sdram.o
    0x20000061   0x0800bb01   0x00000003   PAD
    0x20000064   0x0800bb04   0x00000004   Data   RW         6324    .data               stm32f429i_discovery_gyroscope.o
    0x20000068   0x0800bb08   0x00000038   Data   RW         6606    .data               ili9341.o
    0x200000a0   0x0800bb40   0x00000034   Data   RW         6677    .data               l3gd20.o
    0x200000d4        -       0x00000034   Zero   RW           21    .bss                main.o
    0x20000108        -       0x00000048   Zero   RW          331    .bss                adc.o
    0x20000150        -       0x00000040   Zero   RW          415    .bss                dma2d.o
    0x20000190        -       0x00000034   Zero   RW          458    .bss                fmc.o
    0x200001c4        -       0x00000054   Zero   RW          505    .bss                i2c.o
    0x20000218        -       0x000000a8   Zero   RW          547    .bss                ltdc.o
    0x200002c0        -       0x00000058   Zero   RW          589    .bss                spi.o
    0x20000318        -       0x00000048   Zero   RW          631    .bss                tim.o
    0x20000360        -       0x00000048   Zero   RW          673    .bss                usart.o
    0x200003a8        -       0x00000048   Zero   RW          839    .bss                stm32f4xx_hal_timebase_tim.o
    0x200003f0        -       0x000000ac   Zero   RW         5524    .bss                stm32f429i_discovery.o
    0x2000049c        -       0x00000130   Zero   RW         5834    .bss                stm32f429i_discovery_lcd.o
    0x200005cc        -       0x00000120   Zero   RW         6193    .bss                stm32f429i_discovery_sdram.o
    0x200006ec        -       0x00000060   Zero   RW         6959    .bss                c_w.l(libspace.o)
    0x2000074c   0x0800bb74   0x00000004   PAD
    0x20000750        -       0x00000200   Zero   RW            2    HEAP                startup_stm32f429xx.o
    0x20000950        -       0x00000400   Zero   RW            1    STACK               startup_stm32f429xx.o


==============================================================================

Image component sizes


      Code (inc. data)   RO Data    RW Data    ZI Data      Debug   Object Name

       148         28          0          0         72       1889   adc.o
        76         18          0          8          0       1847   crc.o
       124         18          0          0         64       1933   dma2d.o
       328         40          0          8         52       2620   fmc.o
       548         34          0          0          0       1427   gpio.o
       236         32          0          0         84       2069   i2c.o
       698          0          0         56          0       9411   ili9341.o
       610         18          0         52          0       9190   l3gd20.o
       604         42          0          0        168       2454   ltdc.o
       744         86          0         16         52     818518   main.o
       220         36          0          0         88       2593   spi.o
        64         26        428          0       1536        924   startup_stm32f429xx.o
       916        116          0         24        172      11373   stm32f429i_discovery.o
       108         22          0          4          0       4243   stm32f429i_discovery_gyroscope.o
      1836        190       7980         24        304      29419   stm32f429i_discovery_lcd.o
       612         54          0          1        288       4235   stm32f429i_discovery_sdram.o
       116         18          0         12          0       9418   stm32f4xx_hal.o
      1416        220          0          0          0       3391   stm32f4xx_hal_adc.o
       420        196          0          0          0      33570   stm32f4xx_hal_cortex.o
       112         62          0          0          0       1223   stm32f4xx_hal_crc.o
      1342        140          8          0          0       5907   stm32f4xx_hal_dma.o
      1464        190          0          0          0       8028   stm32f4xx_hal_dma2d.o
      1452        294          0          0          0       3734   stm32f4xx_hal_gpio.o
       648         88          0          0          0       3459   stm32f4xx_hal_i2c.o
       368        146          0          0          0       2243   stm32f4xx_hal_i2c_ex.o
      1510        136          0          0          0       7058   stm32f4xx_hal_ltdc.o
        48          6          0          0          0       1018   stm32f4xx_hal_msp.o
       112         14          0          0          0       1444   stm32f4xx_hal_pwr_ex.o
      2036        194          0          0          0       6677   stm32f4xx_hal_rcc.o
      1224        218          0          0          0       1932   stm32f4xx_hal_rcc_ex.o
       172          0          0          0          0       3156   stm32f4xx_hal_sdram.o
      2532        288          0          0          0      10698   stm32f4xx_hal_spi.o
      2382        368          0          0          0      11863   stm32f4xx_hal_tim.o
       340         94          0          0          0       2873   stm32f4xx_hal_tim_ex.o
       152         20          0          0         72       1715   stm32f4xx_hal_timebase_tim.o
      1738        170          0          0          0      10191   stm32f4xx_hal_uart.o
        66         24          0          0          0       7057   stm32f4xx_it.o
      1188        252          0          0          0       5708   stm32f4xx_ll_fmc.o
        16          4         24          4          0       1367   system_stm32f4xx.o
       144         20          0          0         72       1974   tim.o
       180         22          0          0         72       2034   usart.o

    ----------------------------------------------------------------------
     29090       3944       8478        212       3096    1051883   Object Totals
         0          0         32          0          0          0   (incl. Generated)
        40          0          6          3          0          0   (incl. Padding)

    ----------------------------------------------------------------------

      Code (inc. data)   RO Data    RW Data    ZI Data      Debug   Library Member Name

         8          0          0          0          0         68   __main.o
       284          0          0          0          0        156   __printf_wp.o
         0          0          0          0          0          0   __rtentry.o
        12          0          0          0          0          0   __rtentry2.o
         6          0          0          0          0          0   __rtentry4.o
        52          8          0          0          0          0   __scatter.o
        26          0          0          0          0          0   __scatter_copy.o
        28          0          0          0          0          0   __scatter_zi.o
        48          6          0          0          0         96   _printf_char_common.o
         6          0          0          0          0          0   _printf_f.o
      1054          0          0          0          0        216   _printf_fp_dec.o
       128         16          0          0          0         84   _printf_fp_infnan.o
         0          0          0          0          0          0   _printf_percent.o
         4          0          0          0          0          0   _printf_percent_end.o
        22          0          0          0          0        100   _rserrno.o
        10          0          0          0          0         68   _sputc.o
       228          4        148          0          0         96   bigflt0.o
      1936        128          0          0          0        672   btod.o
        18          0          0          0          0         80   exit.o
         6          0          0          0          0        152   heapauxi.o
         0          0          0          0          0          0   indicate_semi.o
        44         10         28          0          0         76   lc_numeric_c.o
         2          0          0          0          0          0   libinit.o
        22          0          0          0          0          0   libinit2.o
         2          0          0          0          0          0   libshutdown.o
         2          0          0          0          0          0   libshutdown2.o
         8          4          0          0         96         68   libspace.o
       138          0          0          0          0         80   lludiv10.o
       238          0          0          0          0        100   lludivv7m.o
        40          6          0          0          0         84   noretval__2sprintf.o
         8          4          0          0          0         68   rt_errno_addr_intlibspace.o
         8          4          0          0          0         68   rt_locale_intlibspace.o
        78          0          0          0          0         80   rt_memclr_w.o
       100          0          0          0          0         80   rt_memcpy_w.o
         2          0          0          0          0          0   rtexit.o
        10          0          0          0          0          0   rtexit2.o
       128          0          0          0          0         68   strcmpv7m.o
        12          4          0          0          0         68   sys_exit.o
        74          0          0          0          0         80   sys_stackheap_outer.o
         2          0          0          0          0         68   use_no_semi.o
        24          0          0          0          0        164   basic.o
        98          4          0          0          0        140   d2f.o
       826         16          0          0          0        492   daddsub_clz.o
       688        140          0          0          0        256   ddiv.o
        94          4          0          0          0        140   dfix.o
        84          0          0          0          0        232   dflt_clz.o
       340         12          0          0          0        152   dmul.o
       156          4          0          0          0        140   dnaninf.o
        12          0          0          0          0        116   dretinf.o
        86          4          0          0          0        132   f2d.o
       140          4          0          0          0        132   fnaninf.o
        10          0          0          0          0        116   fpinit.o
        10          0          0          0          0        116   fretinf.o
         4          0          0          0          0        116   printf1.o
         0          0          0          0          0          0   usenofp.o
       368         46         48          0          0        200   cos_i.o
        84         16          0          0          0        372   dunder.o
        24          0          0          0          0        124   fabs.o
        48          0          0          0          0        124   fpclassify.o
       248          0          0          0          0        152   poly.o
      1080        142        200          0          0        188   rred.o
       200         20          0          0          0        164   sin.o
       304         24         40          0          0        208   sin_i.o

    ----------------------------------------------------------------------
      9744        630        464          0        100       6752   Library Totals
        22          0          0          0          4          0   (incl. Padding)

    ----------------------------------------------------------------------

      Code (inc. data)   RO Data    RW Data    ZI Data      Debug   Library Name

      4794        194        176          0         96       2776   c_w.l
      2572        188          0          0          0       2444   fz_wm.l
      2356        248        288          0          0       1532   m_wm.l

    ----------------------------------------------------------------------
      9744        630        464          0        100       6752   Library Totals

    ----------------------------------------------------------------------

==============================================================================


      Code (inc. data)   RO Data    RW Data    ZI Data      Debug   

     38834       4574       8942        212       3196    1036527   Grand Totals
     38834       4574       8942        212       3196    1036527   ELF Image Totals
     38834       4574       8942        212          0          0   ROM Totals

==============================================================================

    Total RO  Size (Code + RO Data)                47776 (  46.66kB)
    Total RW  Size (RW Data + ZI Data)              3408 (   3.33kB)
    Total ROM Size (Code + RO Data + RW Data)      47988 (  46.86kB)

==============================================================================

