<html>
<body>
<pre>
<h1>µVision Build Log</h1>
<h2>Tool Versions:</h2>
IDE-Version: µVision V5.36.0.0
Copyright (C) 2021 ARM Ltd and ARM Germany GmbH. All rights reserved.
License Information: Daniel Rodriguez, UDG, LIC=21E4T-R35NK-RABDM-XV87N-CCLL5-29JTN
 
Tool Versions:
Toolchain:       MDK-ARM Plus  Version: 5.36.0.0
Toolchain Path:  C:\Keil_v5\ARM\ARMCC\Bin
C Compiler:      Armcc.exe V5.06 update 7 (build 960)
Assembler:       Armasm.exe V5.06 update 7 (build 960)
Linker/Locator:  ArmLink.exe V5.06 update 7 (build 960)
Library Manager: ArmAr.exe V5.06 update 7 (build 960)
Hex Converter:   FromElf.exe V5.06 update 7 (build 960)
CPU DLL:         SARMCM3.DLL V5.36.0.0
Dialog DLL:      DCM.DLL V1.17.3.0
Target DLL:      UL2CM3.DLL V1.164.0.0
Dialog DLL:      TCM.DLL V1.53.0.0
 
<h2>Project:</h2>
D:\Xtigo\CUCEI\6to Semestre\Topicos selectos para computacion\ST_Keil\ST_Keil\STWorkspace\Projects\ARCADE\ARCADE\MDK-ARM\ARCADE.uvprojx
Project File Date:  04/30/2024

<h2>Output:</h2>
*** Using Compiler 'V5.06 update 7 (build 960)', folder: 'C:\Keil_v5\ARM\ARMCC\Bin'
Build target 'ARCADE'
assembling startup_stm32f429xx.s...
compiling i2c.c...
compiling usart.c...
compiling crc.c...
compiling ltdc.c...
compiling spi.c...
compiling fmc.c...
compiling main.c...
compiling gpio.c...
compiling stm32f4xx_ll_adc.c...
compiling dma2d.c...
compiling adc.c...
compiling tim.c...
compiling stm32f4xx_hal_timebase_tim.c...
compiling stm32f4xx_hal_flash_ramfunc.c...
compiling stm32f4xx_hal_gpio.c...
compiling stm32f4xx_hal_flash_ex.c...
compiling stm32f4xx_hal_msp.c...
compiling stm32f4xx_hal_adc.c...
compiling stm32f4xx_hal_flash.c...
compiling stm32f4xx_it.c...
compiling stm32f4xx_hal_adc_ex.c...
compiling stm32f4xx_hal_rcc_ex.c...
compiling stm32f4xx_hal_rcc.c...
compiling stm32f4xx_hal_pwr.c...
compiling stm32f4xx_hal_dma.c...
compiling stm32f4xx_hal_sdram.c...
compiling stm32f4xx_hal_dma_ex.c...
compiling stm32f4xx_hal_exti.c...
compiling stm32f4xx_hal.c...
compiling stm32f4xx_hal_cortex.c...
compiling stm32f4xx_hal_pwr_ex.c...
compiling stm32f4xx_hal_dma2d.c...
compiling stm32f4xx_ll_fmc.c...
compiling stm32f4xx_hal_crc.c...
compiling stm32f4xx_hal_i2c_ex.c...
compiling stm32f4xx_hal_ltdc.c...
compiling stm32f4xx_hal_ltdc_ex.c...
compiling stm32f4xx_hal_i2c.c...
compiling stm32f4xx_hal_dsi.c...
compiling stm32f4xx_hal_spi.c...
compiling stm32f4xx_hal_uart.c...
compiling stmpe811.c...
compiling ili9341.c...
compiling stm32f4xx_hal_tim_ex.c...
compiling stm32f4xx_hal_tim.c...
compiling system_stm32f4xx.c...
compiling stm32f429i_discovery.c...
compiling stm32f429i_discovery_ts.c...
compiling stm32f429i_discovery_io.c...
compiling stm32f429i_discovery_eeprom.c...
compiling stm32f429i_discovery_sdram.c...
compiling stm32f429i_discovery_lcd.c...
linking...
Program Size: Code=35604 RO-data=14224 RW-data=208 ZI-data=3184  
FromELF: creating hex file...
"LCD1\LCD1.axf" - 0 Error(s), 0 Warning(s).

<h2>Software Packages used:</h2>

Package Vendor: ARM
                https://www.keil.com/pack/ARM.CMSIS.6.0.0.pack
                ARM.CMSIS.6.0.0
                CMSIS (Common Microcontroller Software Interface Standard)
   * Component: CORE Version: 6.0.0

Package Vendor: Keil
                http://www.keil.com/pack/Keil.STM32F4xx_DFP.2.16.0.pack
                Keil.STM32F4xx_DFP.2.16.0
                STMicroelectronics STM32F4 Series Device Support, Drivers and Examples

<h2>Collection of Component include folders:</h2>
  .\RTE\_ARCADE
  D:\Aplicaciones\Topicos selectos para comunicaciones\ARM\CMSIS\6.0.0\CMSIS\Core\Include
  D:\Aplicaciones\Topicos selectos para comunicaciones\Keil\STM32F4xx_DFP\2.16.0\Drivers\CMSIS\Device\ST\STM32F4xx\Include

<h2>Collection of Component Files used:</h2>

   * Component: ARM::CMSIS:CORE:6.0.0
      Include file:  CMSIS\Core\Include\tz_context.h
Build Time Elapsed:  00:00:46
</pre>
</body>
</html>
