../Core/Src/main.c:125:6:HAL_ADC_ConvCpltCallback	16	static
../Core/Src/main.c:138:6:norm	16	static
../Core/Src/main.c:144:6:dacf2dac	16	static
../Core/Src/main.c:152:6:Low_Pass_Filter	16	static
../Core/Src/main.c:292:6:High_Pass_Filter	16	static
../Core/Src/main.c:441:5:main	16	static
../Core/Src/main.c:528:6:SystemClock_Config	88	static
../Core/Src/main.c:577:6:print_Sine_Wave	24	static
../Core/Src/main.c:600:6:Generate_Sine_Wave	48	static
../Core/Src/main.c:627:6:HAL_TIM_PeriodElapsedCallback	16	static
../Core/Src/main.c:644:6:Error_Handler	8	static,ignoring_inline_asm
