Archive member included to satisfy reference by file (symbol)

C:/ST/STM32CubeIDE_1.16.0/STM32CubeIDE/plugins/com.st.stm32cube.ide.mcu.externaltools.gnu-tools-for-stm32.12.3.rel1.win32_1.0.200.202406191623/tools/bin/../lib/gcc/arm-none-eabi/12.3.1/../../../../arm-none-eabi/lib/thumb/v7e-m+fp/hard\libc_nano.a(libc_a-exit.o)
                              C:/ST/STM32CubeIDE_1.16.0/STM32CubeIDE/plugins/com.st.stm32cube.ide.mcu.externaltools.gnu-tools-for-stm32.12.3.rel1.win32_1.0.200.202406191623/tools/bin/../lib/gcc/arm-none-eabi/12.3.1/../../../../arm-none-eabi/lib/thumb/v7e-m+fp/hard/crt0.o (exit)
C:/ST/STM32CubeIDE_1.16.0/STM32CubeIDE/plugins/com.st.stm32cube.ide.mcu.externaltools.gnu-tools-for-stm32.12.3.rel1.win32_1.0.200.202406191623/tools/bin/../lib/gcc/arm-none-eabi/12.3.1/../../../../arm-none-eabi/lib/thumb/v7e-m+fp/hard\libc_nano.a(libc_a-nano-vfprintf_float.o)
                              (_printf_float)
C:/ST/STM32CubeIDE_1.16.0/STM32CubeIDE/plugins/com.st.stm32cube.ide.mcu.externaltools.gnu-tools-for-stm32.12.3.rel1.win32_1.0.200.202406191623/tools/bin/../lib/gcc/arm-none-eabi/12.3.1/../../../../arm-none-eabi/lib/thumb/v7e-m+fp/hard\libc_nano.a(libc_a-nano-vfprintf_i.o)
                              C:/ST/STM32CubeIDE_1.16.0/STM32CubeIDE/plugins/com.st.stm32cube.ide.mcu.externaltools.gnu-tools-for-stm32.12.3.rel1.win32_1.0.200.202406191623/tools/bin/../lib/gcc/arm-none-eabi/12.3.1/../../../../arm-none-eabi/lib/thumb/v7e-m+fp/hard\libc_nano.a(libc_a-nano-vfprintf_float.o) (_printf_common)
C:/ST/STM32CubeIDE_1.16.0/STM32CubeIDE/plugins/com.st.stm32cube.ide.mcu.externaltools.gnu-tools-for-stm32.12.3.rel1.win32_1.0.200.202406191623/tools/bin/../lib/gcc/arm-none-eabi/12.3.1/../../../../arm-none-eabi/lib/thumb/v7e-m+fp/hard\libc_nano.a(libc_a-nano-vfscanf_float.o)
                              (_scanf_float)
C:/ST/STM32CubeIDE_1.16.0/STM32CubeIDE/plugins/com.st.stm32cube.ide.mcu.externaltools.gnu-tools-for-stm32.12.3.rel1.win32_1.0.200.202406191623/tools/bin/../lib/gcc/arm-none-eabi/12.3.1/../../../../arm-none-eabi/lib/thumb/v7e-m+fp/hard\libc_nano.a(libc_a-findfp.o)
                              C:/ST/STM32CubeIDE_1.16.0/STM32CubeIDE/plugins/com.st.stm32cube.ide.mcu.externaltools.gnu-tools-for-stm32.12.3.rel1.win32_1.0.200.202406191623/tools/bin/../lib/gcc/arm-none-eabi/12.3.1/../../../../arm-none-eabi/lib/thumb/v7e-m+fp/hard\libc_nano.a(libc_a-exit.o) (__stdio_exit_handler)
C:/ST/STM32CubeIDE_1.16.0/STM32CubeIDE/plugins/com.st.stm32cube.ide.mcu.externaltools.gnu-tools-for-stm32.12.3.rel1.win32_1.0.200.202406191623/tools/bin/../lib/gcc/arm-none-eabi/12.3.1/../../../../arm-none-eabi/lib/thumb/v7e-m+fp/hard\libc_nano.a(libc_a-fwalk.o)
                              C:/ST/STM32CubeIDE_1.16.0/STM32CubeIDE/plugins/com.st.stm32cube.ide.mcu.externaltools.gnu-tools-for-stm32.12.3.rel1.win32_1.0.200.202406191623/tools/bin/../lib/gcc/arm-none-eabi/12.3.1/../../../../arm-none-eabi/lib/thumb/v7e-m+fp/hard\libc_nano.a(libc_a-findfp.o) (_fwalk_sglue)
C:/ST/STM32CubeIDE_1.16.0/STM32CubeIDE/plugins/com.st.stm32cube.ide.mcu.externaltools.gnu-tools-for-stm32.12.3.rel1.win32_1.0.200.202406191623/tools/bin/../lib/gcc/arm-none-eabi/12.3.1/../../../../arm-none-eabi/lib/thumb/v7e-m+fp/hard\libc_nano.a(libc_a-sprintf.o)
                              ./Core/Src/main.o (sprintf)
C:/ST/STM32CubeIDE_1.16.0/STM32CubeIDE/plugins/com.st.stm32cube.ide.mcu.externaltools.gnu-tools-for-stm32.12.3.rel1.win32_1.0.200.202406191623/tools/bin/../lib/gcc/arm-none-eabi/12.3.1/../../../../arm-none-eabi/lib/thumb/v7e-m+fp/hard\libc_nano.a(libc_a-stdio.o)
                              C:/ST/STM32CubeIDE_1.16.0/STM32CubeIDE/plugins/com.st.stm32cube.ide.mcu.externaltools.gnu-tools-for-stm32.12.3.rel1.win32_1.0.200.202406191623/tools/bin/../lib/gcc/arm-none-eabi/12.3.1/../../../../arm-none-eabi/lib/thumb/v7e-m+fp/hard\libc_nano.a(libc_a-findfp.o) (__sread)
C:/ST/STM32CubeIDE_1.16.0/STM32CubeIDE/plugins/com.st.stm32cube.ide.mcu.externaltools.gnu-tools-for-stm32.12.3.rel1.win32_1.0.200.202406191623/tools/bin/../lib/gcc/arm-none-eabi/12.3.1/../../../../arm-none-eabi/lib/thumb/v7e-m+fp/hard\libc_nano.a(libc_a-memset.o)
                              C:/ST/STM32CubeIDE_1.16.0/STM32CubeIDE/plugins/com.st.stm32cube.ide.mcu.externaltools.gnu-tools-for-stm32.12.3.rel1.win32_1.0.200.202406191623/tools/bin/../lib/gcc/arm-none-eabi/12.3.1/../../../../arm-none-eabi/lib/thumb/v7e-m+fp/hard/crt0.o (memset)
C:/ST/STM32CubeIDE_1.16.0/STM32CubeIDE/plugins/com.st.stm32cube.ide.mcu.externaltools.gnu-tools-for-stm32.12.3.rel1.win32_1.0.200.202406191623/tools/bin/../lib/gcc/arm-none-eabi/12.3.1/../../../../arm-none-eabi/lib/thumb/v7e-m+fp/hard\libc_nano.a(libc_a-localeconv.o)
[...]
Memory Configuration

Name             Origin             Length             Attributes
CCMRAM           0x10000000         0x00010000         xrw
RAM              0x20000000         0x00030000         xrw
FLASH            0x08000000         0x00200000         xr
*default*        0x00000000         0xffffffff

Linker script and memory map

LOAD C:/ST/STM32CubeIDE_1.16.0/STM32CubeIDE/plugins/com.st.stm32cube.ide.mcu.externaltools.gnu-tools-for-stm32.12.3.rel1.win32_1.0.200.202406191623/tools/bin/../lib/gcc/arm-none-eabi/12.3.1/thumb/v7e-m+fp/hard/crti.o
LOAD C:/ST/STM32CubeIDE_1.16.0/STM32CubeIDE/plugins/com.st.stm32cube.ide.mcu.externaltools.gnu-tools-for-stm32.12.3.rel1.win32_1.0.200.202406191623/tools/bin/../lib/gcc/arm-none-eabi/12.3.1/thumb/v7e-m+fp/hard/crtbegin.o
LOAD C:/ST/STM32CubeIDE_1.16.0/STM32CubeIDE/plugins/com.st.stm32cube.ide.mcu.externaltools.gnu-tools-for-stm32.12.3.rel1.win32_1.0.200.202406191623/tools/bin/../lib/gcc/arm-none-eabi/12.3.1/../../../../arm-none-eabi/lib/thumb/v7e-m+fp/hard/crt0.o
LOAD ./Core/Drivers/BSP/Components/ili9341.o
LOAD ./Core/Drivers/BSP/Components/stmpe811.o
LOAD ./Core/Drivers/BSP/STM32F429-Discovery/stm32f429i_discovery.o
LOAD ./Core/Drivers/BSP/STM32F429-Discovery/stm32f429i_discovery_eeprom.o
LOAD ./Core/Drivers/BSP/STM32F429-Discovery/stm32f429i_discovery_gyroscope.o
LOAD ./Core/Drivers/BSP/STM32F429-Discovery/stm32f429i_discovery_io.o
LOAD ./Core/Drivers/BSP/STM32F429-Discovery/stm32f429i_discovery_lcd.o
LOAD ./Core/Drivers/BSP/STM32F429-Discovery/stm32f429i_discovery_sdram.o
LOAD ./Core/Drivers/BSP/STM32F429-Discovery/stm32f429i_discovery_ts.o
LOAD ./Core/Src/adc.o
LOAD ./Core/Src/crc.o
LOAD ./Core/Src/dac.o
LOAD ./Core/Src/dma.o
LOAD ./Core/Src/dma2d.o
LOAD ./Core/Src/fmc.o
LOAD ./Core/Src/gpio.o
LOAD ./Core/Src/i2c.o
LOAD ./Core/Src/ltdc.o
LOAD ./Core/Src/main.o
LOAD ./Core/Src/spi.o
LOAD ./Core/Src/stm32f4xx_hal_msp.o
LOAD ./Core/Src/stm32f4xx_hal_timebase_tim.o
LOAD ./Core/Src/stm32f4xx_it.o
LOAD ./Core/Src/syscalls.o
LOAD ./Core/Src/sysmem.o
LOAD ./Core/Src/system_stm32f4xx.o
LOAD ./Core/Src/tim.o
LOAD ./Core/Startup/startup_stm32f429zitx.o
LOAD ./Drivers/STM32F4xx_HAL_Driver/Src/stm32f4xx_hal.o
LOAD ./Drivers/STM32F4xx_HAL_Driver/Src/stm32f4xx_hal_adc.o
LOAD ./Drivers/STM32F4xx_HAL_Driver/Src/stm32f4xx_hal_adc_ex.o
LOAD ./Drivers/STM32F4xx_HAL_Driver/Src/stm32f4xx_hal_cortex.o
LOAD ./Drivers/STM32F4xx_HAL_Driver/Src/stm32f4xx_hal_crc.o
LOAD ./Drivers/STM32F4xx_HAL_Driver/Src/stm32f4xx_hal_dac.o
LOAD ./Drivers/STM32F4xx_HAL_Driver/Src/stm32f4xx_hal_dac_ex.o
LOAD ./Drivers/STM32F4xx_HAL_Driver/Src/stm32f4xx_hal_dma.o
LOAD ./Drivers/STM32F4xx_HAL_Driver/Src/stm32f4xx_hal_dma2d.o
LOAD ./Drivers/STM32F4xx_HAL_Driver/Src/stm32f4xx_hal_dma_ex.o
LOAD ./Drivers/STM32F4xx_HAL_Driver/Src/stm32f4xx_hal_dsi.o
LOAD ./Drivers/STM32F4xx_HAL_Driver/Src/stm32f4xx_hal_exti.o
LOAD ./Drivers/STM32F4xx_HAL_Driver/Src/stm32f4xx_hal_flash.o
LOAD ./Drivers/STM32F4xx_HAL_Driver/Src/stm32f4xx_hal_flash_ex.o
LOAD ./Drivers/STM32F4xx_HAL_Driver/Src/stm32f4xx_hal_flash_ramfunc.o
LOAD ./Drivers/STM32F4xx_HAL_Driver/Src/stm32f4xx_hal_gpio.o
LOAD ./Drivers/STM32F4xx_HAL_Driver/Src/stm32f4xx_hal_i2c.o
LOAD ./Drivers/STM32F4xx_HAL_Driver/Src/stm32f4xx_hal_i2c_ex.o
LOAD ./Drivers/STM32F4xx_HAL_Driver/Src/stm32f4xx_hal_ltdc.o
LOAD ./Drivers/STM32F4xx_HAL_Driver/Src/stm32f4xx_hal_ltdc_ex.o
LOAD ./Drivers/STM32F4xx_HAL_Driver/Src/stm32f4xx_hal_pwr.o
LOAD ./Drivers/STM32F4xx_HAL_Driver/Src/stm32f4xx_hal_pwr_ex.o
LOAD ./Drivers/STM32F4xx_HAL_Driver/Src/stm32f4xx_hal_rcc.o
LOAD ./Drivers/STM32F4xx_HAL_Driver/Src/stm32f4xx_hal_rcc_ex.o
LOAD ./Drivers/STM32F4xx_HAL_Driver/Src/stm32f4xx_hal_sdram.o
LOAD ./Drivers/STM32F4xx_HAL_Driver/Src/stm32f4xx_hal_spi.o
LOAD ./Drivers/STM32F4xx_HAL_Driver/Src/stm32f4xx_hal_tim.o
LOAD ./Drivers/STM32F4xx_HAL_Driver/Src/stm32f4xx_hal_tim_ex.o
LOAD ./Drivers/STM32F4xx_HAL_Driver/Src/stm32f4xx_ll_adc.o
LOAD ./Drivers/STM32F4xx_HAL_Driver/Src/stm32f4xx_ll_fmc.o
START GROUP
LOAD C:/ST/STM32CubeIDE_1.16.0/STM32CubeIDE/plugins/com.st.stm32cube.ide.mcu.externaltools.gnu-tools-for-stm32.12.3.rel1.win32_1.0.200.202406191623/tools/bin/../lib/gcc/arm-none-eabi/12.3.1/../../../../arm-none-eabi/lib/thumb/v7e-m+fp/hard\libc_nano.a
LOAD C:/ST/STM32CubeIDE_1.16.0/STM32CubeIDE/plugins/com.st.stm32cube.ide.mcu.externaltools.gnu-tools-for-stm32.12.3.rel1.win32_1.0.200.202406191623/tools/bin/../lib/gcc/arm-none-eabi/12.3.1/../../../../arm-none-eabi/lib/thumb/v7e-m+fp/hard\libm.a
END GROUP
START GROUP
LOAD C:/ST/STM32CubeIDE_1.16.0/STM32CubeIDE/plugins/com.st.stm32cube.ide.mcu.externaltools.gnu-tools-for-stm32.12.3.rel1.win32_1.0.200.202406191623/tools/bin/../lib/gcc/arm-none-eabi/12.3.1/thumb/v7e-m+fp/hard\libgcc.a
LOAD C:/ST/STM32CubeIDE_1.16.0/STM32CubeIDE/plugins/com.st.stm32cube.ide.mcu.externaltools.gnu-tools-for-stm32.12.3.rel1.win32_1.0.200.202406191623/tools/bin/../lib/gcc/arm-none-eabi/12.3.1/../../../../arm-none-eabi/lib/thumb/v7e-m+fp/hard\libc_nano.a
END GROUP
START GROUP
LOAD C:/ST/STM32CubeIDE_1.16.0/STM32CubeIDE/plugins/com.st.stm32cube.ide.mcu.externaltools.gnu-tools-for-stm32.12.3.rel1.win32_1.0.200.202406191623/tools/bin/../lib/gcc/arm-none-eabi/12.3.1/thumb/v7e-m+fp/hard\libgcc.a
LOAD C:/ST/STM32CubeIDE_1.16.0/STM32CubeIDE/plugins/com.st.stm32cube.ide.mcu.externaltools.gnu-tools-for-stm32.12.3.rel1.win32_1.0.200.202406191623/tools/bin/../lib/gcc/arm-none-eabi/12.3.1/../../../../arm-none-eabi/lib/thumb/v7e-m+fp/hard\libc_nano.a
LOAD C:/ST/STM32CubeIDE_1.16.0/STM32CubeIDE/plugins/com.st.stm32cube.ide.mcu.externaltools.gnu-tools-for-stm32.12.3.rel1.win32_1.0.200.202406191623/tools/bin/../lib/gcc/arm-none-eabi/12.3.1/../../../../arm-none-eabi/lib/thumb/v7e-m+fp/hard\libnosys.a
END GROUP
START GROUP
LOAD C:/ST/STM32CubeIDE_1.16.0/STM32CubeIDE/plugins/com.st.stm32cube.ide.mcu.externaltools.gnu-tools-for-stm32.12.3.rel1.win32_1.0.200.202406191623/tools/bin/../lib/gcc/arm-none-eabi/12.3.1/thumb/v7e-m+fp/hard\libgcc.a
LOAD C:/ST/STM32CubeIDE_1.16.0/STM32CubeIDE/plugins/com.st.stm32cube.ide.mcu.externaltools.gnu-tools-for-stm32.12.3.rel1.win32_1.0.200.202406191623/tools/bin/../lib/gcc/arm-none-eabi/12.3.1/../../../../arm-none-eabi/lib/thumb/v7e-m+fp/hard\libc_nano.a
LOAD C:/ST/STM32CubeIDE_1.16.0/STM32CubeIDE/plugins/com.st.stm32cube.ide.mcu.externaltools.gnu-tools-for-stm32.12.3.rel1.win32_1.0.200.202406191623/tools/bin/../lib/gcc/arm-none-eabi/12.3.1/../../../../arm-none-eabi/lib/thumb/v7e-m+fp/hard\libnosys.a
END GROUP
LOAD C:/ST/STM32CubeIDE_1.16.0/STM32CubeIDE/plugins/com.st.stm32cube.ide.mcu.externaltools.gnu-tools-for-stm32.12.3.rel1.win32_1.0.200.202406191623/tools/bin/../lib/gcc/arm-none-eabi/12.3.1/thumb/v7e-m+fp/hard/crtend.o
LOAD C:/ST/STM32CubeIDE_1.16.0/STM32CubeIDE/plugins/com.st.stm32cube.ide.mcu.externaltools.gnu-tools-for-stm32.12.3.rel1.win32_1.0.200.202406191623/tools/bin/../lib/gcc/arm-none-eabi/12.3.1/thumb/v7e-m+fp/hard/crtn.o
                0x20030000                        _estack = (ORIGIN (RAM) + LENGTH (RAM))
                0x00000200                        _Min_Heap_Size = 0x200
                0x00000400                        _Min_Stack_Size = 0x400

.isr_vector     0x08000000      0x1ac
                0x08000000                        . = ALIGN (0x4)
 *(.isr_vector)
 .isr_vector    0x08000000      0x1ac ./Core/Startup/startup_stm32f429zitx.o
                0x08000000                g_pfnVectors
                0x080001ac                        . = ALIGN (0x4)

.text           0x080001b0     0xf658
                0x080001b0                        . = ALIGN (0x4)
 *(.text)
 .text          0x080001b0       0x40 C:/ST/STM32CubeIDE_1.16.0/STM32CubeIDE/plugins/com.st.stm32cube.ide.mcu.externaltools.gnu-tools-for-stm32.12.3.rel1.win32_1.0.200.202406191623/tools/bin/../lib/gcc/arm-none-eabi/12.3.1/thumb/v7e-m+fp/hard/crtbegin.o
 .text          0x080001f0       0xa0 C:/ST/STM32CubeIDE_1.16.0/STM32CubeIDE/plugins/com.st.stm32cube.ide.mcu.externaltools.gnu-tools-for-stm32.12.3.rel1.win32_1.0.200.202406191623/tools/bin/../lib/gcc/arm-none-eabi/12.3.1/../../../../arm-none-eabi/lib/thumb/v7e-m+fp/hard\libc_nano.a(libc_a-memchr.o)
                0x080001f0                memchr
 .text          0x08000290       0x10 C:/ST/STM32CubeIDE_1.16.0/STM32CubeIDE/plugins/com.st.stm32cube.ide.mcu.externaltools.gnu-tools-for-stm32.12.3.rel1.win32_1.0.200.202406191623/tools/bin/../lib/gcc/arm-none-eabi/12.3.1/../../../../arm-none-eabi/lib/thumb/v7e-m+fp/hard\libc_nano.a(libc_a-strlen.o)
                0x08000290                strlen
 .text          0x080002a0      0x378 C:/ST/STM32CubeIDE_1.16.0/STM32CubeIDE/plugins/com.st.stm32cube.ide.mcu.externaltools.gnu-tools-for-stm32.12.3.rel1.win32_1.0.200.202406191623/tools/bin/../lib/gcc/arm-none-eabi/12.3.1/thumb/v7e-m+fp/hard\libgcc.a(_arm_addsubdf3.o)
                0x080002a0                __aeabi_drsub
                0x080002a8                __aeabi_dsub
                0x080002a8                __subdf3
                0x080002ac                __aeabi_dadd
                0x080002ac                __adddf3
                0x08000524                __floatunsidf
                0x08000524                __aeabi_ui2d
                0x08000544                __floatsidf
                0x08000544                __aeabi_i2d
                0x08000568                __aeabi_f2d
                0x08000568                __extendsfdf2
                0x080005ac                __floatundidf
                0x080005ac                __aeabi_ul2d
                0x080005bc                __floatdidf
                0x080005bc                __aeabi_l2d
 .text          0x08000618      0x424 C:/ST/STM32CubeIDE_1.16.0/STM32CubeIDE/plugins/com.st.stm32cube.ide.mcu.externaltools.gnu-tools-for-stm32.12.3.rel1.win32_1.0.200.202406191623/tools/bin/../lib/gcc/arm-none-eabi/12.3.1/thumb/v7e-m+fp/hard\libgcc.a(_arm_muldivdf3.o)
                0x08000618                __aeabi_dmul
                0x08000618                __muldf3
                0x0800086c                __divdf3
                0x0800086c                __aeabi_ddiv
 .text          0x08000a3c      0x110 C:/ST/STM32CubeIDE_1.16.0/STM32CubeIDE/plugins/com.st.stm32cube.ide.mcu.externaltools.gnu-tools-for-stm32.12.3.rel1.win32_1.0.200.202406191623/tools/bin/../lib/gcc/arm-none-eabi/12.3.1/thumb/v7e-m+fp/hard\libgcc.a(_arm_cmpdf2.o)
                0x08000a3c                __gtdf2
                0x08000a3c                __gedf2
                0x08000a44                __ltdf2
                0x08000a44                __ledf2
                0x08000a4c                __nedf2
                0x08000a4c                __eqdf2
                0x08000a4c                __cmpdf2
                0x08000ac8                __aeabi_cdrcmple
                0x08000ad8                __aeabi_cdcmpeq
                0x08000ad8                __aeabi_cdcmple
                0x08000ae8                __aeabi_dcmpeq
                0x08000afc                __aeabi_dcmplt
                0x08000b10                __aeabi_dcmple
                0x08000b24                __aeabi_dcmpge
                0x08000b38                __aeabi_dcmpgt
 .text          0x08000b4c       0x2c C:/ST/STM32CubeIDE_1.16.0/STM32CubeIDE/plugins/com.st.stm32cube.ide.mcu.externaltools.gnu-tools-for-stm32.12.3.rel1.win32_1.0.200.202406191623/tools/bin/../lib/gcc/arm-none-eabi/12.3.1/thumb/v7e-m+fp/hard\libgcc.a(_arm_unorddf2.o)
                0x08000b4c                __unorddf2
                0x08000b4c                __aeabi_dcmpun
 .text          0x08000b78       0x50 C:/ST/STM32CubeIDE_1.16.0/STM32CubeIDE/plugins/com.st.stm32cube.ide.mcu.externaltools.gnu-tools-for-stm32.12.3.rel1.win32_1.0.200.202406191623/tools/bin/../lib/gcc/arm-none-eabi/12.3.1/thumb/v7e-m+fp/hard\libgcc.a(_arm_fixdfsi.o)
                0x08000b78                __aeabi_d2iz
                0x08000b78                __fixdfsi
 .text          0x08000bc8       0x40 C:/ST/STM32CubeIDE_1.16.0/STM32CubeIDE/plugins/com.st.stm32cube.ide.mcu.externaltools.gnu-tools-for-stm32.12.3.rel1.win32_1.0.200.202406191623/tools/bin/../lib/gcc/arm-none-eabi/12.3.1/thumb/v7e-m+fp/hard\libgcc.a(_arm_fixunsdfsi.o)
                0x08000bc8                __aeabi_d2uiz
                0x08000bc8                __fixunsdfsi
 .text          0x08000c08       0xa0 C:/ST/STM32CubeIDE_1.16.0/STM32CubeIDE/plugins/com.st.stm32cube.ide.mcu.externaltools.gnu-tools-for-stm32.12.3.rel1.win32_1.0.200.202406191623/tools/bin/../lib/gcc/arm-none-eabi/12.3.1/thumb/v7e-m+fp/hard\libgcc.a(_arm_truncdfsf2.o)
                0x08000c08                __truncdfsf2
                0x08000c08                __aeabi_d2f
 .text          0x08000ca8       0x30 C:/ST/STM32CubeIDE_1.16.0/STM32CubeIDE/plugins/com.st.stm32cube.ide.mcu.externaltools.gnu-tools-for-stm32.12.3.rel1.win32_1.0.200.202406191623/tools/bin/../lib/gcc/arm-none-eabi/12.3.1/thumb/v7e-m+fp/hard\libgcc.a(_aeabi_uldivmod.o)
                0x08000ca8                __aeabi_uldivmod
 .text          0x08000cd8       0x30 C:/ST/STM32CubeIDE_1.16.0/STM32CubeIDE/plugins/com.st.stm32cube.ide.mcu.externaltools.gnu-tools-for-stm32.12.3.rel1.win32_1.0.200.202406191623/tools/bin/../lib/gcc/arm-none-eabi/12.3.1/thumb/v7e-m+fp/hard\libgcc.a(_fixdfdi.o)
                0x08000cd8                __fixdfdi
                0x08000cd8                __aeabi_d2lz
 .text          0x08000d08       0x3c C:/ST/STM32CubeIDE_1.16.0/STM32CubeIDE/plugins/com.st.stm32cube.ide.mcu.externaltools.gnu-tools-for-stm32.12.3.rel1.win32_1.0.200.202406191623/tools/bin/../lib/gcc/arm-none-eabi/12.3.1/thumb/v7e-m+fp/hard\libgcc.a(_fixunsdfdi.o)
                0x08000d08                __fixunsdfdi
                0x08000d08                __aeabi_d2ulz
 .text          0x08000d44      0x2bc C:/ST/STM32CubeIDE_1.16.0/STM32CubeIDE/plugins/com.st.stm32cube.ide.mcu.externaltools.gnu-tools-for-stm32.12.3.rel1.win32_1.0.200.202406191623/tools/bin/../lib/gcc/arm-none-eabi/12.3.1/thumb/v7e-m+fp/hard\libgcc.a(_udivmoddi4.o)
                0x08000d44                __udivmoddi4
 .text          0x08001000        0x4 C:/ST/STM32CubeIDE_1.16.0/STM32CubeIDE/plugins/com.st.stm32cube.ide.mcu.externaltools.gnu-tools-for-stm32.12.3.rel1.win32_1.0.200.202406191623/tools/bin/../lib/gcc/arm-none-eabi/12.3.1/thumb/v7e-m+fp/hard\libgcc.a(_dvmd_tls.o)
                0x08001000                __aeabi_idiv0
                0x08001000                __aeabi_ldiv0
 *(.text*)
 .text.ili9341_Init
                0x08001004      0x294 ./Core/Drivers/BSP/Components/ili9341.o
                0x08001004                ili9341_Init
 .text.ili9341_ReadID
                0x08001298       0x18 ./Core/Drivers/BSP/Components/ili9341.o
                0x08001298                ili9341_ReadID
 .text.ili9341_DisplayOn
                0x080012b0        0xe ./Core/Drivers/BSP/Components/ili9341.o
                0x080012b0                ili9341_DisplayOn
 .text.ili9341_DisplayOff
                0x080012be        0xe ./Core/Drivers/BSP/Components/ili9341.o
                0x080012be                ili9341_DisplayOff
 .text.ili9341_WriteReg
                0x080012cc       0x1a ./Core/Drivers/BSP/Components/ili9341.o
                0x080012cc                ili9341_WriteReg
 .text.ili9341_WriteData
                0x080012e6       0x1a ./Core/Drivers/BSP/Components/ili9341.o
                0x080012e6                ili9341_WriteData
 .text.ili9341_ReadData
                0x08001300       0x26 ./Core/Drivers/BSP/Components/ili9341.o
                0x08001300                ili9341_ReadData
 .text.ili9341_GetLcdPixelWidth
                0x08001326       0x10 ./Core/Drivers/BSP/Components/ili9341.o
                0x08001326                ili9341_GetLcdPixelWidth
 .text.ili9341_GetLcdPixelHeight
                0x08001336       0x12 ./Core/Drivers/BSP/Components/ili9341.o
                0x08001336                ili9341_GetLcdPixelHeight
 .text.stmpe811_Init
                0x08001348       0x50 ./Core/Drivers/BSP/Components/stmpe811.o
                0x08001348                stmpe811_Init
 .text.stmpe811_Reset
                0x08001398       0x3a ./Core/Drivers/BSP/Components/stmpe811.o
                0x08001398                stmpe811_Reset
 .text.stmpe811_ReadID
                0x080013d2       0x3e ./Core/Drivers/BSP/Components/stmpe811.o
                0x080013d2                stmpe811_ReadID
 .text.stmpe811_EnableGlobalIT
                0x08001410       0x3c ./Core/Drivers/BSP/Components/stmpe811.o
                0x08001410                stmpe811_EnableGlobalIT
 .text.stmpe811_DisableGlobalIT
                0x0800144c       0x3c ./Core/Drivers/BSP/Components/stmpe811.o
                0x0800144c                stmpe811_DisableGlobalIT
 .text.stmpe811_EnableITSource
                0x08001488       0x42 ./Core/Drivers/BSP/Components/stmpe811.o
                0x08001488                stmpe811_EnableITSource
 .text.stmpe811_DisableITSource
                0x080014ca       0x4c ./Core/Drivers/BSP/Components/stmpe811.o
                0x080014ca                stmpe811_DisableITSource
 .text.stmpe811_ReadGITStatus
                0x08001516       0x2e ./Core/Drivers/BSP/Components/stmpe811.o
                0x08001516                stmpe811_ReadGITStatus
 .text.stmpe811_ClearGlobalIT
                0x08001544       0x26 ./Core/Drivers/BSP/Components/stmpe811.o
                0x08001544                stmpe811_ClearGlobalIT
 .text.stmpe811_IO_EnableAF
                0x0800156a       0x48 ./Core/Drivers/BSP/Components/stmpe811.o
                0x0800156a                stmpe811_IO_EnableAF
 .text.stmpe811_TS_Start
                0x080015b2       0xf0 ./Core/Drivers/BSP/Components/stmpe811.o
                0x080015b2                stmpe811_TS_Start
 .text.stmpe811_TS_DetectTouch
                0x080016a2       0x70 ./Core/Drivers/BSP/Components/stmpe811.o
                0x080016a2                stmpe811_TS_DetectTouch
 .text.stmpe811_TS_GetXY
                0x08001712       0x72 ./Core/Drivers/BSP/Components/stmpe811.o
                0x08001712                stmpe811_TS_GetXY
 .text.stmpe811_TS_EnableIT
                0x08001784       0x28 ./Core/Drivers/BSP/Components/stmpe811.o
                0x08001784                stmpe811_TS_EnableIT
 .text.stmpe811_TS_DisableIT
                0x080017ac       0x24 ./Core/Drivers/BSP/Components/stmpe811.o
                0x080017ac                stmpe811_TS_DisableIT
 .text.stmpe811_TS_ITStatus
                0x080017d0       0x1e ./Core/Drivers/BSP/Components/stmpe811.o
                0x080017d0                stmpe811_TS_ITStatus
 .text.stmpe811_TS_ClearIT
                0x080017ee       0x1c ./Core/Drivers/BSP/Components/stmpe811.o
                0x080017ee                stmpe811_TS_ClearIT
 *fill*         0x0800180a        0x2 
 .text.stmpe811_GetInstance
                0x0800180c       0x44 ./Core/Drivers/BSP/Components/stmpe811.o
 .text.I2Cx_MspInit
                0x08001850       0xec ./Core/Drivers/BSP/STM32F429-Discovery/stm32f429i_discovery.o
 .text.I2Cx_Init
                0x0800193c       0x64 ./Core/Drivers/BSP/STM32F429-Discovery/stm32f429i_discovery.o
 .text.I2Cx_ITConfig
                0x080019a0       0x60 ./Core/Drivers/BSP/STM32F429-Discovery/stm32f429i_discovery.o
 .text.I2Cx_WriteData
                0x08001a00       0x54 ./Core/Drivers/BSP/STM32F429-Discovery/stm32f429i_discovery.o
 .text.I2Cx_ReadData
                0x08001a54       0x58 ./Core/Drivers/BSP/STM32F429-Discovery/stm32f429i_discovery.o
 .text.I2Cx_ReadBuffer
                0x08001aac       0x5c ./Core/Drivers/BSP/STM32F429-Discovery/stm32f429i_discovery.o
 .text.I2Cx_Error
                0x08001b08       0x18 ./Core/Drivers/BSP/STM32F429-Discovery/stm32f429i_discovery.o
 .text.SPIx_Init
                0x08001b20       0x74 ./Core/Drivers/BSP/STM32F429-Discovery/stm32f429i_discovery.o
 .text.SPIx_Read
                0x08001b94       0x40 ./Core/Drivers/BSP/STM32F429-Discovery/stm32f429i_discovery.o
 .text.SPIx_Write
                0x08001bd4       0x3c ./Core/Drivers/BSP/STM32F429-Discovery/stm32f429i_discovery.o
 .text.SPIx_Error
                0x08001c10       0x18 ./Core/Drivers/BSP/STM32F429-Discovery/stm32f429i_discovery.o
 .text.SPIx_MspInit
                0x08001c28       0x74 ./Core/Drivers/BSP/STM32F429-Discovery/stm32f429i_discovery.o
 .text.LCD_IO_Init
                0x08001c9c       0xf0 ./Core/Drivers/BSP/STM32F429-Discovery/stm32f429i_discovery.o
                0x08001c9c                LCD_IO_Init
 .text.LCD_IO_WriteData
                0x08001d8c       0x44 ./Core/Drivers/BSP/STM32F429-Discovery/stm32f429i_discovery.o
                0x08001d8c                LCD_IO_WriteData
 .text.LCD_IO_WriteReg
                0x08001dd0       0x44 ./Core/Drivers/BSP/STM32F429-Discovery/stm32f429i_discovery.o
                0x08001dd0                LCD_IO_WriteReg
 .text.LCD_IO_ReadData
                0x08001e14       0x64 ./Core/Drivers/BSP/STM32F429-Discovery/stm32f429i_discovery.o
                0x08001e14                LCD_IO_ReadData
 .text.LCD_Delay
                0x08001e78       0x16 ./Core/Drivers/BSP/STM32F429-Discovery/stm32f429i_discovery.o
                0x08001e78                LCD_Delay
 .text.IOE_Init
                0x08001e8e        0xc ./Core/Drivers/BSP/STM32F429-Discovery/stm32f429i_discovery.o
                0x08001e8e                IOE_Init
 .text.IOE_ITConfig
                0x08001e9a        0xc ./Core/Drivers/BSP/STM32F429-Discovery/stm32f429i_discovery.o
                0x08001e9a                IOE_ITConfig
 .text.IOE_Write
                0x08001ea6       0x26 ./Core/Drivers/BSP/STM32F429-Discovery/stm32f429i_discovery.o
                0x08001ea6                IOE_Write
 .text.IOE_Read
                0x08001ecc       0x26 ./Core/Drivers/BSP/STM32F429-Discovery/stm32f429i_discovery.o
                0x08001ecc                IOE_Read
 .text.IOE_ReadMultiple
                0x08001ef2       0x2c ./Core/Drivers/BSP/STM32F429-Discovery/stm32f429i_discovery.o
                0x08001ef2                IOE_ReadMultiple
 .text.IOE_Delay
                0x08001f1e       0x16 ./Core/Drivers/BSP/STM32F429-Discovery/stm32f429i_discovery.o
                0x08001f1e                IOE_Delay
 .text.BSP_LCD_Init
                0x08001f34       0xd4 ./Core/Drivers/BSP/STM32F429-Discovery/stm32f429i_discovery_lcd.o
                0x08001f34                BSP_LCD_Init
 .text.BSP_LCD_GetXSize
                0x08002008       0x18 ./Core/Drivers/BSP/STM32F429-Discovery/stm32f429i_discovery_lcd.o
                0x08002008                BSP_LCD_GetXSize
 .text.BSP_LCD_GetYSize
                0x08002020       0x18 ./Core/Drivers/BSP/STM32F429-Discovery/stm32f429i_discovery_lcd.o
                0x08002020                BSP_LCD_GetYSize
 .text.BSP_LCD_LayerDefaultInit
                0x08002038       0xc8 ./Core/Drivers/BSP/STM32F429-Discovery/stm32f429i_discovery_lcd.o
                0x08002038                BSP_LCD_LayerDefaultInit
 .text.BSP_LCD_SelectLayer
                0x08002100       0x20 ./Core/Drivers/BSP/STM32F429-Discovery/stm32f429i_discovery_lcd.o
                0x08002100                BSP_LCD_SelectLayer
 .text.BSP_LCD_SetTextColor
                0x08002120       0x30 ./Core/Drivers/BSP/STM32F429-Discovery/stm32f429i_discovery_lcd.o
                0x08002120                BSP_LCD_SetTextColor
 .text.BSP_LCD_SetBackColor
                0x08002150       0x34 ./Core/Drivers/BSP/STM32F429-Discovery/stm32f429i_discovery_lcd.o
                0x08002150                BSP_LCD_SetBackColor
 .text.BSP_LCD_SetFont
                0x08002184       0x34 ./Core/Drivers/BSP/STM32F429-Discovery/stm32f429i_discovery_lcd.o
                0x08002184                BSP_LCD_SetFont
 .text.BSP_LCD_Clear
                0x080021b8       0x50 ./Core/Drivers/BSP/STM32F429-Discovery/stm32f429i_discovery_lcd.o
                0x080021b8                BSP_LCD_Clear
 .text.BSP_LCD_DisplayChar
                0x08002208       0x94 ./Core/Drivers/BSP/STM32F429-Discovery/stm32f429i_discovery_lcd.o
                0x08002208                BSP_LCD_DisplayChar
 .text.BSP_LCD_DisplayStringAt
                0x0800229c      0x2bc ./Core/Drivers/BSP/STM32F429-Discovery/stm32f429i_discovery_lcd.o
                0x0800229c                BSP_LCD_DisplayStringAt
 .text.BSP_LCD_DrawHLine
                0x08002558       0x7c ./Core/Drivers/BSP/STM32F429-Discovery/stm32f429i_discovery_lcd.o
                0x08002558                BSP_LCD_DrawHLine
 .text.BSP_LCD_DrawVLine
                0x080025d4       0x84 ./Core/Drivers/BSP/STM32F429-Discovery/stm32f429i_discovery_lcd.o
                0x080025d4                BSP_LCD_DrawVLine
 .text.BSP_LCD_DisplayOn
                0x08002658       0x20 ./Core/Drivers/BSP/STM32F429-Discovery/stm32f429i_discovery_lcd.o
                0x08002658                BSP_LCD_DisplayOn
 .text.BSP_LCD_MspInit
                0x08002678      0x1ac ./Core/Drivers/BSP/STM32F429-Discovery/stm32f429i_discovery_lcd.o
                0x08002678                BSP_LCD_MspInit
 .text.BSP_LCD_DrawPixel
                0x08002824       0x4c ./Core/Drivers/BSP/STM32F429-Discovery/stm32f429i_discovery_lcd.o
                0x08002824                BSP_LCD_DrawPixel
 .text.DrawChar
                0x08002870      0x228 ./Core/Drivers/BSP/STM32F429-Discovery/stm32f429i_discovery_lcd.o
 .text.FillBuffer
                0x08002a98       0x70 ./Core/Drivers/BSP/STM32F429-Discovery/stm32f429i_discovery_lcd.o
 .text.BSP_SDRAM_Init
                0x08002b08       0xbc ./Core/Drivers/BSP/STM32F429-Discovery/stm32f429i_discovery_sdram.o
                0x08002b08                BSP_SDRAM_Init
 .text.BSP_SDRAM_Initialization_sequence
                0x08002bc4       0xc0 ./Core/Drivers/BSP/STM32F429-Discovery/stm32f429i_discovery_sdram.o
                0x08002bc4                BSP_SDRAM_Initialization_sequence
 .text.BSP_SDRAM_MspInit
                0x08002c84      0x218 ./Core/Drivers/BSP/STM32F429-Discovery/stm32f429i_discovery_sdram.o
                0x08002c84                BSP_SDRAM_MspInit
 .text.BSP_TS_Init
                0x08002e9c       0x74 ./Core/Drivers/BSP/STM32F429-Discovery/stm32f429i_discovery_ts.o
                0x08002e9c                BSP_TS_Init
 .text.MX_ADC1_Init
                0x08002f10       0xa8 ./Core/Src/adc.o
                0x08002f10                MX_ADC1_Init
 .text.HAL_ADC_MspInit
                0x08002fb8       0x44 ./Core/Src/adc.o
                0x08002fb8                HAL_ADC_MspInit
 .text.MX_CRC_Init
                0x08002ffc       0x28 ./Core/Src/crc.o
                0x08002ffc                MX_CRC_Init
 .text.HAL_CRC_MspInit
                0x08003024       0x44 ./Core/Src/crc.o
                0x08003024                HAL_CRC_MspInit
 .text.MX_DAC_Init
                0x08003068       0x54 ./Core/Src/dac.o
                0x08003068                MX_DAC_Init
 .text.HAL_DAC_MspInit
                0x080030bc      0x100 ./Core/Src/dac.o
                0x080030bc                HAL_DAC_MspInit
 .text.MX_DMA_Init
                0x080031bc       0x40 ./Core/Src/dma.o
                0x080031bc                MX_DMA_Init
 .text.MX_DMA2D_Init
                0x080031fc       0x64 ./Core/Src/dma2d.o
                0x080031fc                MX_DMA2D_Init
 .text.HAL_DMA2D_MspInit
                0x08003260       0x50 ./Core/Src/dma2d.o
                0x08003260                HAL_DMA2D_MspInit
 .text.MX_FMC_Init
                0x080032b0       0xa0 ./Core/Src/fmc.o
                0x080032b0                MX_FMC_Init
 .text.HAL_FMC_MspInit
                0x08003350      0x124 ./Core/Src/fmc.o
 .text.HAL_SDRAM_MspInit
                0x08003474       0x14 ./Core/Src/fmc.o
                0x08003474                HAL_SDRAM_MspInit
 .text.MX_GPIO_Init
                0x08003488      0x27c ./Core/Src/gpio.o
                0x08003488                MX_GPIO_Init
 .text.MX_I2C3_Init
                0x08003704       0x80 ./Core/Src/i2c.o
                0x08003704                MX_I2C3_Init
 .text.HAL_I2C_MspInit
                0x08003784       0xd4 ./Core/Src/i2c.o
                0x08003784                HAL_I2C_MspInit
 .text.HAL_I2C_MspDeInit
                0x08003858       0x4c ./Core/Src/i2c.o
                0x08003858                HAL_I2C_MspDeInit
 .text.MX_LTDC_Init
                0x080038a4      0x100 ./Core/Src/ltdc.o
                0x080038a4                MX_LTDC_Init
 .text.HAL_LTDC_MspInit
                0x080039a4      0x260 ./Core/Src/ltdc.o
                0x080039a4                HAL_LTDC_MspInit
 .text.main     0x08003c04      0x130 ./Core/Src/main.o
                0x08003c04                main
 .text.SystemClock_Config
                0x08003d34       0xe0 ./Core/Src/main.o
                0x08003d34                SystemClock_Config
 *fill*         0x08003e14        0x4 
 .text.Generate_Sine_Wave
                0x08003e18      0x108 ./Core/Src/main.o
                0x08003e18                Generate_Sine_Wave
 .text.HAL_TIM_PeriodElapsedCallback
                0x08003f20       0x24 ./Core/Src/main.o
                0x08003f20                HAL_TIM_PeriodElapsedCallback
 .text.Error_Handler
                0x08003f44        0xc ./Core/Src/main.o
                0x08003f44                Error_Handler
 .text.MX_SPI5_Init
                0x08003f50       0x6c ./Core/Src/spi.o
                0x08003f50                MX_SPI5_Init
 .text.HAL_SPI_MspInit
                0x08003fbc       0x90 ./Core/Src/spi.o
                0x08003fbc                HAL_SPI_MspInit
 .text.HAL_SPI_MspDeInit
                0x0800404c       0x3c ./Core/Src/spi.o
                0x0800404c                HAL_SPI_MspDeInit
 .text.HAL_MspInit
                0x08004088       0x50 ./Core/Src/stm32f4xx_hal_msp.o
                0x08004088                HAL_MspInit
 .text.HAL_InitTick
                0x080040d8       0xf8 ./Core/Src/stm32f4xx_hal_timebase_tim.o
                0x080040d8                HAL_InitTick
 .text.NMI_Handler
                0x080041d0        0x8 ./Core/Src/stm32f4xx_it.o
                0x080041d0                NMI_Handler
 .text.HardFault_Handler
                0x080041d8        0x8 ./Core/Src/stm32f4xx_it.o
                0x080041d8                HardFault_Handler
 .text.MemManage_Handler
                0x080041e0        0x8 ./Core/Src/stm32f4xx_it.o
                0x080041e0                MemManage_Handler
 .text.BusFault_Handler
                0x080041e8        0x8 ./Core/Src/stm32f4xx_it.o
                0x080041e8                BusFault_Handler
 .text.UsageFault_Handler
                0x080041f0        0x8 ./Core/Src/stm32f4xx_it.o
                0x080041f0                UsageFault_Handler
 .text.SVC_Handler
                0x080041f8        0xe ./Core/Src/stm32f4xx_it.o
                0x080041f8                SVC_Handler
 .text.DebugMon_Handler
                0x08004206        0xe ./Core/Src/stm32f4xx_it.o
                0x08004206                DebugMon_Handler
 .text.PendSV_Handler
                0x08004214        0xe ./Core/Src/stm32f4xx_it.o
                0x08004214                PendSV_Handler
 .text.SysTick_Handler
                0x08004222        0xe ./Core/Src/stm32f4xx_it.o
                0x08004222                SysTick_Handler
 .text.DMA1_Stream6_IRQHandler
                0x08004230       0x14 ./Core/Src/stm32f4xx_it.o
                0x08004230                DMA1_Stream6_IRQHandler
 .text.TIM2_IRQHandler
                0x08004244       0x14 ./Core/Src/stm32f4xx_it.o
                0x08004244                TIM2_IRQHandler
 .text.TIM6_DAC_IRQHandler
                0x08004258       0x28 ./Core/Src/stm32f4xx_it.o
                0x08004258                TIM6_DAC_IRQHandler
 .text.LTDC_IRQHandler
                0x08004280       0x14 ./Core/Src/stm32f4xx_it.o
                0x08004280                LTDC_IRQHandler
 .text.DMA2D_IRQHandler
                0x08004294       0x14 ./Core/Src/stm32f4xx_it.o
                0x08004294                DMA2D_IRQHandler
 .text._getpid  0x080042a8       0x10 ./Core/Src/syscalls.o
                0x080042a8                _getpid
 .text._kill    0x080042b8       0x20 ./Core/Src/syscalls.o
                0x080042b8                _kill
 .text._exit    0x080042d8       0x16 ./Core/Src/syscalls.o
                0x080042d8                _exit
 .text._read    0x080042ee       0x3a ./Core/Src/syscalls.o
                0x080042ee                _read
 .text._write   0x08004328       0x38 ./Core/Src/syscalls.o
                0x08004328                _write
 .text._close   0x08004360       0x18 ./Core/Src/syscalls.o
                0x08004360                _close
 .text._fstat   0x08004378       0x20 ./Core/Src/syscalls.o
                0x08004378                _fstat
 .text._isatty  0x08004398       0x16 ./Core/Src/syscalls.o
                0x08004398                _isatty
 .text._lseek   0x080043ae       0x1a ./Core/Src/syscalls.o
                0x080043ae                _lseek
 .text._sbrk    0x080043c8       0x6c ./Core/Src/sysmem.o
                0x080043c8                _sbrk
 .text.SystemInit
                0x08004434       0x24 ./Core/Src/system_stm32f4xx.o
                0x08004434                SystemInit
 .text.MX_TIM1_Init
                0x08004458       0xa0 ./Core/Src/tim.o
                0x08004458                MX_TIM1_Init
 .text.MX_TIM2_Init
                0x080044f8       0x98 ./Core/Src/tim.o
                0x080044f8                MX_TIM2_Init
 .text.HAL_TIM_Base_MspInit
                0x08004590       0x78 ./Core/Src/tim.o
                0x08004590                HAL_TIM_Base_MspInit
 .text.Reset_Handler
                0x08004608       0x50 ./Core/Startup/startup_stm32f429zitx.o
                0x08004608                Reset_Handler
 .text.Default_Handler
                0x08004658        0x2 ./Core/Startup/startup_stm32f429zitx.o
                0x08004658                RTC_Alarm_IRQHandler
                0x08004658                HASH_RNG_IRQHandler
                0x08004658                EXTI2_IRQHandler
                0x08004658                TIM8_CC_IRQHandler
                0x08004658                UART8_IRQHandler
                0x08004658                SPI4_IRQHandler
                0x08004658                TIM1_CC_IRQHandler
                0x08004658                DMA2_Stream5_IRQHandler
                0x08004658                DMA1_Stream5_IRQHandler
                0x08004658                PVD_IRQHandler
                0x08004658                SDIO_IRQHandler
                0x08004658                TAMP_STAMP_IRQHandler
                0x08004658                CAN2_RX1_IRQHandler
                0x08004658                EXTI3_IRQHandler
                0x08004658                TIM8_TRG_COM_TIM14_IRQHandler
                0x08004658                TIM1_UP_TIM10_IRQHandler
                0x08004658                TIM8_UP_TIM13_IRQHandler
                0x08004658                I2C3_ER_IRQHandler
                0x08004658                EXTI0_IRQHandler
                0x08004658                I2C2_EV_IRQHandler
                0x08004658                DMA1_Stream2_IRQHandler
                0x08004658                CAN1_RX0_IRQHandler
                0x08004658                FPU_IRQHandler
                0x08004658                OTG_HS_WKUP_IRQHandler
                0x08004658                LTDC_ER_IRQHandler
                0x08004658                CAN2_SCE_IRQHandler
                0x08004658                DMA2_Stream2_IRQHandler
                0x08004658                SPI1_IRQHandler
                0x08004658                TIM1_BRK_TIM9_IRQHandler
                0x08004658                DCMI_IRQHandler
                0x08004658                CAN2_RX0_IRQHandler
                0x08004658                DMA2_Stream3_IRQHandler
                0x08004658                USART6_IRQHandler
                0x08004658                USART3_IRQHandler
                0x08004658                CAN1_RX1_IRQHandler
                0x08004658                UART5_IRQHandler
                0x08004658                DMA2_Stream0_IRQHandler
                0x08004658                TIM4_IRQHandler
                0x08004658                I2C1_EV_IRQHandler
                0x08004658                DMA1_Stream1_IRQHandler
                0x08004658                UART4_IRQHandler
                0x08004658                TIM3_IRQHandler
                0x08004658                RCC_IRQHandler
                0x08004658                TIM8_BRK_TIM12_IRQHandler
                0x08004658                Default_Handler
                0x08004658                EXTI15_10_IRQHandler
                0x08004658                ADC_IRQHandler
                0x08004658                DMA1_Stream7_IRQHandler
                0x08004658                SPI5_IRQHandler
                0x08004658                TIM7_IRQHandler
                0x08004658                CAN2_TX_IRQHandler
                0x08004658                TIM5_IRQHandler
                0x08004658                DMA2_Stream7_IRQHandler
                0x08004658                I2C3_EV_IRQHandler
                0x08004658                EXTI9_5_IRQHandler
                0x08004658                RTC_WKUP_IRQHandler
                0x08004658                ETH_WKUP_IRQHandler
                0x08004658                SPI2_IRQHandler
                0x08004658                OTG_HS_EP1_IN_IRQHandler
                0x08004658                DMA1_Stream0_IRQHandler
                0x08004658                CAN1_TX_IRQHandler
                0x08004658                EXTI4_IRQHandler
                0x08004658                ETH_IRQHandler
                0x08004658                OTG_HS_EP1_OUT_IRQHandler
                0x08004658                WWDG_IRQHandler
                0x08004658                SPI6_IRQHandler
                0x08004658                OTG_FS_WKUP_IRQHandler
                0x08004658                TIM1_TRG_COM_TIM11_IRQHandler
                0x08004658                OTG_HS_IRQHandler
                0x08004658                EXTI1_IRQHandler
                0x08004658                UART7_IRQHandler
                0x08004658                USART2_IRQHandler
                0x08004658                I2C2_ER_IRQHandler
                0x08004658                DMA2_Stream1_IRQHandler
                0x08004658                CAN1_SCE_IRQHandler
                0x08004658                FLASH_IRQHandler
                0x08004658                DMA2_Stream4_IRQHandler
                0x08004658                USART1_IRQHandler
                0x08004658                OTG_FS_IRQHandler
                0x08004658                SPI3_IRQHandler
                0x08004658                DMA1_Stream4_IRQHandler
                0x08004658                I2C1_ER_IRQHandler
                0x08004658                FMC_IRQHandler
                0x08004658                DMA2_Stream6_IRQHandler
                0x08004658                SAI1_IRQHandler
                0x08004658                DMA1_Stream3_IRQHandler
 *fill*         0x0800465a        0x2 
 .text.HAL_Init
                0x0800465c       0x44 ./Drivers/STM32F4xx_HAL_Driver/Src/stm32f4xx_hal.o
                0x0800465c                HAL_Init
 .text.HAL_IncTick
                0x080046a0       0x28 ./Drivers/STM32F4xx_HAL_Driver/Src/stm32f4xx_hal.o
                0x080046a0                HAL_IncTick
 .text.HAL_GetTick
                0x080046c8       0x18 ./Drivers/STM32F4xx_HAL_Driver/Src/stm32f4xx_hal.o
                0x080046c8                HAL_GetTick
 .text.HAL_Delay
                0x080046e0       0x48 ./Drivers/STM32F4xx_HAL_Driver/Src/stm32f4xx_hal.o
                0x080046e0                HAL_Delay
 .text.HAL_ADC_Init
                0x08004728       0x86 ./Drivers/STM32F4xx_HAL_Driver/Src/stm32f4xx_hal_adc.o
                0x08004728                HAL_ADC_Init
 *fill*         0x080047ae        0x2 
 .text.HAL_ADC_ConfigChannel
                0x080047b0      0x264 ./Drivers/STM32F4xx_HAL_Driver/Src/stm32f4xx_hal_adc.o
                0x080047b0                HAL_ADC_ConfigChannel
 .text.ADC_Init
                0x08004a14      0x1f8 ./Drivers/STM32F4xx_HAL_Driver/Src/stm32f4xx_hal_adc.o
 .text.__NVIC_SetPriorityGrouping
                0x08004c0c       0x48 ./Drivers/STM32F4xx_HAL_Driver/Src/stm32f4xx_hal_cortex.o
 .text.__NVIC_GetPriorityGrouping
                0x08004c54       0x1c ./Drivers/STM32F4xx_HAL_Driver/Src/stm32f4xx_hal_cortex.o
 .text.__NVIC_EnableIRQ
                0x08004c70       0x3c ./Drivers/STM32F4xx_HAL_Driver/Src/stm32f4xx_hal_cortex.o
 .text.__NVIC_SetPriority
                0x08004cac       0x54 ./Drivers/STM32F4xx_HAL_Driver/Src/stm32f4xx_hal_cortex.o
 .text.NVIC_EncodePriority
                0x08004d00       0x66 ./Drivers/STM32F4xx_HAL_Driver/Src/stm32f4xx_hal_cortex.o
 .text.HAL_NVIC_SetPriorityGrouping
                0x08004d66       0x16 ./Drivers/STM32F4xx_HAL_Driver/Src/stm32f4xx_hal_cortex.o
                0x08004d66                HAL_NVIC_SetPriorityGrouping
 .text.HAL_NVIC_SetPriority
                0x08004d7c       0x38 ./Drivers/STM32F4xx_HAL_Driver/Src/stm32f4xx_hal_cortex.o
                0x08004d7c                HAL_NVIC_SetPriority
 .text.HAL_NVIC_EnableIRQ
                0x08004db4       0x1c ./Drivers/STM32F4xx_HAL_Driver/Src/stm32f4xx_hal_cortex.o
                0x08004db4                HAL_NVIC_EnableIRQ
 .text.HAL_CRC_Init
                0x08004dd0       0x38 ./Drivers/STM32F4xx_HAL_Driver/Src/stm32f4xx_hal_crc.o
                0x08004dd0                HAL_CRC_Init
 .text.HAL_DAC_Init
                0x08004e08       0x44 ./Drivers/STM32F4xx_HAL_Driver/Src/stm32f4xx_hal_dac.o
                0x08004e08                HAL_DAC_Init
 .text.HAL_DAC_Start_DMA
                0x08004e4c      0x184 ./Drivers/STM32F4xx_HAL_Driver/Src/stm32f4xx_hal_dac.o
                0x08004e4c                HAL_DAC_Start_DMA
 .text.HAL_DAC_IRQHandler
                0x08004fd0       0xac ./Drivers/STM32F4xx_HAL_Driver/Src/stm32f4xx_hal_dac.o
                0x08004fd0                HAL_DAC_IRQHandler
 .text.HAL_DAC_ConvCpltCallbackCh1
                0x0800507c       0x14 ./Drivers/STM32F4xx_HAL_Driver/Src/stm32f4xx_hal_dac.o
                0x0800507c                HAL_DAC_ConvCpltCallbackCh1
 .text.HAL_DAC_ConvHalfCpltCallbackCh1
                0x08005090       0x14 ./Drivers/STM32F4xx_HAL_Driver/Src/stm32f4xx_hal_dac.o
                0x08005090                HAL_DAC_ConvHalfCpltCallbackCh1
 .text.HAL_DAC_ErrorCallbackCh1
                0x080050a4       0x14 ./Drivers/STM32F4xx_HAL_Driver/Src/stm32f4xx_hal_dac.o
                0x080050a4                HAL_DAC_ErrorCallbackCh1
 .text.HAL_DAC_DMAUnderrunCallbackCh1
                0x080050b8       0x14 ./Drivers/STM32F4xx_HAL_Driver/Src/stm32f4xx_hal_dac.o
                0x080050b8                HAL_DAC_DMAUnderrunCallbackCh1
 .text.HAL_DAC_ConfigChannel
                0x080050cc       0xb2 ./Drivers/STM32F4xx_HAL_Driver/Src/stm32f4xx_hal_dac.o
                0x080050cc                HAL_DAC_ConfigChannel
 .text.DAC_DMAConvCpltCh1
                0x0800517e       0x22 ./Drivers/STM32F4xx_HAL_Driver/Src/stm32f4xx_hal_dac.o
                0x0800517e                DAC_DMAConvCpltCh1
 .text.DAC_DMAHalfConvCpltCh1
                0x080051a0       0x1c ./Drivers/STM32F4xx_HAL_Driver/Src/stm32f4xx_hal_dac.o
                0x080051a0                DAC_DMAHalfConvCpltCh1
 .text.DAC_DMAErrorCh1
                0x080051bc       0x2e ./Drivers/STM32F4xx_HAL_Driver/Src/stm32f4xx_hal_dac.o
                0x080051bc                DAC_DMAErrorCh1
 .text.HAL_DACEx_ConvCpltCallbackCh2
                0x080051ea       0x14 ./Drivers/STM32F4xx_HAL_Driver/Src/stm32f4xx_hal_dac_ex.o
                0x080051ea                HAL_DACEx_ConvCpltCallbackCh2
 .text.HAL_DACEx_ConvHalfCpltCallbackCh2
                0x080051fe       0x14 ./Drivers/STM32F4xx_HAL_Driver/Src/stm32f4xx_hal_dac_ex.o
                0x080051fe                HAL_DACEx_ConvHalfCpltCallbackCh2
 .text.HAL_DACEx_ErrorCallbackCh2
                0x08005212       0x14 ./Drivers/STM32F4xx_HAL_Driver/Src/stm32f4xx_hal_dac_ex.o
                0x08005212                HAL_DACEx_ErrorCallbackCh2
 .text.HAL_DACEx_DMAUnderrunCallbackCh2
                0x08005226       0x14 ./Drivers/STM32F4xx_HAL_Driver/Src/stm32f4xx_hal_dac_ex.o
                0x08005226                HAL_DACEx_DMAUnderrunCallbackCh2
 .text.DAC_DMAConvCpltCh2
                0x0800523a       0x22 ./Drivers/STM32F4xx_HAL_Driver/Src/stm32f4xx_hal_dac_ex.o
                0x0800523a                DAC_DMAConvCpltCh2
 .text.DAC_DMAHalfConvCpltCh2
                0x0800525c       0x1c ./Drivers/STM32F4xx_HAL_Driver/Src/stm32f4xx_hal_dac_ex.o
                0x0800525c                DAC_DMAHalfConvCpltCh2
 .text.DAC_DMAErrorCh2
                0x08005278       0x2e ./Drivers/STM32F4xx_HAL_Driver/Src/stm32f4xx_hal_dac_ex.o
                0x08005278                DAC_DMAErrorCh2
 *fill*         0x080052a6        0x2 
 .text.HAL_DMA_Init
                0x080052a8      0x15c ./Drivers/STM32F4xx_HAL_Driver/Src/stm32f4xx_hal_dma.o
                0x080052a8                HAL_DMA_Init
 .text.HAL_DMA_DeInit
                0x08005404       0xbc ./Drivers/STM32F4xx_HAL_Driver/Src/stm32f4xx_hal_dma.o
                0x08005404                HAL_DMA_DeInit
 .text.HAL_DMA_Start_IT
                0x080054c0       0xb0 ./Drivers/STM32F4xx_HAL_Driver/Src/stm32f4xx_hal_dma.o
                0x080054c0                HAL_DMA_Start_IT
 .text.HAL_DMA_IRQHandler
                0x08005570      0x314 ./Drivers/STM32F4xx_HAL_Driver/Src/stm32f4xx_hal_dma.o
                0x08005570                HAL_DMA_IRQHandler
 .text.DMA_SetConfig
                0x08005884       0x5c ./Drivers/STM32F4xx_HAL_Driver/Src/stm32f4xx_hal_dma.o
 .text.DMA_CalcBaseAndBitshift
                0x080058e0       0x6c ./Drivers/STM32F4xx_HAL_Driver/Src/stm32f4xx_hal_dma.o
 .text.DMA_CheckFifoParam
                0x0800594c       0xf8 ./Drivers/STM32F4xx_HAL_Driver/Src/stm32f4xx_hal_dma.o
 .text.HAL_DMA2D_Init
                0x08005a44       0x92 ./Drivers/STM32F4xx_HAL_Driver/Src/stm32f4xx_hal_dma2d.o
                0x08005a44                HAL_DMA2D_Init
 .text.HAL_DMA2D_Start
                0x08005ad6       0x56 ./Drivers/STM32F4xx_HAL_Driver/Src/stm32f4xx_hal_dma2d.o
                0x08005ad6                HAL_DMA2D_Start
 .text.HAL_DMA2D_PollForTransfer
                0x08005b2c      0x1d2 ./Drivers/STM32F4xx_HAL_Driver/Src/stm32f4xx_hal_dma2d.o
                0x08005b2c                HAL_DMA2D_PollForTransfer
 .text.HAL_DMA2D_IRQHandler
                0x08005cfe      0x1f8 ./Drivers/STM32F4xx_HAL_Driver/Src/stm32f4xx_hal_dma2d.o
                0x08005cfe                HAL_DMA2D_IRQHandler
 .text.HAL_DMA2D_LineEventCallback
                0x08005ef6       0x14 ./Drivers/STM32F4xx_HAL_Driver/Src/stm32f4xx_hal_dma2d.o
                0x08005ef6                HAL_DMA2D_LineEventCallback
 .text.HAL_DMA2D_CLUTLoadingCpltCallback
                0x08005f0a       0x14 ./Drivers/STM32F4xx_HAL_Driver/Src/stm32f4xx_hal_dma2d.o
                0x08005f0a                HAL_DMA2D_CLUTLoadingCpltCallback
 *fill*         0x08005f1e        0x2 
 .text.HAL_DMA2D_ConfigLayer
                0x08005f20      0x124 ./Drivers/STM32F4xx_HAL_Driver/Src/stm32f4xx_hal_dma2d.o
                0x08005f20                HAL_DMA2D_ConfigLayer
 .text.DMA2D_SetConfig
                0x08006044      0x138 ./Drivers/STM32F4xx_HAL_Driver/Src/stm32f4xx_hal_dma2d.o
 .text.HAL_GPIO_Init
                0x0800617c      0x358 ./Drivers/STM32F4xx_HAL_Driver/Src/stm32f4xx_hal_gpio.o
                0x0800617c                HAL_GPIO_Init
 .text.HAL_GPIO_DeInit
                0x080064d4      0x218 ./Drivers/STM32F4xx_HAL_Driver/Src/stm32f4xx_hal_gpio.o
                0x080064d4                HAL_GPIO_DeInit
 .text.HAL_GPIO_WritePin
                0x080066ec       0x32 ./Drivers/STM32F4xx_HAL_Driver/Src/stm32f4xx_hal_gpio.o
                0x080066ec                HAL_GPIO_WritePin
 *fill*         0x0800671e        0x2 
 .text.HAL_I2C_Init
                0x08006720      0x288 ./Drivers/STM32F4xx_HAL_Driver/Src/stm32f4xx_hal_i2c.o
                0x08006720                HAL_I2C_Init
 .text.HAL_I2C_DeInit
                0x080069a8       0x5e ./Drivers/STM32F4xx_HAL_Driver/Src/stm32f4xx_hal_i2c.o
                0x080069a8                HAL_I2C_DeInit
 *fill*         0x08006a06        0x2 
 .text.HAL_I2C_Mem_Write
                0x08006a08      0x1f4 ./Drivers/STM32F4xx_HAL_Driver/Src/stm32f4xx_hal_i2c.o
                0x08006a08                HAL_I2C_Mem_Write
 .text.HAL_I2C_Mem_Read
                0x08006bfc      0x464 ./Drivers/STM32F4xx_HAL_Driver/Src/stm32f4xx_hal_i2c.o
                0x08006bfc                HAL_I2C_Mem_Read
 .text.HAL_I2C_GetState
                0x08007060       0x1c ./Drivers/STM32F4xx_HAL_Driver/Src/stm32f4xx_hal_i2c.o
                0x08007060                HAL_I2C_GetState
 .text.I2C_RequestMemoryWrite
                0x0800707c      0x12c ./Drivers/STM32F4xx_HAL_Driver/Src/stm32f4xx_hal_i2c.o
 .text.I2C_RequestMemoryRead
                0x080071a8      0x1d0 ./Drivers/STM32F4xx_HAL_Driver/Src/stm32f4xx_hal_i2c.o
 .text.I2C_WaitOnFlagUntilTimeout
                0x08007378       0xf4 ./Drivers/STM32F4xx_HAL_Driver/Src/stm32f4xx_hal_i2c.o
 .text.I2C_WaitOnMasterAddressFlagUntilTimeout
                0x0800746c      0x140 ./Drivers/STM32F4xx_HAL_Driver/Src/stm32f4xx_hal_i2c.o
 .text.I2C_WaitOnTXEFlagUntilTimeout
                0x080075ac       0x90 ./Drivers/STM32F4xx_HAL_Driver/Src/stm32f4xx_hal_i2c.o
 .text.I2C_WaitOnBTFFlagUntilTimeout
                0x0800763c       0x90 ./Drivers/STM32F4xx_HAL_Driver/Src/stm32f4xx_hal_i2c.o
 .text.I2C_WaitOnRXNEFlagUntilTimeout
                0x080076cc       0xba ./Drivers/STM32F4xx_HAL_Driver/Src/stm32f4xx_hal_i2c.o
 .text.I2C_IsAcknowledgeFailed
                0x08007786       0x5e ./Drivers/STM32F4xx_HAL_Driver/Src/stm32f4xx_hal_i2c.o
 .text.HAL_I2CEx_ConfigAnalogFilter
                0x080077e4       0x78 ./Drivers/STM32F4xx_HAL_Driver/Src/stm32f4xx_hal_i2c_ex.o
                0x080077e4                HAL_I2CEx_ConfigAnalogFilter
 .text.HAL_I2CEx_ConfigDigitalFilter
                0x0800785c       0x7e ./Drivers/STM32F4xx_HAL_Driver/Src/stm32f4xx_hal_i2c_ex.o
                0x0800785c                HAL_I2CEx_ConfigDigitalFilter
 *fill*         0x080078da        0x2 
 .text.HAL_LTDC_Init
                0x080078dc      0x1a0 ./Drivers/STM32F4xx_HAL_Driver/Src/stm32f4xx_hal_ltdc.o
                0x080078dc                HAL_LTDC_Init
 .text.HAL_LTDC_IRQHandler
                0x08007a7c      0x148 ./Drivers/STM32F4xx_HAL_Driver/Src/stm32f4xx_hal_ltdc.o
                0x08007a7c                HAL_LTDC_IRQHandler
 .text.HAL_LTDC_ErrorCallback
                0x08007bc4       0x14 ./Drivers/STM32F4xx_HAL_Driver/Src/stm32f4xx_hal_ltdc.o
                0x08007bc4                HAL_LTDC_ErrorCallback
 .text.HAL_LTDC_LineEventCallback
                0x08007bd8       0x14 ./Drivers/STM32F4xx_HAL_Driver/Src/stm32f4xx_hal_ltdc.o
                0x08007bd8                HAL_LTDC_LineEventCallback
 .text.HAL_LTDC_ReloadEventCallback
                0x08007bec       0x14 ./Drivers/STM32F4xx_HAL_Driver/Src/stm32f4xx_hal_ltdc.o
                0x08007bec                HAL_LTDC_ReloadEventCallback
 .text.HAL_LTDC_ConfigLayer
                0x08007c00       0x7c ./Drivers/STM32F4xx_HAL_Driver/Src/stm32f4xx_hal_ltdc.o
                0x08007c00                HAL_LTDC_ConfigLayer
 .text.HAL_LTDC_EnableDither
                0x08007c7c       0x54 ./Drivers/STM32F4xx_HAL_Driver/Src/stm32f4xx_hal_ltdc.o
                0x08007c7c                HAL_LTDC_EnableDither
 .text.LTDC_SetConfig
                0x08007cd0      0x32e ./Drivers/STM32F4xx_HAL_Driver/Src/stm32f4xx_hal_ltdc.o
 *fill*         0x08007ffe        0x2 
 .text.HAL_PWREx_EnableOverDrive
                0x08008000       0xa0 ./Drivers/STM32F4xx_HAL_Driver/Src/stm32f4xx_hal_pwr_ex.o
                0x08008000                HAL_PWREx_EnableOverDrive
 .text.HAL_RCC_OscConfig
                0x080080a0      0x4f0 ./Drivers/STM32F4xx_HAL_Driver/Src/stm32f4xx_hal_rcc.o
                0x080080a0                HAL_RCC_OscConfig
 .text.HAL_RCC_ClockConfig
                0x08008590      0x1cc ./Drivers/STM32F4xx_HAL_Driver/Src/stm32f4xx_hal_rcc.o
                0x08008590                HAL_RCC_ClockConfig
 .text.HAL_RCC_GetSysClockFreq
                0x0800875c      0x20c ./Drivers/STM32F4xx_HAL_Driver/Src/stm32f4xx_hal_rcc.o
                0x0800875c                HAL_RCC_GetSysClockFreq
 .text.HAL_RCC_GetHCLKFreq
                0x08008968       0x18 ./Drivers/STM32F4xx_HAL_Driver/Src/stm32f4xx_hal_rcc.o
                0x08008968                HAL_RCC_GetHCLKFreq
 .text.HAL_RCC_GetPCLK1Freq
                0x08008980       0x28 ./Drivers/STM32F4xx_HAL_Driver/Src/stm32f4xx_hal_rcc.o
                0x08008980                HAL_RCC_GetPCLK1Freq
 .text.HAL_RCC_GetClockConfig
                0x080089a8       0x64 ./Drivers/STM32F4xx_HAL_Driver/Src/stm32f4xx_hal_rcc.o
                0x080089a8                HAL_RCC_GetClockConfig
 .text.HAL_RCCEx_PeriphCLKConfig
                0x08008a0c      0x380 ./Drivers/STM32F4xx_HAL_Driver/Src/stm32f4xx_hal_rcc_ex.o
                0x08008a0c                HAL_RCCEx_PeriphCLKConfig
 .text.HAL_SDRAM_Init
                0x08008d8c       0x68 ./Drivers/STM32F4xx_HAL_Driver/Src/stm32f4xx_hal_sdram.o
                0x08008d8c                HAL_SDRAM_Init
 .text.HAL_SDRAM_SendCommand
                0x08008df4       0x6a ./Drivers/STM32F4xx_HAL_Driver/Src/stm32f4xx_hal_sdram.o
                0x08008df4                HAL_SDRAM_SendCommand
 .text.HAL_SDRAM_ProgramRefreshRate
                0x08008e5e       0x50 ./Drivers/STM32F4xx_HAL_Driver/Src/stm32f4xx_hal_sdram.o
                0x08008e5e                HAL_SDRAM_ProgramRefreshRate
 .text.HAL_SPI_Init
                0x08008eae      0x112 ./Drivers/STM32F4xx_HAL_Driver/Src/stm32f4xx_hal_spi.o
                0x08008eae                HAL_SPI_Init
 .text.HAL_SPI_DeInit
                0x08008fc0       0x50 ./Drivers/STM32F4xx_HAL_Driver/Src/stm32f4xx_hal_spi.o
                0x08008fc0                HAL_SPI_DeInit
 .text.HAL_SPI_Transmit
                0x08009010      0x288 ./Drivers/STM32F4xx_HAL_Driver/Src/stm32f4xx_hal_spi.o
                0x08009010                HAL_SPI_Transmit
 .text.HAL_SPI_Receive
                0x08009298      0x232 ./Drivers/STM32F4xx_HAL_Driver/Src/stm32f4xx_hal_spi.o
                0x08009298                HAL_SPI_Receive
 .text.HAL_SPI_TransmitReceive
                0x080094ca      0x352 ./Drivers/STM32F4xx_HAL_Driver/Src/stm32f4xx_hal_spi.o
                0x080094ca                HAL_SPI_TransmitReceive
 .text.HAL_SPI_GetState
                0x0800981c       0x1c ./Drivers/STM32F4xx_HAL_Driver/Src/stm32f4xx_hal_spi.o
                0x0800981c                HAL_SPI_GetState
 .text.SPI_WaitFlagStateUntilTimeout
                0x08009838      0x110 ./Drivers/STM32F4xx_HAL_Driver/Src/stm32f4xx_hal_spi.o
 .text.SPI_EndRxTransaction
                0x08009948       0xca ./Drivers/STM32F4xx_HAL_Driver/Src/stm32f4xx_hal_spi.o
 *fill*         0x08009a12        0x2 
 .text.SPI_EndRxTxTransaction
                0x08009a14       0xa8 ./Drivers/STM32F4xx_HAL_Driver/Src/stm32f4xx_hal_spi.o
 .text.HAL_TIM_Base_Init
                0x08009abc       0x9e ./Drivers/STM32F4xx_HAL_Driver/Src/stm32f4xx_hal_tim.o
                0x08009abc                HAL_TIM_Base_Init
 *fill*         0x08009b5a        0x2 
 .text.HAL_TIM_Base_Start
                0x08009b5c       0xd0 ./Drivers/STM32F4xx_HAL_Driver/Src/stm32f4xx_hal_tim.o
                0x08009b5c                HAL_TIM_Base_Start
 .text.HAL_TIM_Base_Start_IT
                0x08009c2c       0xe0 ./Drivers/STM32F4xx_HAL_Driver/Src/stm32f4xx_hal_tim.o
                0x08009c2c                HAL_TIM_Base_Start_IT
 .text.HAL_TIM_IRQHandler
                0x08009d0c      0x1e0 ./Drivers/STM32F4xx_HAL_Driver/Src/stm32f4xx_hal_tim.o
                0x08009d0c                HAL_TIM_IRQHandler
 .text.HAL_TIM_ConfigClockSource
                0x08009eec      0x18e ./Drivers/STM32F4xx_HAL_Driver/Src/stm32f4xx_hal_tim.o
                0x08009eec                HAL_TIM_ConfigClockSource
 .text.HAL_TIM_OC_DelayElapsedCallback
                0x0800a07a       0x14 ./Drivers/STM32F4xx_HAL_Driver/Src/stm32f4xx_hal_tim.o
                0x0800a07a                HAL_TIM_OC_DelayElapsedCallback
 .text.HAL_TIM_IC_CaptureCallback
                0x0800a08e       0x14 ./Drivers/STM32F4xx_HAL_Driver/Src/stm32f4xx_hal_tim.o
                0x0800a08e                HAL_TIM_IC_CaptureCallback
 .text.HAL_TIM_PWM_PulseFinishedCallback
                0x0800a0a2       0x14 ./Drivers/STM32F4xx_HAL_Driver/Src/stm32f4xx_hal_tim.o
                0x0800a0a2                HAL_TIM_PWM_PulseFinishedCallback
 .text.HAL_TIM_TriggerCallback
                0x0800a0b6       0x14 ./Drivers/STM32F4xx_HAL_Driver/Src/stm32f4xx_hal_tim.o
                0x0800a0b6                HAL_TIM_TriggerCallback
 *fill*         0x0800a0ca        0x2 
 .text.TIM_Base_SetConfig
                0x0800a0cc      0x158 ./Drivers/STM32F4xx_HAL_Driver/Src/stm32f4xx_hal_tim.o
                0x0800a0cc                TIM_Base_SetConfig
 .text.TIM_TI1_ConfigInputStage
                0x0800a224       0x5e ./Drivers/STM32F4xx_HAL_Driver/Src/stm32f4xx_hal_tim.o
 .text.TIM_TI2_ConfigInputStage
                0x0800a282       0x60 ./Drivers/STM32F4xx_HAL_Driver/Src/stm32f4xx_hal_tim.o
 .text.TIM_ITRx_SetConfig
                0x0800a2e2       0x36 ./Drivers/STM32F4xx_HAL_Driver/Src/stm32f4xx_hal_tim.o
 .text.TIM_ETR_SetConfig
                0x0800a318       0x40 ./Drivers/STM32F4xx_HAL_Driver/Src/stm32f4xx_hal_tim.o
                0x0800a318                TIM_ETR_SetConfig
 .text.HAL_TIMEx_MasterConfigSynchronization
                0x0800a358       0xf8 ./Drivers/STM32F4xx_HAL_Driver/Src/stm32f4xx_hal_tim_ex.o
                0x0800a358                HAL_TIMEx_MasterConfigSynchronization
 .text.HAL_TIMEx_CommutCallback
                0x0800a450       0x14 ./Drivers/STM32F4xx_HAL_Driver/Src/stm32f4xx_hal_tim_ex.o
                0x0800a450                HAL_TIMEx_CommutCallback
 .text.HAL_TIMEx_BreakCallback
                0x0800a464       0x14 ./Drivers/STM32F4xx_HAL_Driver/Src/stm32f4xx_hal_tim_ex.o
                0x0800a464                HAL_TIMEx_BreakCallback
 .text.FMC_SDRAM_Init
                0x0800a478       0xba ./Drivers/STM32F4xx_HAL_Driver/Src/stm32f4xx_ll_fmc.o
                0x0800a478                FMC_SDRAM_Init
 .text.FMC_SDRAM_Timing_Init
                0x0800a532       0xd2 ./Drivers/STM32F4xx_HAL_Driver/Src/stm32f4xx_ll_fmc.o
                0x0800a532                FMC_SDRAM_Timing_Init
 .text.FMC_SDRAM_SendCommand
                0x0800a604       0x7a ./Drivers/STM32F4xx_HAL_Driver/Src/stm32f4xx_ll_fmc.o
                0x0800a604                FMC_SDRAM_SendCommand
 .text.FMC_SDRAM_ProgramRefreshRate
                0x0800a67e       0x2e ./Drivers/STM32F4xx_HAL_Driver/Src/stm32f4xx_ll_fmc.o
                0x0800a67e                FMC_SDRAM_ProgramRefreshRate
 .text.__cvt    0x0800a6ac       0xca C:/ST/STM32CubeIDE_1.16.0/STM32CubeIDE/plugins/com.st.stm32cube.ide.mcu.externaltools.gnu-tools-for-stm32.12.3.rel1.win32_1.0.200.202406191623/tools/bin/../lib/gcc/arm-none-eabi/12.3.1/../../../../arm-none-eabi/lib/thumb/v7e-m+fp/hard\libc_nano.a(libc_a-nano-vfprintf_float.o)
                0x0800a6ac                __cvt
 .text.__exponent
                0x0800a776       0x74 C:/ST/STM32CubeIDE_1.16.0/STM32CubeIDE/plugins/com.st.stm32cube.ide.mcu.externaltools.gnu-tools-for-stm32.12.3.rel1.win32_1.0.200.202406191623/tools/bin/../lib/gcc/arm-none-eabi/12.3.1/../../../../arm-none-eabi/lib/thumb/v7e-m+fp/hard\libc_nano.a(libc_a-nano-vfprintf_float.o)
                0x0800a776                __exponent
 *fill*         0x0800a7ea        0x2 
 .text._printf_float
                0x0800a7ec      0x454 C:/ST/STM32CubeIDE_1.16.0/STM32CubeIDE/plugins/com.st.stm32cube.ide.mcu.externaltools.gnu-tools-for-stm32.12.3.rel1.win32_1.0.200.202406191623/tools/bin/../lib/gcc/arm-none-eabi/12.3.1/../../../../arm-none-eabi/lib/thumb/v7e-m+fp/hard\libc_nano.a(libc_a-nano-vfprintf_float.o)
                0x0800a7ec                _printf_float
 .text._printf_common
                0x0800ac40       0xda C:/ST/STM32CubeIDE_1.16.0/STM32CubeIDE/plugins/com.st.stm32cube.ide.mcu.externaltools.gnu-tools-for-stm32.12.3.rel1.win32_1.0.200.202406191623/tools/bin/../lib/gcc/arm-none-eabi/12.3.1/../../../../arm-none-eabi/lib/thumb/v7e-m+fp/hard\libc_nano.a(libc_a-nano-vfprintf_i.o)
                0x0800ac40                _printf_common
 *fill*         0x0800ad1a        0x2 
 .text._printf_i
                0x0800ad1c      0x240 C:/ST/STM32CubeIDE_1.16.0/STM32CubeIDE/plugins/com.st.stm32cube.ide.mcu.externaltools.gnu-tools-for-stm32.12.3.rel1.win32_1.0.200.202406191623/tools/bin/../lib/gcc/arm-none-eabi/12.3.1/../../../../arm-none-eabi/lib/thumb/v7e-m+fp/hard\libc_nano.a(libc_a-nano-vfprintf_i.o)
                0x0800ad1c                _printf_i
 .text._scanf_float
                0x0800af5c      0x428 C:/ST/STM32CubeIDE_1.16.0/STM32CubeIDE/plugins/com.st.stm32cube.ide.mcu.externaltools.gnu-tools-for-stm32.12.3.rel1.win32_1.0.200.202406191623/tools/bin/../lib/gcc/arm-none-eabi/12.3.1/../../../../arm-none-eabi/lib/thumb/v7e-m+fp/hard\libc_nano.a(libc_a-nano-vfscanf_float.o)
                0x0800af5c                _scanf_float
 .text.std      0x0800b384       0x6c C:/ST/STM32CubeIDE_1.16.0/STM32CubeIDE/plugins/com.st.stm32cube.ide.mcu.externaltools.gnu-tools-for-stm32.12.3.rel1.win32_1.0.200.202406191623/tools/bin/../lib/gcc/arm-none-eabi/12.3.1/../../../../arm-none-eabi/lib/thumb/v7e-m+fp/hard\libc_nano.a(libc_a-findfp.o)
 .text.stdio_exit_handler
                0x0800b3f0       0x18 C:/ST/STM32CubeIDE_1.16.0/STM32CubeIDE/plugins/com.st.stm32cube.ide.mcu.externaltools.gnu-tools-for-stm32.12.3.rel1.win32_1.0.200.202406191623/tools/bin/../lib/gcc/arm-none-eabi/12.3.1/../../../../arm-none-eabi/lib/thumb/v7e-m+fp/hard\libc_nano.a(libc_a-findfp.o)
 .text.cleanup_stdio
                0x0800b408       0x40 C:/ST/STM32CubeIDE_1.16.0/STM32CubeIDE/plugins/com.st.stm32cube.ide.mcu.externaltools.gnu-tools-for-stm32.12.3.rel1.win32_1.0.200.202406191623/tools/bin/../lib/gcc/arm-none-eabi/12.3.1/../../../../arm-none-eabi/lib/thumb/v7e-m+fp/hard\libc_nano.a(libc_a-findfp.o)
 .text.global_stdio_init.part.0
                0x0800b448       0x3c C:/ST/STM32CubeIDE_1.16.0/STM32CubeIDE/plugins/com.st.stm32cube.ide.mcu.externaltools.gnu-tools-for-stm32.12.3.rel1.win32_1.0.200.202406191623/tools/bin/../lib/gcc/arm-none-eabi/12.3.1/../../../../arm-none-eabi/lib/thumb/v7e-m+fp/hard\libc_nano.a(libc_a-findfp.o)
 .text.__sfp_lock_acquire
                0x0800b484        0xc C:/ST/STM32CubeIDE_1.16.0/STM32CubeIDE/plugins/com.st.stm32cube.ide.mcu.externaltools.gnu-tools-for-stm32.12.3.rel1.win32_1.0.200.202406191623/tools/bin/../lib/gcc/arm-none-eabi/12.3.1/../../../../arm-none-eabi/lib/thumb/v7e-m+fp/hard\libc_nano.a(libc_a-findfp.o)
                0x0800b484                __sfp_lock_acquire
 .text.__sfp_lock_release
                0x0800b490        0xc C:/ST/STM32CubeIDE_1.16.0/STM32CubeIDE/plugins/com.st.stm32cube.ide.mcu.externaltools.gnu-tools-for-stm32.12.3.rel1.win32_1.0.200.202406191623/tools/bin/../lib/gcc/arm-none-eabi/12.3.1/../../../../arm-none-eabi/lib/thumb/v7e-m+fp/hard\libc_nano.a(libc_a-findfp.o)
                0x0800b490                __sfp_lock_release
 .text.__sinit  0x0800b49c       0x30 C:/ST/STM32CubeIDE_1.16.0/STM32CubeIDE/plugins/com.st.stm32cube.ide.mcu.externaltools.gnu-tools-for-stm32.12.3.rel1.win32_1.0.200.202406191623/tools/bin/../lib/gcc/arm-none-eabi/12.3.1/../../../../arm-none-eabi/lib/thumb/v7e-m+fp/hard\libc_nano.a(libc_a-findfp.o)
                0x0800b49c                __sinit
 .text._fwalk_sglue
                0x0800b4cc       0x3c C:/ST/STM32CubeIDE_1.16.0/STM32CubeIDE/plugins/com.st.stm32cube.ide.mcu.externaltools.gnu-tools-for-stm32.12.3.rel1.win32_1.0.200.202406191623/tools/bin/../lib/gcc/arm-none-eabi/12.3.1/../../../../arm-none-eabi/lib/thumb/v7e-m+fp/hard\libc_nano.a(libc_a-fwalk.o)
                0x0800b4cc                _fwalk_sglue
 .text.sprintf  0x0800b508       0x40 C:/ST/STM32CubeIDE_1.16.0/STM32CubeIDE/plugins/com.st.stm32cube.ide.mcu.externaltools.gnu-tools-for-stm32.12.3.rel1.win32_1.0.200.202406191623/tools/bin/../lib/gcc/arm-none-eabi/12.3.1/../../../../arm-none-eabi/lib/thumb/v7e-m+fp/hard\libc_nano.a(libc_a-sprintf.o)
                0x0800b508                siprintf
                0x0800b508                sprintf
 .text.__sread  0x0800b548       0x22 C:/ST/STM32CubeIDE_1.16.0/STM32CubeIDE/plugins/com.st.stm32cube.ide.mcu.externaltools.gnu-tools-for-stm32.12.3.rel1.win32_1.0.200.202406191623/tools/bin/../lib/gcc/arm-none-eabi/12.3.1/../../../../arm-none-eabi/lib/thumb/v7e-m+fp/hard\libc_nano.a(libc_a-stdio.o)
                0x0800b548                __sread
 .text.__swrite
                0x0800b56a       0x38 C:/ST/STM32CubeIDE_1.16.0/STM32CubeIDE/plugins/com.st.stm32cube.ide.mcu.externaltools.gnu-tools-for-stm32.12.3.rel1.win32_1.0.200.202406191623/tools/bin/../lib/gcc/arm-none-eabi/12.3.1/../../../../arm-none-eabi/lib/thumb/v7e-m+fp/hard\libc_nano.a(libc_a-stdio.o)
                0x0800b56a                __swrite
 .text.__sseek  0x0800b5a2       0x24 C:/ST/STM32CubeIDE_1.16.0/STM32CubeIDE/plugins/com.st.stm32cube.ide.mcu.externaltools.gnu-tools-for-stm32.12.3.rel1.win32_1.0.200.202406191623/tools/bin/../lib/gcc/arm-none-eabi/12.3.1/../../../../arm-none-eabi/lib/thumb/v7e-m+fp/hard\libc_nano.a(libc_a-stdio.o)
                0x0800b5a2                __sseek
 .text.__sclose
                0x0800b5c6        0x8 C:/ST/STM32CubeIDE_1.16.0/STM32CubeIDE/plugins/com.st.stm32cube.ide.mcu.externaltools.gnu-tools-for-stm32.12.3.rel1.win32_1.0.200.202406191623/tools/bin/../lib/gcc/arm-none-eabi/12.3.1/../../../../arm-none-eabi/lib/thumb/v7e-m+fp/hard\libc_nano.a(libc_a-stdio.o)
                0x0800b5c6                __sclose
 .text.memset   0x0800b5ce       0x10 C:/ST/STM32CubeIDE_1.16.0/STM32CubeIDE/plugins/com.st.stm32cube.ide.mcu.externaltools.gnu-tools-for-stm32.12.3.rel1.win32_1.0.200.202406191623/tools/bin/../lib/gcc/arm-none-eabi/12.3.1/../../../../arm-none-eabi/lib/thumb/v7e-m+fp/hard\libc_nano.a(libc_a-memset.o)
                0x0800b5ce                memset
 *fill*         0x0800b5de        0x2 
 .text._localeconv_r
                0x0800b5e0        0x8 C:/ST/STM32CubeIDE_1.16.0/STM32CubeIDE/plugins/com.st.stm32cube.ide.mcu.externaltools.gnu-tools-for-stm32.12.3.rel1.win32_1.0.200.202406191623/tools/bin/../lib/gcc/arm-none-eabi/12.3.1/../../../../arm-none-eabi/lib/thumb/v7e-m+fp/hard\libc_nano.a(libc_a-localeconv.o)
                0x0800b5e0                _localeconv_r
 .text._close_r
                0x0800b5e8       0x20 C:/ST/STM32CubeIDE_1.16.0/STM32CubeIDE/plugins/com.st.stm32cube.ide.mcu.externaltools.gnu-tools-for-stm32.12.3.rel1.win32_1.0.200.202406191623/tools/bin/../lib/gcc/arm-none-eabi/12.3.1/../../../../arm-none-eabi/lib/thumb/v7e-m+fp/hard\libc_nano.a(libc_a-closer.o)
                0x0800b5e8                _close_r
 .text._lseek_r
                0x0800b608       0x24 C:/ST/STM32CubeIDE_1.16.0/STM32CubeIDE/plugins/com.st.stm32cube.ide.mcu.externaltools.gnu-tools-for-stm32.12.3.rel1.win32_1.0.200.202406191623/tools/bin/../lib/gcc/arm-none-eabi/12.3.1/../../../../arm-none-eabi/lib/thumb/v7e-m+fp/hard\libc_nano.a(libc_a-lseekr.o)
                0x0800b608                _lseek_r
 .text._read_r  0x0800b62c       0x24 C:/ST/STM32CubeIDE_1.16.0/STM32CubeIDE/plugins/com.st.stm32cube.ide.mcu.externaltools.gnu-tools-for-stm32.12.3.rel1.win32_1.0.200.202406191623/tools/bin/../lib/gcc/arm-none-eabi/12.3.1/../../../../arm-none-eabi/lib/thumb/v7e-m+fp/hard\libc_nano.a(libc_a-readr.o)
                0x0800b62c                _read_r
 .text._write_r
                0x0800b650       0x24 C:/ST/STM32CubeIDE_1.16.0/STM32CubeIDE/plugins/com.st.stm32cube.ide.mcu.externaltools.gnu-tools-for-stm32.12.3.rel1.win32_1.0.200.202406191623/tools/bin/../lib/gcc/arm-none-eabi/12.3.1/../../../../arm-none-eabi/lib/thumb/v7e-m+fp/hard\libc_nano.a(libc_a-writer.o)
                0x0800b650                _write_r
 .text.__errno  0x0800b674        0xc C:/ST/STM32CubeIDE_1.16.0/STM32CubeIDE/plugins/com.st.stm32cube.ide.mcu.externaltools.gnu-tools-for-stm32.12.3.rel1.win32_1.0.200.202406191623/tools/bin/../lib/gcc/arm-none-eabi/12.3.1/../../../../arm-none-eabi/lib/thumb/v7e-m+fp/hard\libc_nano.a(libc_a-errno.o)
                0x0800b674                __errno
 .text.__libc_init_array
                0x0800b680       0x48 C:/ST/STM32CubeIDE_1.16.0/STM32CubeIDE/plugins/com.st.stm32cube.ide.mcu.externaltools.gnu-tools-for-stm32.12.3.rel1.win32_1.0.200.202406191623/tools/bin/../lib/gcc/arm-none-eabi/12.3.1/../../../../arm-none-eabi/lib/thumb/v7e-m+fp/hard\libc_nano.a(libc_a-init.o)
                0x0800b680                __libc_init_array
 .text.__retarget_lock_init_recursive
                0x0800b6c8        0x2 C:/ST/STM32CubeIDE_1.16.0/STM32CubeIDE/plugins/com.st.stm32cube.ide.mcu.externaltools.gnu-tools-for-stm32.12.3.rel1.win32_1.0.200.202406191623/tools/bin/../lib/gcc/arm-none-eabi/12.3.1/../../../../arm-none-eabi/lib/thumb/v7e-m+fp/hard\libc_nano.a(libc_a-lock.o)
                0x0800b6c8                __retarget_lock_init_recursive
 .text.__retarget_lock_acquire_recursive
                0x0800b6ca        0x2 C:/ST/STM32CubeIDE_1.16.0/STM32CubeIDE/plugins/com.st.stm32cube.ide.mcu.externaltools.gnu-tools-for-stm32.12.3.rel1.win32_1.0.200.202406191623/tools/bin/../lib/gcc/arm-none-eabi/12.3.1/../../../../arm-none-eabi/lib/thumb/v7e-m+fp/hard\libc_nano.a(libc_a-lock.o)
                0x0800b6ca                __retarget_lock_acquire_recursive
 .text.__retarget_lock_release_recursive
                0x0800b6cc        0x2 C:/ST/STM32CubeIDE_1.16.0/STM32CubeIDE/plugins/com.st.stm32cube.ide.mcu.externaltools.gnu-tools-for-stm32.12.3.rel1.win32_1.0.200.202406191623/tools/bin/../lib/gcc/arm-none-eabi/12.3.1/../../../../arm-none-eabi/lib/thumb/v7e-m+fp/hard\libc_nano.a(libc_a-lock.o)
                0x0800b6cc                __retarget_lock_release_recursive
 *fill*         0x0800b6ce        0x2 
 .text.nanf     0x0800b6d0        0xc C:/ST/STM32CubeIDE_1.16.0/STM32CubeIDE/plugins/com.st.stm32cube.ide.mcu.externaltools.gnu-tools-for-stm32.12.3.rel1.win32_1.0.200.202406191623/tools/bin/../lib/gcc/arm-none-eabi/12.3.1/../../../../arm-none-eabi/lib/thumb/v7e-m+fp/hard\libc_nano.a(libm_a-sf_nan.o)
                0x0800b6d0                nanf
 .text.quorem   0x0800b6dc      0x110 C:/ST/STM32CubeIDE_1.16.0/STM32CubeIDE/plugins/com.st.stm32cube.ide.mcu.externaltools.gnu-tools-for-stm32.12.3.rel1.win32_1.0.200.202406191623/tools/bin/../lib/gcc/arm-none-eabi/12.3.1/../../../../arm-none-eabi/lib/thumb/v7e-m+fp/hard\libc_nano.a(libc_a-dtoa.o)
 *fill*         0x0800b7ec        0x4 
 .text._dtoa_r  0x0800b7f0      0xb88 C:/ST/STM32CubeIDE_1.16.0/STM32CubeIDE/plugins/com.st.stm32cube.ide.mcu.externaltools.gnu-tools-for-stm32.12.3.rel1.win32_1.0.200.202406191623/tools/bin/../lib/gcc/arm-none-eabi/12.3.1/../../../../arm-none-eabi/lib/thumb/v7e-m+fp/hard\libc_nano.a(libc_a-dtoa.o)
                0x0800b7f0                _dtoa_r
 .text._free_r  0x0800c378       0x94 C:/ST/STM32CubeIDE_1.16.0/STM32CubeIDE/plugins/com.st.stm32cube.ide.mcu.externaltools.gnu-tools-for-stm32.12.3.rel1.win32_1.0.200.202406191623/tools/bin/../lib/gcc/arm-none-eabi/12.3.1/../../../../arm-none-eabi/lib/thumb/v7e-m+fp/hard\libc_nano.a(libc_a-freer.o)
                0x0800c378                _free_r
 .text.malloc   0x0800c40c       0x10 C:/ST/STM32CubeIDE_1.16.0/STM32CubeIDE/plugins/com.st.stm32cube.ide.mcu.externaltools.gnu-tools-for-stm32.12.3.rel1.win32_1.0.200.202406191623/tools/bin/../lib/gcc/arm-none-eabi/12.3.1/../../../../arm-none-eabi/lib/thumb/v7e-m+fp/hard\libc_nano.a(libc_a-malloc.o)
                0x0800c40c                malloc
 .text.sbrk_aligned
                0x0800c41c       0x44 C:/ST/STM32CubeIDE_1.16.0/STM32CubeIDE/plugins/com.st.stm32cube.ide.mcu.externaltools.gnu-tools-for-stm32.12.3.rel1.win32_1.0.200.202406191623/tools/bin/../lib/gcc/arm-none-eabi/12.3.1/../../../../arm-none-eabi/lib/thumb/v7e-m+fp/hard\libc_nano.a(libc_a-mallocr.o)
 .text._malloc_r
                0x0800c460      0x100 C:/ST/STM32CubeIDE_1.16.0/STM32CubeIDE/plugins/com.st.stm32cube.ide.mcu.externaltools.gnu-tools-for-stm32.12.3.rel1.win32_1.0.200.202406191623/tools/bin/../lib/gcc/arm-none-eabi/12.3.1/../../../../arm-none-eabi/lib/thumb/v7e-m+fp/hard\libc_nano.a(libc_a-mallocr.o)
                0x0800c460                _malloc_r
 .text.__malloc_lock
                0x0800c560        0xc C:/ST/STM32CubeIDE_1.16.0/STM32CubeIDE/plugins/com.st.stm32cube.ide.mcu.externaltools.gnu-tools-for-stm32.12.3.rel1.win32_1.0.200.202406191623/tools/bin/../lib/gcc/arm-none-eabi/12.3.1/../../../../arm-none-eabi/lib/thumb/v7e-m+fp/hard\libc_nano.a(libc_a-mlock.o)
                0x0800c560                __malloc_lock
 .text.__malloc_unlock
                0x0800c56c        0xc C:/ST/STM32CubeIDE_1.16.0/STM32CubeIDE/plugins/com.st.stm32cube.ide.mcu.externaltools.gnu-tools-for-stm32.12.3.rel1.win32_1.0.200.202406191623/tools/bin/../lib/gcc/arm-none-eabi/12.3.1/../../../../arm-none-eabi/lib/thumb/v7e-m+fp/hard\libc_nano.a(libc_a-mlock.o)
                0x0800c56c                __malloc_unlock
 .text._Balloc  0x0800c578       0x80 C:/ST/STM32CubeIDE_1.16.0/STM32CubeIDE/plugins/com.st.stm32cube.ide.mcu.externaltools.gnu-tools-for-stm32.12.3.rel1.win32_1.0.200.202406191623/tools/bin/../lib/gcc/arm-none-eabi/12.3.1/../../../../arm-none-eabi/lib/thumb/v7e-m+fp/hard\libc_nano.a(libc_a-mprec.o)
                0x0800c578                _Balloc
 .text._Bfree   0x0800c5f8       0x44 C:/ST/STM32CubeIDE_1.16.0/STM32CubeIDE/plugins/com.st.stm32cube.ide.mcu.externaltools.gnu-tools-for-stm32.12.3.rel1.win32_1.0.200.202406191623/tools/bin/../lib/gcc/arm-none-eabi/12.3.1/../../../../arm-none-eabi/lib/thumb/v7e-m+fp/hard\libc_nano.a(libc_a-mprec.o)
                0x0800c5f8                _Bfree
 .text.__multadd
                0x0800c63c       0x8c C:/ST/STM32CubeIDE_1.16.0/STM32CubeIDE/plugins/com.st.stm32cube.ide.mcu.externaltools.gnu-tools-for-stm32.12.3.rel1.win32_1.0.200.202406191623/tools/bin/../lib/gcc/arm-none-eabi/12.3.1/../../../../arm-none-eabi/lib/thumb/v7e-m+fp/hard\libc_nano.a(libc_a-mprec.o)
                0x0800c63c                __multadd
 .text.__s2b    0x0800c6c8       0x94 C:/ST/STM32CubeIDE_1.16.0/STM32CubeIDE/plugins/com.st.stm32cube.ide.mcu.externaltools.gnu-tools-for-stm32.12.3.rel1.win32_1.0.200.202406191623/tools/bin/../lib/gcc/arm-none-eabi/12.3.1/../../../../arm-none-eabi/lib/thumb/v7e-m+fp/hard\libc_nano.a(libc_a-mprec.o)
                0x0800c6c8                __s2b
 .text.__hi0bits
                0x0800c75c       0x3e C:/ST/STM32CubeIDE_1.16.0/STM32CubeIDE/plugins/com.st.stm32cube.ide.mcu.externaltools.gnu-tools-for-stm32.12.3.rel1.win32_1.0.200.202406191623/tools/bin/../lib/gcc/arm-none-eabi/12.3.1/../../../../arm-none-eabi/lib/thumb/v7e-m+fp/hard\libc_nano.a(libc_a-mprec.o)
                0x0800c75c                __hi0bits
 .text.__lo0bits
                0x0800c79a       0x5a C:/ST/STM32CubeIDE_1.16.0/STM32CubeIDE/plugins/com.st.stm32cube.ide.mcu.externaltools.gnu-tools-for-stm32.12.3.rel1.win32_1.0.200.202406191623/tools/bin/../lib/gcc/arm-none-eabi/12.3.1/../../../../arm-none-eabi/lib/thumb/v7e-m+fp/hard\libc_nano.a(libc_a-mprec.o)
                0x0800c79a                __lo0bits
 .text.__i2b    0x0800c7f4       0x2c C:/ST/STM32CubeIDE_1.16.0/STM32CubeIDE/plugins/com.st.stm32cube.ide.mcu.externaltools.gnu-tools-for-stm32.12.3.rel1.win32_1.0.200.202406191623/tools/bin/../lib/gcc/arm-none-eabi/12.3.1/../../../../arm-none-eabi/lib/thumb/v7e-m+fp/hard\libc_nano.a(libc_a-mprec.o)
                0x0800c7f4                __i2b
 .text.__multiply
                0x0800c820      0x154 C:/ST/STM32CubeIDE_1.16.0/STM32CubeIDE/plugins/com.st.stm32cube.ide.mcu.externaltools.gnu-tools-for-stm32.12.3.rel1.win32_1.0.200.202406191623/tools/bin/../lib/gcc/arm-none-eabi/12.3.1/../../../../arm-none-eabi/lib/thumb/v7e-m+fp/hard\libc_nano.a(libc_a-mprec.o)
                0x0800c820                __multiply
 .text.__pow5mult
                0x0800c974       0xb4 C:/ST/STM32CubeIDE_1.16.0/STM32CubeIDE/plugins/com.st.stm32cube.ide.mcu.externaltools.gnu-tools-for-stm32.12.3.rel1.win32_1.0.200.202406191623/tools/bin/../lib/gcc/arm-none-eabi/12.3.1/../../../../arm-none-eabi/lib/thumb/v7e-m+fp/hard\libc_nano.a(libc_a-mprec.o)
                0x0800c974                __pow5mult
 .text.__lshift
                0x0800ca28       0xd8 C:/ST/STM32CubeIDE_1.16.0/STM32CubeIDE/plugins/com.st.stm32cube.ide.mcu.externaltools.gnu-tools-for-stm32.12.3.rel1.win32_1.0.200.202406191623/tools/bin/../lib/gcc/arm-none-eabi/12.3.1/../../../../arm-none-eabi/lib/thumb/v7e-m+fp/hard\libc_nano.a(libc_a-mprec.o)
                0x0800ca28                __lshift
 .text.__mcmp   0x0800cb00       0x36 C:/ST/STM32CubeIDE_1.16.0/STM32CubeIDE/plugins/com.st.stm32cube.ide.mcu.externaltools.gnu-tools-for-stm32.12.3.rel1.win32_1.0.200.202406191623/tools/bin/../lib/gcc/arm-none-eabi/12.3.1/../../../../arm-none-eabi/lib/thumb/v7e-m+fp/hard\libc_nano.a(libc_a-mprec.o)
                0x0800cb00                __mcmp
 *fill*         0x0800cb36        0x2 
 .text.__mdiff  0x0800cb38      0x128 C:/ST/STM32CubeIDE_1.16.0/STM32CubeIDE/plugins/com.st.stm32cube.ide.mcu.externaltools.gnu-tools-for-stm32.12.3.rel1.win32_1.0.200.202406191623/tools/bin/../lib/gcc/arm-none-eabi/12.3.1/../../../../arm-none-eabi/lib/thumb/v7e-m+fp/hard\libc_nano.a(libc_a-mprec.o)
                0x0800cb38                __mdiff
 .text.__ulp    0x0800cc60       0x4c C:/ST/STM32CubeIDE_1.16.0/STM32CubeIDE/plugins/com.st.stm32cube.ide.mcu.externaltools.gnu-tools-for-stm32.12.3.rel1.win32_1.0.200.202406191623/tools/bin/../lib/gcc/arm-none-eabi/12.3.1/../../../../arm-none-eabi/lib/thumb/v7e-m+fp/hard\libc_nano.a(libc_a-mprec.o)
                0x0800cc60                __ulp
 .text.__b2d    0x0800ccac       0x94 C:/ST/STM32CubeIDE_1.16.0/STM32CubeIDE/plugins/com.st.stm32cube.ide.mcu.externaltools.gnu-tools-for-stm32.12.3.rel1.win32_1.0.200.202406191623/tools/bin/../lib/gcc/arm-none-eabi/12.3.1/../../../../arm-none-eabi/lib/thumb/v7e-m+fp/hard\libc_nano.a(libc_a-mprec.o)
                0x0800ccac                __b2d
 .text.__d2b    0x0800cd40       0xb0 C:/ST/STM32CubeIDE_1.16.0/STM32CubeIDE/plugins/com.st.stm32cube.ide.mcu.externaltools.gnu-tools-for-stm32.12.3.rel1.win32_1.0.200.202406191623/tools/bin/../lib/gcc/arm-none-eabi/12.3.1/../../../../arm-none-eabi/lib/thumb/v7e-m+fp/hard\libc_nano.a(libc_a-mprec.o)
                0x0800cd40                __d2b
 .text.__ratio  0x0800cdf0       0x64 C:/ST/STM32CubeIDE_1.16.0/STM32CubeIDE/plugins/com.st.stm32cube.ide.mcu.externaltools.gnu-tools-for-stm32.12.3.rel1.win32_1.0.200.202406191623/tools/bin/../lib/gcc/arm-none-eabi/12.3.1/../../../../arm-none-eabi/lib/thumb/v7e-m+fp/hard\libc_nano.a(libc_a-mprec.o)
                0x0800cdf0                __ratio
 .text.__copybits
                0x0800ce54       0x46 C:/ST/STM32CubeIDE_1.16.0/STM32CubeIDE/plugins/com.st.stm32cube.ide.mcu.externaltools.gnu-tools-for-stm32.12.3.rel1.win32_1.0.200.202406191623/tools/bin/../lib/gcc/arm-none-eabi/12.3.1/../../../../arm-none-eabi/lib/thumb/v7e-m+fp/hard\libc_nano.a(libc_a-mprec.o)
                0x0800ce54                __copybits
 .text.__any_on
                0x0800ce9a       0x42 C:/ST/STM32CubeIDE_1.16.0/STM32CubeIDE/plugins/com.st.stm32cube.ide.mcu.externaltools.gnu-tools-for-stm32.12.3.rel1.win32_1.0.200.202406191623/tools/bin/../lib/gcc/arm-none-eabi/12.3.1/../../../../arm-none-eabi/lib/thumb/v7e-m+fp/hard\libc_nano.a(libc_a-mprec.o)
                0x0800ce9a                __any_on
 .text.sulp     0x0800cedc       0x3c C:/ST/STM32CubeIDE_1.16.0/STM32CubeIDE/plugins/com.st.stm32cube.ide.mcu.externaltools.gnu-tools-for-stm32.12.3.rel1.win32_1.0.200.202406191623/tools/bin/../lib/gcc/arm-none-eabi/12.3.1/../../../../arm-none-eabi/lib/thumb/v7e-m+fp/hard\libc_nano.a(libc_a-strtod.o)
 .text._strtod_l
                0x0800cf18      0xbc8 C:/ST/STM32CubeIDE_1.16.0/STM32CubeIDE/plugins/com.st.stm32cube.ide.mcu.externaltools.gnu-tools-for-stm32.12.3.rel1.win32_1.0.200.202406191623/tools/bin/../lib/gcc/arm-none-eabi/12.3.1/../../../../arm-none-eabi/lib/thumb/v7e-m+fp/hard\libc_nano.a(libc_a-strtod.o)
                0x0800cf18                _strtod_l
 .text._strtod_r
                0x0800dae0        0xc C:/ST/STM32CubeIDE_1.16.0/STM32CubeIDE/plugins/com.st.stm32cube.ide.mcu.externaltools.gnu-tools-for-stm32.12.3.rel1.win32_1.0.200.202406191623/tools/bin/../lib/gcc/arm-none-eabi/12.3.1/../../../../arm-none-eabi/lib/thumb/v7e-m+fp/hard\libc_nano.a(libc_a-strtod.o)
                0x0800dae0                _strtod_r
 .text._strtol_l.constprop.0
                0x0800daec       0xf4 C:/ST/STM32CubeIDE_1.16.0/STM32CubeIDE/plugins/com.st.stm32cube.ide.mcu.externaltools.gnu-tools-for-stm32.12.3.rel1.win32_1.0.200.202406191623/tools/bin/../lib/gcc/arm-none-eabi/12.3.1/../../../../arm-none-eabi/lib/thumb/v7e-m+fp/hard\libc_nano.a(libc_a-strtol.o)
 .text._strtol_r
                0x0800dbe0        0x4 C:/ST/STM32CubeIDE_1.16.0/STM32CubeIDE/plugins/com.st.stm32cube.ide.mcu.externaltools.gnu-tools-for-stm32.12.3.rel1.win32_1.0.200.202406191623/tools/bin/../lib/gcc/arm-none-eabi/12.3.1/../../../../arm-none-eabi/lib/thumb/v7e-m+fp/hard\libc_nano.a(libc_a-strtol.o)
                0x0800dbe0                _strtol_r
 .text.__ssputs_r
                0x0800dbe4       0xb6 C:/ST/STM32CubeIDE_1.16.0/STM32CubeIDE/plugins/com.st.stm32cube.ide.mcu.externaltools.gnu-tools-for-stm32.12.3.rel1.win32_1.0.200.202406191623/tools/bin/../lib/gcc/arm-none-eabi/12.3.1/../../../../arm-none-eabi/lib/thumb/v7e-m+fp/hard\libc_nano.a(libc_a-nano-svfprintf.o)
                0x0800dbe4                __ssputs_r
 *fill*         0x0800dc9a        0x2 
 .text._svfprintf_r
                0x0800dc9c      0x1f8 C:/ST/STM32CubeIDE_1.16.0/STM32CubeIDE/plugins/com.st.stm32cube.ide.mcu.externaltools.gnu-tools-for-stm32.12.3.rel1.win32_1.0.200.202406191623/tools/bin/../lib/gcc/arm-none-eabi/12.3.1/../../../../arm-none-eabi/lib/thumb/v7e-m+fp/hard\libc_nano.a(libc_a-nano-svfprintf.o)
                0x0800dc9c                _svfiprintf_r
                0x0800dc9c                _svfprintf_r
 .text.__sflush_r
                0x0800de94      0x108 C:/ST/STM32CubeIDE_1.16.0/STM32CubeIDE/plugins/com.st.stm32cube.ide.mcu.externaltools.gnu-tools-for-stm32.12.3.rel1.win32_1.0.200.202406191623/tools/bin/../lib/gcc/arm-none-eabi/12.3.1/../../../../arm-none-eabi/lib/thumb/v7e-m+fp/hard\libc_nano.a(libc_a-fflush.o)
                0x0800de94                __sflush_r
 .text._fflush_r
                0x0800df9c       0x50 C:/ST/STM32CubeIDE_1.16.0/STM32CubeIDE/plugins/com.st.stm32cube.ide.mcu.externaltools.gnu-tools-for-stm32.12.3.rel1.win32_1.0.200.202406191623/tools/bin/../lib/gcc/arm-none-eabi/12.3.1/../../../../arm-none-eabi/lib/thumb/v7e-m+fp/hard\libc_nano.a(libc_a-fflush.o)
                0x0800df9c                _fflush_r
 .text.memmove  0x0800dfec       0x34 C:/ST/STM32CubeIDE_1.16.0/STM32CubeIDE/plugins/com.st.stm32cube.ide.mcu.externaltools.gnu-tools-for-stm32.12.3.rel1.win32_1.0.200.202406191623/tools/bin/../lib/gcc/arm-none-eabi/12.3.1/../../../../arm-none-eabi/lib/thumb/v7e-m+fp/hard\libc_nano.a(libc_a-memmove.o)
                0x0800dfec                memmove
 .text.strncmp  0x0800e020       0x24 C:/ST/STM32CubeIDE_1.16.0/STM32CubeIDE/plugins/com.st.stm32cube.ide.mcu.externaltools.gnu-tools-for-stm32.12.3.rel1.win32_1.0.200.202406191623/tools/bin/../lib/gcc/arm-none-eabi/12.3.1/../../../../arm-none-eabi/lib/thumb/v7e-m+fp/hard\libc_nano.a(libc_a-strncmp.o)
                0x0800e020                strncmp
 .text._sbrk_r  0x0800e044       0x20 C:/ST/STM32CubeIDE_1.16.0/STM32CubeIDE/plugins/com.st.stm32cube.ide.mcu.externaltools.gnu-tools-for-stm32.12.3.rel1.win32_1.0.200.202406191623/tools/bin/../lib/gcc/arm-none-eabi/12.3.1/../../../../arm-none-eabi/lib/thumb/v7e-m+fp/hard\libc_nano.a(libc_a-sbrkr.o)
                0x0800e044                _sbrk_r
 .text.memcpy   0x0800e064       0x1c C:/ST/STM32CubeIDE_1.16.0/STM32CubeIDE/plugins/com.st.stm32cube.ide.mcu.externaltools.gnu-tools-for-stm32.12.3.rel1.win32_1.0.200.202406191623/tools/bin/../lib/gcc/arm-none-eabi/12.3.1/../../../../arm-none-eabi/lib/thumb/v7e-m+fp/hard\libc_nano.a(libc_a-memcpy-stub.o)
                0x0800e064                memcpy
 .text.nan      0x0800e080       0x10 C:/ST/STM32CubeIDE_1.16.0/STM32CubeIDE/plugins/com.st.stm32cube.ide.mcu.externaltools.gnu-tools-for-stm32.12.3.rel1.win32_1.0.200.202406191623/tools/bin/../lib/gcc/arm-none-eabi/12.3.1/../../../../arm-none-eabi/lib/thumb/v7e-m+fp/hard\libc_nano.a(libm_a-s_nan.o)
                0x0800e080                nan
 .text.__assert_func
                0x0800e090       0x3c C:/ST/STM32CubeIDE_1.16.0/STM32CubeIDE/plugins/com.st.stm32cube.ide.mcu.externaltools.gnu-tools-for-stm32.12.3.rel1.win32_1.0.200.202406191623/tools/bin/../lib/gcc/arm-none-eabi/12.3.1/../../../../arm-none-eabi/lib/thumb/v7e-m+fp/hard\libc_nano.a(libc_a-assert.o)
                0x0800e090                __assert_func
 .text._calloc_r
                0x0800e0cc       0x28 C:/ST/STM32CubeIDE_1.16.0/STM32CubeIDE/plugins/com.st.stm32cube.ide.mcu.externaltools.gnu-tools-for-stm32.12.3.rel1.win32_1.0.200.202406191623/tools/bin/../lib/gcc/arm-none-eabi/12.3.1/../../../../arm-none-eabi/lib/thumb/v7e-m+fp/hard\libc_nano.a(libc_a-callocr.o)
                0x0800e0cc                _calloc_r
 .text.rshift   0x0800e0f4       0xa4 C:/ST/STM32CubeIDE_1.16.0/STM32CubeIDE/plugins/com.st.stm32cube.ide.mcu.externaltools.gnu-tools-for-stm32.12.3.rel1.win32_1.0.200.202406191623/tools/bin/../lib/gcc/arm-none-eabi/12.3.1/../../../../arm-none-eabi/lib/thumb/v7e-m+fp/hard\libc_nano.a(libc_a-gdtoa-gethex.o)
 .text.__hexdig_fun
                0x0800e198       0x2a C:/ST/STM32CubeIDE_1.16.0/STM32CubeIDE/plugins/com.st.stm32cube.ide.mcu.externaltools.gnu-tools-for-stm32.12.3.rel1.win32_1.0.200.202406191623/tools/bin/../lib/gcc/arm-none-eabi/12.3.1/../../../../arm-none-eabi/lib/thumb/v7e-m+fp/hard\libc_nano.a(libc_a-gdtoa-gethex.o)
                0x0800e198                __hexdig_fun
 *fill*         0x0800e1c2        0x2 
 .text.__gethex
                0x0800e1c4      0x420 C:/ST/STM32CubeIDE_1.16.0/STM32CubeIDE/plugins/com.st.stm32cube.ide.mcu.externaltools.gnu-tools-for-stm32.12.3.rel1.win32_1.0.200.202406191623/tools/bin/../lib/gcc/arm-none-eabi/12.3.1/../../../../arm-none-eabi/lib/thumb/v7e-m+fp/hard\libc_nano.a(libc_a-gdtoa-gethex.o)
                0x0800e1c4                __gethex
 .text.L_shift  0x0800e5e4       0x24 C:/ST/STM32CubeIDE_1.16.0/STM32CubeIDE/plugins/com.st.stm32cube.ide.mcu.externaltools.gnu-tools-for-stm32.12.3.rel1.win32_1.0.200.202406191623/tools/bin/../lib/gcc/arm-none-eabi/12.3.1/../../../../arm-none-eabi/lib/thumb/v7e-m+fp/hard\libc_nano.a(libc_a-gdtoa-hexnan.o)
 .text.__match  0x0800e608       0x28 C:/ST/STM32CubeIDE_1.16.0/STM32CubeIDE/plugins/com.st.stm32cube.ide.mcu.externaltools.gnu-tools-for-stm32.12.3.rel1.win32_1.0.200.202406191623/tools/bin/../lib/gcc/arm-none-eabi/12.3.1/../../../../arm-none-eabi/lib/thumb/v7e-m+fp/hard\libc_nano.a(libc_a-gdtoa-hexnan.o)
                0x0800e608                __match
 .text.__hexnan
                0x0800e630      0x136 C:/ST/STM32CubeIDE_1.16.0/STM32CubeIDE/plugins/com.st.stm32cube.ide.mcu.externaltools.gnu-tools-for-stm32.12.3.rel1.win32_1.0.200.202406191623/tools/bin/../lib/gcc/arm-none-eabi/12.3.1/../../../../arm-none-eabi/lib/thumb/v7e-m+fp/hard\libc_nano.a(libc_a-gdtoa-hexnan.o)
                0x0800e630                __hexnan
 .text.__ascii_mbtowc
                0x0800e766       0x24 C:/ST/STM32CubeIDE_1.16.0/STM32CubeIDE/plugins/com.st.stm32cube.ide.mcu.externaltools.gnu-tools-for-stm32.12.3.rel1.win32_1.0.200.202406191623/tools/bin/../lib/gcc/arm-none-eabi/12.3.1/../../../../arm-none-eabi/lib/thumb/v7e-m+fp/hard\libc_nano.a(libc_a-mbtowc_r.o)
                0x0800e766                __ascii_mbtowc
 .text._realloc_r
                0x0800e78a       0x5c C:/ST/STM32CubeIDE_1.16.0/STM32CubeIDE/plugins/com.st.stm32cube.ide.mcu.externaltools.gnu-tools-for-stm32.12.3.rel1.win32_1.0.200.202406191623/tools/bin/../lib/gcc/arm-none-eabi/12.3.1/../../../../arm-none-eabi/lib/thumb/v7e-m+fp/hard\libc_nano.a(libc_a-reallocr.o)
                0x0800e78a                _realloc_r
 .text.__ascii_wctomb
                0x0800e7e6       0x1a C:/ST/STM32CubeIDE_1.16.0/STM32CubeIDE/plugins/com.st.stm32cube.ide.mcu.externaltools.gnu-tools-for-stm32.12.3.rel1.win32_1.0.200.202406191623/tools/bin/../lib/gcc/arm-none-eabi/12.3.1/../../../../arm-none-eabi/lib/thumb/v7e-m+fp/hard\libc_nano.a(libc_a-wctomb_r.o)
                0x0800e7e6                __ascii_wctomb
 .text.fprintf  0x0800e800       0x24 C:/ST/STM32CubeIDE_1.16.0/STM32CubeIDE/plugins/com.st.stm32cube.ide.mcu.externaltools.gnu-tools-for-stm32.12.3.rel1.win32_1.0.200.202406191623/tools/bin/../lib/gcc/arm-none-eabi/12.3.1/../../../../arm-none-eabi/lib/thumb/v7e-m+fp/hard\libc_nano.a(libc_a-fprintf.o)
                0x0800e800                fiprintf
                0x0800e800                fprintf
 .text.abort    0x0800e824        0xe C:/ST/STM32CubeIDE_1.16.0/STM32CubeIDE/plugins/com.st.stm32cube.ide.mcu.externaltools.gnu-tools-for-stm32.12.3.rel1.win32_1.0.200.202406191623/tools/bin/../lib/gcc/arm-none-eabi/12.3.1/../../../../arm-none-eabi/lib/thumb/v7e-m+fp/hard\libc_nano.a(libc_a-abort.o)
                0x0800e824                abort
 .text._malloc_usable_size_r
                0x0800e832       0x10 C:/ST/STM32CubeIDE_1.16.0/STM32CubeIDE/plugins/com.st.stm32cube.ide.mcu.externaltools.gnu-tools-for-stm32.12.3.rel1.win32_1.0.200.202406191623/tools/bin/../lib/gcc/arm-none-eabi/12.3.1/../../../../arm-none-eabi/lib/thumb/v7e-m+fp/hard\libc_nano.a(libc_a-msizer.o)
                0x0800e832                _malloc_usable_size_r
 .text.__sfputc_r
                0x0800e842       0x2e C:/ST/STM32CubeIDE_1.16.0/STM32CubeIDE/plugins/com.st.stm32cube.ide.mcu.externaltools.gnu-tools-for-stm32.12.3.rel1.win32_1.0.200.202406191623/tools/bin/../lib/gcc/arm-none-eabi/12.3.1/../../../../arm-none-eabi/lib/thumb/v7e-m+fp/hard\libc_nano.a(libc_a-nano-vfprintf.o)
 .text.__sfputs_r
                0x0800e870       0x24 C:/ST/STM32CubeIDE_1.16.0/STM32CubeIDE/plugins/com.st.stm32cube.ide.mcu.externaltools.gnu-tools-for-stm32.12.3.rel1.win32_1.0.200.202406191623/tools/bin/../lib/gcc/arm-none-eabi/12.3.1/../../../../arm-none-eabi/lib/thumb/v7e-m+fp/hard\libc_nano.a(libc_a-nano-vfprintf.o)
                0x0800e870                __sfputs_r
 .text._vfprintf_r
                0x0800e894      0x230 C:/ST/STM32CubeIDE_1.16.0/STM32CubeIDE/plugins/com.st.stm32cube.ide.mcu.externaltools.gnu-tools-for-stm32.12.3.rel1.win32_1.0.200.202406191623/tools/bin/../lib/gcc/arm-none-eabi/12.3.1/../../../../arm-none-eabi/lib/thumb/v7e-m+fp/hard\libc_nano.a(libc_a-nano-vfprintf.o)
                0x0800e894                _vfprintf_r
                0x0800e894                _vfiprintf_r
 .text.__swbuf_r
                0x0800eac4       0x7c C:/ST/STM32CubeIDE_1.16.0/STM32CubeIDE/plugins/com.st.stm32cube.ide.mcu.externaltools.gnu-tools-for-stm32.12.3.rel1.win32_1.0.200.202406191623/tools/bin/../lib/gcc/arm-none-eabi/12.3.1/../../../../arm-none-eabi/lib/thumb/v7e-m+fp/hard\libc_nano.a(libc_a-wbuf.o)
                0x0800eac4                __swbuf_r
 .text.__swsetup_r
                0x0800eb40       0xac C:/ST/STM32CubeIDE_1.16.0/STM32CubeIDE/plugins/com.st.stm32cube.ide.mcu.externaltools.gnu-tools-for-stm32.12.3.rel1.win32_1.0.200.202406191623/tools/bin/../lib/gcc/arm-none-eabi/12.3.1/../../../../arm-none-eabi/lib/thumb/v7e-m+fp/hard\libc_nano.a(libc_a-wsetup.o)
                0x0800eb40                __swsetup_r
 .text._raise_r
                0x0800ebec       0x50 C:/ST/STM32CubeIDE_1.16.0/STM32CubeIDE/plugins/com.st.stm32cube.ide.mcu.externaltools.gnu-tools-for-stm32.12.3.rel1.win32_1.0.200.202406191623/tools/bin/../lib/gcc/arm-none-eabi/12.3.1/../../../../arm-none-eabi/lib/thumb/v7e-m+fp/hard\libc_nano.a(libc_a-signal.o)
                0x0800ebec                _raise_r
 .text.raise    0x0800ec3c       0x10 C:/ST/STM32CubeIDE_1.16.0/STM32CubeIDE/plugins/com.st.stm32cube.ide.mcu.externaltools.gnu-tools-for-stm32.12.3.rel1.win32_1.0.200.202406191623/tools/bin/../lib/gcc/arm-none-eabi/12.3.1/../../../../arm-none-eabi/lib/thumb/v7e-m+fp/hard\libc_nano.a(libc_a-signal.o)
                0x0800ec3c                raise
 .text._kill_r  0x0800ec4c       0x24 C:/ST/STM32CubeIDE_1.16.0/STM32CubeIDE/plugins/com.st.stm32cube.ide.mcu.externaltools.gnu-tools-for-stm32.12.3.rel1.win32_1.0.200.202406191623/tools/bin/../lib/gcc/arm-none-eabi/12.3.1/../../../../arm-none-eabi/lib/thumb/v7e-m+fp/hard\libc_nano.a(libc_a-signalr.o)
                0x0800ec4c                _kill_r
 .text._getpid_r
                0x0800ec70        0x4 C:/ST/STM32CubeIDE_1.16.0/STM32CubeIDE/plugins/com.st.stm32cube.ide.mcu.externaltools.gnu-tools-for-stm32.12.3.rel1.win32_1.0.200.202406191623/tools/bin/../lib/gcc/arm-none-eabi/12.3.1/../../../../arm-none-eabi/lib/thumb/v7e-m+fp/hard\libc_nano.a(libc_a-signalr.o)
                0x0800ec70                _getpid_r
 .text.__swhatbuf_r
                0x0800ec74       0x4c C:/ST/STM32CubeIDE_1.16.0/STM32CubeIDE/plugins/com.st.stm32cube.ide.mcu.externaltools.gnu-tools-for-stm32.12.3.rel1.win32_1.0.200.202406191623/tools/bin/../lib/gcc/arm-none-eabi/12.3.1/../../../../arm-none-eabi/lib/thumb/v7e-m+fp/hard\libc_nano.a(libc_a-makebuf.o)
                0x0800ec74                __swhatbuf_r
 .text.__smakebuf_r